
> student-management-frontend@1.17.2 pretest
> node ../tools/enforce-vitest-policy.cjs


> student-management-frontend@1.17.2 test
> vitest AdvancedFilters


[1m[44m DEV [49m[22m [34mv4.0.16 [39m[90mD:/SMS/student-management-system/frontend[39m

[90mstdout[2m | src/components/__tests__/AdvancedFilters.test.tsx
[22m[39m[i18n] Initialized with English
[i18n] Found search translation keys: [ [32m'0'[39m, [32m'1'[39m, [32m'2'[39m, [32m'3'[39m, [32m'4'[39m, [32m'5'[39m ]

 [31m❯[39m src/components/__tests__/AdvancedFilters.test.tsx [2m([22m[2m41 tests[22m[2m | [22m[31m31 failed[39m[2m)[22m[33m 1501[2mms[22m[39m
       [32m✓[39m should render filter panel when open[32m 100[2mms[22m[39m
[31m       [31m×[31m should hide filter panel when closed[39m[32m 6[2mms[22m[39m
[31m       [31m×[31m should render toggle button[39m[32m 202[2mms[22m[39m
       [32m✓[39m should apply custom className[32m 6[2mms[22m[39m
[31m       [31m×[31m should render student filter fields[39m[32m 5[2mms[22m[39m
[31m       [31m×[31m should render student filter presets[39m[32m 6[2mms[22m[39m
[31m       [31m×[31m should allow entering first name[39m[32m 5[2mms[22m[39m
       [32m✓[39m should allow entering email[32m 273[2mms[22m[39m
[31m       [31m×[31m should render course filter fields[39m[32m 5[2mms[22m[39m
[31m       [31m×[31m should render course filter presets[39m[32m 5[2mms[22m[39m
[31m       [31m×[31m should render credits filter[39m[32m 5[2mms[22m[39m
[31m       [31m×[31m should render grade filter fields[39m[32m 5[2mms[22m[39m
[31m       [31m×[31m should render grade filter presets[39m[32m 5[2mms[22m[39m
[31m       [31m×[31m should allow entering min grade[39m[32m 4[2mms[22m[39m
[31m       [31m×[31m should allow entering max grade[39m[32m 5[2mms[22m[39m
[31m       [31m×[31m should apply preset when clicked[39m[32m 6[2mms[22m[39m
[31m       [31m×[31m should populate fields when preset selected[39m[32m 4[2mms[22m[39m
       [32m✓[39m should show preset buttons in visual group[32m 3[2mms[22m[39m
       [32m✓[39m should have distinct presets per search type[32m 8[2mms[22m[39m
[31m       [31m×[31m should render Apply button[39m[32m 153[2mms[22m[39m
[31m       [31m×[31m should render Reset button[39m[32m 121[2mms[22m[39m
[31m       [31m×[31m should call onApply when Apply clicked[39m[32m 120[2mms[22m[39m
[31m       [31m×[31m should call onReset when Reset clicked[39m[32m 121[2mms[22m[39m
[31m       [31m×[31m should clear all fields when Reset clicked[39m[32m 4[2mms[22m[39m
[31m       [31m×[31m should call onToggle when toggle clicked[39m[32m 116[2mms[22m[39m
       [32m✓[39m should show collapse/expand icon[32m 4[2mms[22m[39m
[31m       [31m×[31m should have aria-expanded attribute[39m[32m 112[2mms[22m[39m
[31m       [31m×[31m should maintain field values[39m[32m 4[2mms[22m[39m
[31m       [31m×[31m should handle multiple field entries[39m[32m 3[2mms[22m[39m
[31m       [31m×[31m should validate numeric input for grade ranges[39m[32m 4[2mms[22m[39m
[31m       [31m×[31m should handle grade range validation (min <= max)[39m[32m 3[2mms[22m[39m
[31m       [31m×[31m should have proper labels for inputs[39m[32m 4[2mms[22m[39m
[31m       [31m×[31m should be keyboard navigable[39m[32m 39[2mms[22m[39m
       [32m✓[39m should have role="region" for filter panel[32m 8[2mms[22m[39m
       [32m✓[39m should announce filter type[32m 7[2mms[22m[39m
       [32m✓[39m should render in mobile layout[32m 3[2mms[22m[39m
       [32m✓[39m should stack fields vertically on mobile[32m 2[2mms[22m[39m
[31m       [31m×[31m should show student-specific filters for students[39m[32m 3[2mms[22m[39m
[31m       [31m×[31m should show course-specific filters for courses[39m[32m 3[2mms[22m[39m
[31m       [31m×[31m should show grade-specific filters for grades[39m[32m 5[2mms[22m[39m
[31m       [31m×[31m should switch filters when search type changes[39m[32m 3[2mms[22m[39m

⎯⎯⎯⎯⎯⎯ Failed Tests 31 ⎯⎯⎯⎯⎯⎯⎯

 FAIL  src/components/__tests__/AdvancedFilters.test.tsx > AdvancedFilters Component > Rendering > should hide filter panel when closed
Error: expect(received).toBeInTheDocument()

received value must be an HTMLElement or an SVGElement.
Received has type:  Null
Received has value: null
 ❯ src/components/__tests__/AdvancedFilters.test.tsx:55:21
     53| 
     54|       const panel = container.querySelector('[data-open="false"]');
     55|       expect(panel).toBeInTheDocument();
       |                     ^
     56|       expect(screen.queryByRole('region')).not.toBeInTheDocument();
     57|     });

⎯⎯⎯⎯⎯⎯⎯⎯⎯⎯⎯⎯⎯⎯⎯⎯⎯⎯⎯⎯⎯⎯⎯[1/31]⎯

 FAIL  src/components/__tests__/AdvancedFilters.test.tsx > AdvancedFilters Component > Rendering > should render toggle button
TestingLibraryElementError: Unable to find an accessible element with the role "button" and name `/advanced filters/i`

Here are the accessible roles:

  button:

  Name "search.advanced.title":
  <button
    aria-expanded="true"
    aria-label="search.advanced.title"
    class="filter-toggle open"
  />

  Name "Close":
  <button
    aria-label="Close"
    class="close-button"
  />

  Name "search.presets.activeStudents":
  <button
    class="preset-button"
  />

  Name "search.presets.recentEnrollments":
  <button
    class="preset-button"
  />

  Name "search.advanced.apply":
  <button
    class="apply-button"
    disabled=""
  />

  Name "search.advanced.reset":
  <button
    class="reset-button"
  />

  --------------------------------------------------
  region:

  Name "search.advanced.title":
  <div
    aria-label="search.advanced.title"
    class="filter-panel"
    data-open="true"
    role="region"
  />

  --------------------------------------------------
  heading:

  Name "search.filters.title":
  <h3 />

  Name "search.presets.title":
  <h4 />

  Name "search.filters.custom":
  <h4 />

  --------------------------------------------------
  textbox:

  Name "":
  <input
    placeholder="search.fields.firstName"
    type="text"
    value=""
  />

  Name "":
  <input
    placeholder="search.fields.lastName"
    type="text"
    value=""
  />

  Name "":
  <input
    placeholder="search.fields.email"
    type="email"
    value=""
  />

  --------------------------------------------------
  spinbutton:

  Name "":
  <input
    placeholder="2026"
    type="number"
    value=""
  />

  --------------------------------------------------

Ignored nodes: comments, script, style
<body>
  <div>
    <div
      class="advanced-filters "
    >
      <button
        aria-expanded="true"
        aria-label="search.advanced.title"
        class="filter-toggle open"
      >
        <svg
          aria-hidden="true"
          class="toggle-icon"
          data-slot="icon"
          fill="none"
          role="img"
          stroke="currentColor"
          stroke-width="1.5"
          viewBox="0 0 24 24"
          xmlns="http://www.w3.org/2000/svg"
        >
          <path
            d="M12 3c2.755 0 5.455.232 8.083.678.533.09.917.556.917 1.096v1.044a2.25 2.25 0 0 1-.659 1.591l-5.432 5.432a2.25 2.25 0 0 0-.659 1.591v2.927a2.25 2.25 0 0 1-1.244 2.013L9.75 21v-6.568a2.25 2.25 0 0 0-.659-1.591L3.659 7.409A2.25 2.25 0 0 1 3 5.818V4.774c0-.54.384-1.006.917-1.096A48.32 48.32 0 0 1 12 3Z"
            stroke-linecap="round"
            stroke-linejoin="round"
          />
        </svg>
        search.advanced.title
      </button>
      <div
        aria-label="search.advanced.title"
        class="filter-panel"
        data-open="true"
        role="region"
      >
        <div
          class="filter-header"
        >
          <h3>
            search.filters.title
          </h3>
          <button
            aria-label="Close"
            class="close-button"
          >
            <svg
              aria-hidden="true"
              class="close-icon"
              data-slot="icon"
              fill="none"
              role="img"
              stroke="currentColor"
              stroke-width="1.5"
              viewBox="0 0 24 24"
              xmlns="http://www.w3.org/2000/svg"
            >
              <path
                d="M6 18 18 6M6 6l12 12"
                stroke-linecap="round"
                stroke-linejoin="round"
              />
            </svg>
          </button>
        </div>
        <div
          class="filter-section"
        >
          <h4>
            search.presets.title
          </h4>
          <div
            class="presets-list"
            data-presets="true"
          >
            <button
              class="preset-button"
            >
              search.presets.activeStudents
            </button>
            <button
              class="preset-button"
            >
              search.presets.recentEnrollments
            </button>
          </div>
        </div>
        <div
          class="filter-section"
        >
          <h4>
            search.filters.custom
          </h4>
          <div
            class="filters-grid"
          >
            <div
              class="filter-group"
            >
              <label>
                search.fields.firstName
              </label>
              <input
                placeholder="search.fields.firstName"
                type="text"
                value=""
              />
            </div>
            <div
              class="filter-group"
            >
              <label>
                search.fields.lastName
              </label>
              <input
                placeholder="search.fields.lastName"
                type="text"
                value=""
              />
            </div>
            <div
              class="filter-group"
            >
              <label>
                search.fields.email
              </label>
              <input
                placeholder="search.fields.email"
                type="email"
                value=""
              />
            </div>
            <div
              class="filter-group"
            >
              <label>
                search.fields.academicYear
              </label>
              <input
                placeholder="2026"
                type="number"
                value=""
              />
            </div>
          </div>
        </div>
        <div
          class="filter-actions"
        >
          <button
            class="apply-button"
            disabled=""
          >
            search.advanced.apply
          </button>
          <button
            class="reset-button"
          >
            <svg
              aria-hidden="true"
              class="reset-icon"
              data-slot="icon"
              fill="none"
              role="img"
              stroke="currentColor"
              stroke-width="1.5"
              viewBox="0 0 24 24"
              xmlns="http://www.w3.org/2000/svg"
            >
              <path
                d="M16.023 9.348h4.992v-.001M2.985 19.644v-4.992m0 0h4.992m-4.993 0 3.181 3.183a8.25 8.25 0 0 0 13.803-3.7M4.031 9.865a8.25 8.25 0 0 1 13.803-3.7l3.181 3.182m0-4.991v4.99"
                stroke-linecap="round"
                stroke-linejoin="round"
              />
            </svg>
            search.advanced.reset
          </button>
        </div>
      </div>
    </div>
  </div>
</body>
 ❯ Object.getElementError node_modules/@testing-library/dom/dist/config.js:37:19
 ❯ node_modules/@testing-library/dom/dist/query-helpers.js:76:38
 ❯ node_modules/@testing-library/dom/dist/query-helpers.js:52:17
 ❯ node_modules/@testing-library/dom/dist/query-helpers.js:95:19
 ❯ src/components/__tests__/AdvancedFilters.test.tsx:62:35
     60|       renderAdvancedFilters();
     61| 
     62|       const toggleButton = screen.getByRole('button', {
       |                                   ^
     63|         name: /advanced filters/i
     64|       });

⎯⎯⎯⎯⎯⎯⎯⎯⎯⎯⎯⎯⎯⎯⎯⎯⎯⎯⎯⎯⎯⎯⎯[2/31]⎯

 FAIL  src/components/__tests__/AdvancedFilters.test.tsx > AdvancedFilters Component > Student Filters > should render student filter fields
TestingLibraryElementError: Unable to find an element with the placeholder text of: /first name|first_name/i

Ignored nodes: comments, script, style
<body>
  <div>
    <div
      class="advanced-filters "
    >
      <button
        aria-expanded="true"
        aria-label="search.advanced.title"
        class="filter-toggle open"
      >
        <svg
          aria-hidden="true"
          class="toggle-icon"
          data-slot="icon"
          fill="none"
          role="img"
          stroke="currentColor"
          stroke-width="1.5"
          viewBox="0 0 24 24"
          xmlns="http://www.w3.org/2000/svg"
        >
          <path
            d="M12 3c2.755 0 5.455.232 8.083.678.533.09.917.556.917 1.096v1.044a2.25 2.25 0 0 1-.659 1.591l-5.432 5.432a2.25 2.25 0 0 0-.659 1.591v2.927a2.25 2.25 0 0 1-1.244 2.013L9.75 21v-6.568a2.25 2.25 0 0 0-.659-1.591L3.659 7.409A2.25 2.25 0 0 1 3 5.818V4.774c0-.54.384-1.006.917-1.096A48.32 48.32 0 0 1 12 3Z"
            stroke-linecap="round"
            stroke-linejoin="round"
          />
        </svg>
        search.advanced.title
      </button>
      <div
        aria-label="search.advanced.title"
        class="filter-panel"
        data-open="true"
        role="region"
      >
        <div
          class="filter-header"
        >
          <h3>
            search.filters.title
          </h3>
          <button
            aria-label="Close"
            class="close-button"
          >
            <svg
              aria-hidden="true"
              class="close-icon"
              data-slot="icon"
              fill="none"
              role="img"
              stroke="currentColor"
              stroke-width="1.5"
              viewBox="0 0 24 24"
              xmlns="http://www.w3.org/2000/svg"
            >
              <path
                d="M6 18 18 6M6 6l12 12"
                stroke-linecap="round"
                stroke-linejoin="round"
              />
            </svg>
          </button>
        </div>
        <div
          class="filter-section"
        >
          <h4>
            search.presets.title
          </h4>
          <div
            class="presets-list"
            data-presets="true"
          >
            <button
              class="preset-button"
            >
              search.presets.activeStudents
            </button>
            <button
              class="preset-button"
            >
              search.presets.recentEnrollments
            </button>
          </div>
        </div>
        <div
          class="filter-section"
        >
          <h4>
            search.filters.custom
          </h4>
          <div
            class="filters-grid"
          >
            <div
              class="filter-group"
            >
              <label>
                search.fields.firstName
              </label>
              <input
                placeholder="search.fields.firstName"
                type="text"
                value=""
              />
            </div>
            <div
              class="filter-group"
            >
              <label>
                search.fields.lastName
              </label>
              <input
                placeholder="search.fields.lastName"
                type="text"
                value=""
              />
            </div>
            <div
              class="filter-group"
            >
              <label>
                search.fields.email
              </label>
              <input
                placeholder="search.fields.email"
                type="email"
                value=""
              />
            </div>
            <div
              class="filter-group"
            >
              <label>
                search.fields.academicYear
              </label>
              <input
                placeholder="2026"
                type="number"
                value=""
              />
            </div>
          </div>
        </div>
        <div
          class="filter-actions"
        >
          <button
            class="apply-button"
            disabled=""
          >
            search.advanced.apply
          </button>
          <button
            class="reset-button"
          >
            <svg
              aria-hidden="true"
              class="reset-icon"
              data-slot="icon"
              fill="none"
              role="img"
              stroke="currentColor"
              stroke-width="1.5"
              viewBox="0 0 24 24"
              xmlns="http://www.w3.org/2000/svg"
            >
              <path
                d="M16.023 9.348h4.992v-.001M2.985 19.644v-4.992m0 0h4.992m-4.993 0 3.181 3.183a8.25 8.25 0 0 0 13.803-3.7M4.031 9.865a8.25 8.25 0 0 1 13.803-3.7l3.181 3.182m0-4.991v4.99"
                stroke-linecap="round"
                stroke-linejoin="round"
              />
            </svg>
            search.advanced.reset
          </button>
        </div>
      </div>
    </div>
  </div>
</body>
 ❯ Object.getElementError node_modules/@testing-library/dom/dist/config.js:37:19
 ❯ node_modules/@testing-library/dom/dist/query-helpers.js:76:38
 ❯ node_modules/@testing-library/dom/dist/query-helpers.js:52:17
 ❯ node_modules/@testing-library/dom/dist/query-helpers.js:95:19
 ❯ src/components/__tests__/AdvancedFilters.test.tsx:84:16
     82| 
     83|       expect(
     84|         screen.getByPlaceholderText(/first name|first_name/i)
       |                ^
     85|       ).toBeInTheDocument();
     86|       expect(

⎯⎯⎯⎯⎯⎯⎯⎯⎯⎯⎯⎯⎯⎯⎯⎯⎯⎯⎯⎯⎯⎯⎯[3/31]⎯

 FAIL  src/components/__tests__/AdvancedFilters.test.tsx > AdvancedFilters Component > Student Filters > should render student filter presets
TestingLibraryElementError: Unable to find an element with the text: /active students/i. This could be because the text is broken up by multiple elements. In this case, you can provide a function for your text matcher to make your matcher more flexible.

Ignored nodes: comments, script, style
<body>
  <div>
    <div
      class="advanced-filters "
    >
      <button
        aria-expanded="true"
        aria-label="search.advanced.title"
        class="filter-toggle open"
      >
        <svg
          aria-hidden="true"
          class="toggle-icon"
          data-slot="icon"
          fill="none"
          role="img"
          stroke="currentColor"
          stroke-width="1.5"
          viewBox="0 0 24 24"
          xmlns="http://www.w3.org/2000/svg"
        >
          <path
            d="M12 3c2.755 0 5.455.232 8.083.678.533.09.917.556.917 1.096v1.044a2.25 2.25 0 0 1-.659 1.591l-5.432 5.432a2.25 2.25 0 0 0-.659 1.591v2.927a2.25 2.25 0 0 1-1.244 2.013L9.75 21v-6.568a2.25 2.25 0 0 0-.659-1.591L3.659 7.409A2.25 2.25 0 0 1 3 5.818V4.774c0-.54.384-1.006.917-1.096A48.32 48.32 0 0 1 12 3Z"
            stroke-linecap="round"
            stroke-linejoin="round"
          />
        </svg>
        search.advanced.title
      </button>
      <div
        aria-label="search.advanced.title"
        class="filter-panel"
        data-open="true"
        role="region"
      >
        <div
          class="filter-header"
        >
          <h3>
            search.filters.title
          </h3>
          <button
            aria-label="Close"
            class="close-button"
          >
            <svg
              aria-hidden="true"
              class="close-icon"
              data-slot="icon"
              fill="none"
              role="img"
              stroke="currentColor"
              stroke-width="1.5"
              viewBox="0 0 24 24"
              xmlns="http://www.w3.org/2000/svg"
            >
              <path
                d="M6 18 18 6M6 6l12 12"
                stroke-linecap="round"
                stroke-linejoin="round"
              />
            </svg>
          </button>
        </div>
        <div
          class="filter-section"
        >
          <h4>
            search.presets.title
          </h4>
          <div
            class="presets-list"
            data-presets="true"
          >
            <button
              class="preset-button"
            >
              search.presets.activeStudents
            </button>
            <button
              class="preset-button"
            >
              search.presets.recentEnrollments
            </button>
          </div>
        </div>
        <div
          class="filter-section"
        >
          <h4>
            search.filters.custom
          </h4>
          <div
            class="filters-grid"
          >
            <div
              class="filter-group"
            >
              <label>
                search.fields.firstName
              </label>
              <input
                placeholder="search.fields.firstName"
                type="text"
                value=""
              />
            </div>
            <div
              class="filter-group"
            >
              <label>
                search.fields.lastName
              </label>
              <input
                placeholder="search.fields.lastName"
                type="text"
                value=""
              />
            </div>
            <div
              class="filter-group"
            >
              <label>
                search.fields.email
              </label>
              <input
                placeholder="search.fields.email"
                type="email"
                value=""
              />
            </div>
            <div
              class="filter-group"
            >
              <label>
                search.fields.academicYear
              </label>
              <input
                placeholder="2026"
                type="number"
                value=""
              />
            </div>
          </div>
        </div>
        <div
          class="filter-actions"
        >
          <button
            class="apply-button"
            disabled=""
          >
            search.advanced.apply
          </button>
          <button
            class="reset-button"
          >
            <svg
              aria-hidden="true"
              class="reset-icon"
              data-slot="icon"
              fill="none"
              role="img"
              stroke="currentColor"
              stroke-width="1.5"
              viewBox="0 0 24 24"
              xmlns="http://www.w3.org/2000/svg"
            >
              <path
                d="M16.023 9.348h4.992v-.001M2.985 19.644v-4.992m0 0h4.992m-4.993 0 3.181 3.183a8.25 8.25 0 0 0 13.803-3.7M4.031 9.865a8.25 8.25 0 0 1 13.803-3.7l3.181 3.182m0-4.991v4.99"
                stroke-linecap="round"
                stroke-linejoin="round"
              />
            </svg>
            search.advanced.reset
          </button>
        </div>
      </div>
    </div>
  </div>
</body>
 ❯ Object.getElementError node_modules/@testing-library/dom/dist/config.js:37:19
 ❯ node_modules/@testing-library/dom/dist/query-helpers.js:76:38
 ❯ node_modules/@testing-library/dom/dist/query-helpers.js:52:17
 ❯ node_modules/@testing-library/dom/dist/query-helpers.js:95:19
 ❯ src/components/__tests__/AdvancedFilters.test.tsx:98:16
     96| 
     97|       expect(
     98|         screen.getByText(/active students/i)
       |                ^
     99|       ).toBeInTheDocument();
    100|       expect(

⎯⎯⎯⎯⎯⎯⎯⎯⎯⎯⎯⎯⎯⎯⎯⎯⎯⎯⎯⎯⎯⎯⎯[4/31]⎯

 FAIL  src/components/__tests__/AdvancedFilters.test.tsx > AdvancedFilters Component > Student Filters > should allow entering first name
TestingLibraryElementError: Unable to find an element with the placeholder text of: /first name|first_name/i

Ignored nodes: comments, script, style
<body>
  <div>
    <div
      class="advanced-filters "
    >
      <button
        aria-expanded="true"
        aria-label="search.advanced.title"
        class="filter-toggle open"
      >
        <svg
          aria-hidden="true"
          class="toggle-icon"
          data-slot="icon"
          fill="none"
          role="img"
          stroke="currentColor"
          stroke-width="1.5"
          viewBox="0 0 24 24"
          xmlns="http://www.w3.org/2000/svg"
        >
          <path
            d="M12 3c2.755 0 5.455.232 8.083.678.533.09.917.556.917 1.096v1.044a2.25 2.25 0 0 1-.659 1.591l-5.432 5.432a2.25 2.25 0 0 0-.659 1.591v2.927a2.25 2.25 0 0 1-1.244 2.013L9.75 21v-6.568a2.25 2.25 0 0 0-.659-1.591L3.659 7.409A2.25 2.25 0 0 1 3 5.818V4.774c0-.54.384-1.006.917-1.096A48.32 48.32 0 0 1 12 3Z"
            stroke-linecap="round"
            stroke-linejoin="round"
          />
        </svg>
        search.advanced.title
      </button>
      <div
        aria-label="search.advanced.title"
        class="filter-panel"
        data-open="true"
        role="region"
      >
        <div
          class="filter-header"
        >
          <h3>
            search.filters.title
          </h3>
          <button
            aria-label="Close"
            class="close-button"
          >
            <svg
              aria-hidden="true"
              class="close-icon"
              data-slot="icon"
              fill="none"
              role="img"
              stroke="currentColor"
              stroke-width="1.5"
              viewBox="0 0 24 24"
              xmlns="http://www.w3.org/2000/svg"
            >
              <path
                d="M6 18 18 6M6 6l12 12"
                stroke-linecap="round"
                stroke-linejoin="round"
              />
            </svg>
          </button>
        </div>
        <div
          class="filter-section"
        >
          <h4>
            search.presets.title
          </h4>
          <div
            class="presets-list"
            data-presets="true"
          >
            <button
              class="preset-button"
            >
              search.presets.activeStudents
            </button>
            <button
              class="preset-button"
            >
              search.presets.recentEnrollments
            </button>
          </div>
        </div>
        <div
          class="filter-section"
        >
          <h4>
            search.filters.custom
          </h4>
          <div
            class="filters-grid"
          >
            <div
              class="filter-group"
            >
              <label>
                search.fields.firstName
              </label>
              <input
                placeholder="search.fields.firstName"
                type="text"
                value=""
              />
            </div>
            <div
              class="filter-group"
            >
              <label>
                search.fields.lastName
              </label>
              <input
                placeholder="search.fields.lastName"
                type="text"
                value=""
              />
            </div>
            <div
              class="filter-group"
            >
              <label>
                search.fields.email
              </label>
              <input
                placeholder="search.fields.email"
                type="email"
                value=""
              />
            </div>
            <div
              class="filter-group"
            >
              <label>
                search.fields.academicYear
              </label>
              <input
                placeholder="2026"
                type="number"
                value=""
              />
            </div>
          </div>
        </div>
        <div
          class="filter-actions"
        >
          <button
            class="apply-button"
            disabled=""
          >
            search.advanced.apply
          </button>
          <button
            class="reset-button"
          >
            <svg
              aria-hidden="true"
              class="reset-icon"
              data-slot="icon"
              fill="none"
              role="img"
              stroke="currentColor"
              stroke-width="1.5"
              viewBox="0 0 24 24"
              xmlns="http://www.w3.org/2000/svg"
            >
              <path
                d="M16.023 9.348h4.992v-.001M2.985 19.644v-4.992m0 0h4.992m-4.993 0 3.181 3.183a8.25 8.25 0 0 0 13.803-3.7M4.031 9.865a8.25 8.25 0 0 1 13.803-3.7l3.181 3.182m0-4.991v4.99"
                stroke-linecap="round"
                stroke-linejoin="round"
              />
            </svg>
            search.advanced.reset
          </button>
        </div>
      </div>
    </div>
  </div>
</body>
 ❯ Object.getElementError node_modules/@testing-library/dom/dist/config.js:37:19
 ❯ node_modules/@testing-library/dom/dist/query-helpers.js:76:38
 ❯ node_modules/@testing-library/dom/dist/query-helpers.js:52:17
 ❯ node_modules/@testing-library/dom/dist/query-helpers.js:95:19
 ❯ src/components/__tests__/AdvancedFilters.test.tsx:109:28
    107|       renderAdvancedFilters({ searchType: 'students' });
    108| 
    109|       const input = screen.getByPlaceholderText(/first name|first_name…
       |                            ^
    110|       await user.type(input, 'John');
    111| 

⎯⎯⎯⎯⎯⎯⎯⎯⎯⎯⎯⎯⎯⎯⎯⎯⎯⎯⎯⎯⎯⎯⎯[5/31]⎯

 FAIL  src/components/__tests__/AdvancedFilters.test.tsx > AdvancedFilters Component > Course Filters > should render course filter fields
TestingLibraryElementError: Unable to find an element with the placeholder text of: /course name|course_name/i

Ignored nodes: comments, script, style
<body>
  <div>
    <div
      class="advanced-filters "
    >
      <button
        aria-expanded="true"
        aria-label="search.advanced.title"
        class="filter-toggle open"
      >
        <svg
          aria-hidden="true"
          class="toggle-icon"
          data-slot="icon"
          fill="none"
          role="img"
          stroke="currentColor"
          stroke-width="1.5"
          viewBox="0 0 24 24"
          xmlns="http://www.w3.org/2000/svg"
        >
          <path
            d="M12 3c2.755 0 5.455.232 8.083.678.533.09.917.556.917 1.096v1.044a2.25 2.25 0 0 1-.659 1.591l-5.432 5.432a2.25 2.25 0 0 0-.659 1.591v2.927a2.25 2.25 0 0 1-1.244 2.013L9.75 21v-6.568a2.25 2.25 0 0 0-.659-1.591L3.659 7.409A2.25 2.25 0 0 1 3 5.818V4.774c0-.54.384-1.006.917-1.096A48.32 48.32 0 0 1 12 3Z"
            stroke-linecap="round"
            stroke-linejoin="round"
          />
        </svg>
        search.advanced.title
      </button>
      <div
        aria-label="search.advanced.title"
        class="filter-panel"
        data-open="true"
        role="region"
      >
        <div
          class="filter-header"
        >
          <h3>
            search.filters.title
          </h3>
          <button
            aria-label="Close"
            class="close-button"
          >
            <svg
              aria-hidden="true"
              class="close-icon"
              data-slot="icon"
              fill="none"
              role="img"
              stroke="currentColor"
              stroke-width="1.5"
              viewBox="0 0 24 24"
              xmlns="http://www.w3.org/2000/svg"
            >
              <path
                d="M6 18 18 6M6 6l12 12"
                stroke-linecap="round"
                stroke-linejoin="round"
              />
            </svg>
          </button>
        </div>
        <div
          class="filter-section"
        >
          <h4>
            search.presets.title
          </h4>
          <div
            class="presets-list"
            data-presets="true"
          >
            <button
              class="preset-button"
            >
              search.presets.highCredit
            </button>
            <button
              class="preset-button"
            >
              search.presets.coreCourses
            </button>
          </div>
        </div>
        <div
          class="filter-section"
        >
          <h4>
            search.filters.custom
          </h4>
          <div
            class="filters-grid"
          >
            <div
              class="filter-group"
            >
              <label>
                search.fields.courseName
              </label>
              <input
                placeholder="search.fields.courseName"
                type="text"
                value=""
              />
            </div>
            <div
              class="filter-group"
            >
              <label>
                search.fields.courseCode
              </label>
              <input
                placeholder="search.fields.courseCode"
                type="text"
                value=""
              />
            </div>
            <div
              class="filter-group"
            >
              <label>
                search.fields.credits
              </label>
              <input
                max="10"
                min="0"
                placeholder="0-10"
                type="number"
                value=""
              />
            </div>
            <div
              class="filter-group"
            >
              <label>
                search.fields.academicYear
              </label>
              <input
                placeholder="2026"
                type="number"
                value=""
              />
            </div>
          </div>
        </div>
        <div
          class="filter-actions"
        >
          <button
            class="apply-button"
            disabled=""
          >
            search.advanced.apply
          </button>
          <button
            class="reset-button"
          >
            <svg
              aria-hidden="true"
              class="reset-icon"
              data-slot="icon"
              fill="none"
              role="img"
              stroke="currentColor"
              stroke-width="1.5"
              viewBox="0 0 24 24"
              xmlns="http://www.w3.org/2000/svg"
            >
              <path
                d="M16.023 9.348h4.992v-.001M2.985 19.644v-4.992m0 0h4.992m-4.993 0 3.181 3.183a8.25 8.25 0 0 0 13.803-3.7M4.031 9.865a8.25 8.25 0 0 1 13.803-3.7l3.181 3.182m0-4.991v4.99"
                stroke-linecap="round"
                stroke-linejoin="round"
              />
            </svg>
            search.advanced.reset
          </button>
        </div>
      </div>
    </div>
  </div>
</body>
 ❯ Object.getElementError node_modules/@testing-library/dom/dist/config.js:37:19
 ❯ node_modules/@testing-library/dom/dist/query-helpers.js:76:38
 ❯ node_modules/@testing-library/dom/dist/query-helpers.js:52:17
 ❯ node_modules/@testing-library/dom/dist/query-helpers.js:95:19
 ❯ src/components/__tests__/AdvancedFilters.test.tsx:131:16
    129| 
    130|       expect(
    131|         screen.getByPlaceholderText(/course name|course_name/i)
       |                ^
    132|       ).toBeInTheDocument();
    133|       expect(

⎯⎯⎯⎯⎯⎯⎯⎯⎯⎯⎯⎯⎯⎯⎯⎯⎯⎯⎯⎯⎯⎯⎯[6/31]⎯

 FAIL  src/components/__tests__/AdvancedFilters.test.tsx > AdvancedFilters Component > Course Filters > should render course filter presets
TestingLibraryElementError: Unable to find an element with the text: /high credit/i. This could be because the text is broken up by multiple elements. In this case, you can provide a function for your text matcher to make your matcher more flexible.

Ignored nodes: comments, script, style
<body>
  <div>
    <div
      class="advanced-filters "
    >
      <button
        aria-expanded="true"
        aria-label="search.advanced.title"
        class="filter-toggle open"
      >
        <svg
          aria-hidden="true"
          class="toggle-icon"
          data-slot="icon"
          fill="none"
          role="img"
          stroke="currentColor"
          stroke-width="1.5"
          viewBox="0 0 24 24"
          xmlns="http://www.w3.org/2000/svg"
        >
          <path
            d="M12 3c2.755 0 5.455.232 8.083.678.533.09.917.556.917 1.096v1.044a2.25 2.25 0 0 1-.659 1.591l-5.432 5.432a2.25 2.25 0 0 0-.659 1.591v2.927a2.25 2.25 0 0 1-1.244 2.013L9.75 21v-6.568a2.25 2.25 0 0 0-.659-1.591L3.659 7.409A2.25 2.25 0 0 1 3 5.818V4.774c0-.54.384-1.006.917-1.096A48.32 48.32 0 0 1 12 3Z"
            stroke-linecap="round"
            stroke-linejoin="round"
          />
        </svg>
        search.advanced.title
      </button>
      <div
        aria-label="search.advanced.title"
        class="filter-panel"
        data-open="true"
        role="region"
      >
        <div
          class="filter-header"
        >
          <h3>
            search.filters.title
          </h3>
          <button
            aria-label="Close"
            class="close-button"
          >
            <svg
              aria-hidden="true"
              class="close-icon"
              data-slot="icon"
              fill="none"
              role="img"
              stroke="currentColor"
              stroke-width="1.5"
              viewBox="0 0 24 24"
              xmlns="http://www.w3.org/2000/svg"
            >
              <path
                d="M6 18 18 6M6 6l12 12"
                stroke-linecap="round"
                stroke-linejoin="round"
              />
            </svg>
          </button>
        </div>
        <div
          class="filter-section"
        >
          <h4>
            search.presets.title
          </h4>
          <div
            class="presets-list"
            data-presets="true"
          >
            <button
              class="preset-button"
            >
              search.presets.highCredit
            </button>
            <button
              class="preset-button"
            >
              search.presets.coreCourses
            </button>
          </div>
        </div>
        <div
          class="filter-section"
        >
          <h4>
            search.filters.custom
          </h4>
          <div
            class="filters-grid"
          >
            <div
              class="filter-group"
            >
              <label>
                search.fields.courseName
              </label>
              <input
                placeholder="search.fields.courseName"
                type="text"
                value=""
              />
            </div>
            <div
              class="filter-group"
            >
              <label>
                search.fields.courseCode
              </label>
              <input
                placeholder="search.fields.courseCode"
                type="text"
                value=""
              />
            </div>
            <div
              class="filter-group"
            >
              <label>
                search.fields.credits
              </label>
              <input
                max="10"
                min="0"
                placeholder="0-10"
                type="number"
                value=""
              />
            </div>
            <div
              class="filter-group"
            >
              <label>
                search.fields.academicYear
              </label>
              <input
                placeholder="2026"
                type="number"
                value=""
              />
            </div>
          </div>
        </div>
        <div
          class="filter-actions"
        >
          <button
            class="apply-button"
            disabled=""
          >
            search.advanced.apply
          </button>
          <button
            class="reset-button"
          >
            <svg
              aria-hidden="true"
              class="reset-icon"
              data-slot="icon"
              fill="none"
              role="img"
              stroke="currentColor"
              stroke-width="1.5"
              viewBox="0 0 24 24"
              xmlns="http://www.w3.org/2000/svg"
            >
              <path
                d="M16.023 9.348h4.992v-.001M2.985 19.644v-4.992m0 0h4.992m-4.993 0 3.181 3.183a8.25 8.25 0 0 0 13.803-3.7M4.031 9.865a8.25 8.25 0 0 1 13.803-3.7l3.181 3.182m0-4.991v4.99"
                stroke-linecap="round"
                stroke-linejoin="round"
              />
            </svg>
            search.advanced.reset
          </button>
        </div>
      </div>
    </div>
  </div>
</body>
 ❯ Object.getElementError node_modules/@testing-library/dom/dist/config.js:37:19
 ❯ node_modules/@testing-library/dom/dist/query-helpers.js:76:38
 ❯ node_modules/@testing-library/dom/dist/query-helpers.js:52:17
 ❯ node_modules/@testing-library/dom/dist/query-helpers.js:95:19
 ❯ src/components/__tests__/AdvancedFilters.test.tsx:142:16
    140| 
    141|       expect(
    142|         screen.getByText(/high credit/i)
       |                ^
    143|       ).toBeInTheDocument();
    144|       expect(

⎯⎯⎯⎯⎯⎯⎯⎯⎯⎯⎯⎯⎯⎯⎯⎯⎯⎯⎯⎯⎯⎯⎯[7/31]⎯

 FAIL  src/components/__tests__/AdvancedFilters.test.tsx > AdvancedFilters Component > Course Filters > should render credits filter
TestingLibraryElementError: Found multiple elements with the text: /credits|credit/i

Here are the matching elements:

Ignored nodes: comments, script, style
<button
  class="preset-button"
>
  search.presets.highCredit
</button>

Ignored nodes: comments, script, style
<label>
  search.fields.credits
</label>

(If this is intentional, then use the `*AllBy*` variant of the query (like `queryAllByText`, `getAllByText`, or `findAllByText`)).

Ignored nodes: comments, script, style
<body>
  <div>
    <div
      class="advanced-filters "
    >
      <button
        aria-expanded="true"
        aria-label="search.advanced.title"
        class="filter-toggle open"
      >
        <svg
          aria-hidden="true"
          class="toggle-icon"
          data-slot="icon"
          fill="none"
          role="img"
          stroke="currentColor"
          stroke-width="1.5"
          viewBox="0 0 24 24"
          xmlns="http://www.w3.org/2000/svg"
        >
          <path
            d="M12 3c2.755 0 5.455.232 8.083.678.533.09.917.556.917 1.096v1.044a2.25 2.25 0 0 1-.659 1.591l-5.432 5.432a2.25 2.25 0 0 0-.659 1.591v2.927a2.25 2.25 0 0 1-1.244 2.013L9.75 21v-6.568a2.25 2.25 0 0 0-.659-1.591L3.659 7.409A2.25 2.25 0 0 1 3 5.818V4.774c0-.54.384-1.006.917-1.096A48.32 48.32 0 0 1 12 3Z"
            stroke-linecap="round"
            stroke-linejoin="round"
          />
        </svg>
        search.advanced.title
      </button>
      <div
        aria-label="search.advanced.title"
        class="filter-panel"
        data-open="true"
        role="region"
      >
        <div
          class="filter-header"
        >
          <h3>
            search.filters.title
          </h3>
          <button
            aria-label="Close"
            class="close-button"
          >
            <svg
              aria-hidden="true"
              class="close-icon"
              data-slot="icon"
              fill="none"
              role="img"
              stroke="currentColor"
              stroke-width="1.5"
              viewBox="0 0 24 24"
              xmlns="http://www.w3.org/2000/svg"
            >
              <path
                d="M6 18 18 6M6 6l12 12"
                stroke-linecap="round"
                stroke-linejoin="round"
              />
            </svg>
          </button>
        </div>
        <div
          class="filter-section"
        >
          <h4>
            search.presets.title
          </h4>
          <div
            class="presets-list"
            data-presets="true"
          >
            <button
              class="preset-button"
            >
              search.presets.highCredit
            </button>
            <button
              class="preset-button"
            >
              search.presets.coreCourses
            </button>
          </div>
        </div>
        <div
          class="filter-section"
        >
          <h4>
            search.filters.custom
          </h4>
          <div
            class="filters-grid"
          >
            <div
              class="filter-group"
            >
              <label>
                search.fields.courseName
              </label>
              <input
                placeholder="search.fields.courseName"
                type="text"
                value=""
              />
            </div>
            <div
              class="filter-group"
            >
              <label>
                search.fields.courseCode
              </label>
              <input
                placeholder="search.fields.courseCode"
                type="text"
                value=""
              />
            </div>
            <div
              class="filter-group"
            >
              <label>
                search.fields.credits
              </label>
              <input
                max="10"
                min="0"
                placeholder="0-10"
                type="number"
                value=""
              />
            </div>
            <div
              class="filter-group"
            >
              <label>
                search.fields.academicYear
              </label>
              <input
                placeholder="2026"
                type="number"
                value=""
              />
            </div>
          </div>
        </div>
        <div
          class="filter-actions"
        >
          <button
            class="apply-button"
            disabled=""
          >
            search.advanced.apply
          </button>
          <button
            class="reset-button"
          >
            <svg
              aria-hidden="true"
              class="reset-icon"
              data-slot="icon"
              fill="none"
              role="img"
              stroke="currentColor"
              stroke-width="1.5"
              viewBox="0 0 24 24"
              xmlns="http://www.w3.org/2000/svg"
            >
              <path
                d="M16.023 9.348h4.992v-.001M2.985 19.644v-4.992m0 0h4.992m-4.993 0 3.181 3.183a8.25 8.25 0 0 0 13.803-3.7M4.031 9.865a8.25 8.25 0 0 1 13.803-3.7l3.181 3.182m0-4.991v4.99"
                stroke-linecap="round"
                stroke-linejoin="round"
              />
            </svg>
            search.advanced.reset
          </button>
        </div>
      </div>
    </div>
  </div>
</body>
 ❯ Object.getElementError node_modules/@testing-library/dom/dist/config.js:37:19
 ❯ getElementError node_modules/@testing-library/dom/dist/query-helpers.js:20:35
 ❯ getMultipleElementsFoundError node_modules/@testing-library/dom/dist/query-helpers.js:23:10
 ❯ node_modules/@testing-library/dom/dist/query-helpers.js:55:13
 ❯ node_modules/@testing-library/dom/dist/query-helpers.js:95:19
 ❯ src/components/__tests__/AdvancedFilters.test.tsx:152:35
    150|       renderAdvancedFilters({ searchType: 'courses' });
    151| 
    152|       const creditsLabel = screen.getByText(/credits|credit/i);
       |                                   ^
    153|       expect(creditsLabel).toBeInTheDocument();
    154|     });

⎯⎯⎯⎯⎯⎯⎯⎯⎯⎯⎯⎯⎯⎯⎯⎯⎯⎯⎯⎯⎯⎯⎯[8/31]⎯

 FAIL  src/components/__tests__/AdvancedFilters.test.tsx > AdvancedFilters Component > Grade Filters > should render grade filter fields
TestingLibraryElementError: Unable to find an element with the placeholder text of: /min grade|grade min/i

Ignored nodes: comments, script, style
<body>
  <div>
    <div
      class="advanced-filters "
    >
      <button
        aria-expanded="true"
        aria-label="search.advanced.title"
        class="filter-toggle open"
      >
        <svg
          aria-hidden="true"
          class="toggle-icon"
          data-slot="icon"
          fill="none"
          role="img"
          stroke="currentColor"
          stroke-width="1.5"
          viewBox="0 0 24 24"
          xmlns="http://www.w3.org/2000/svg"
        >
          <path
            d="M12 3c2.755 0 5.455.232 8.083.678.533.09.917.556.917 1.096v1.044a2.25 2.25 0 0 1-.659 1.591l-5.432 5.432a2.25 2.25 0 0 0-.659 1.591v2.927a2.25 2.25 0 0 1-1.244 2.013L9.75 21v-6.568a2.25 2.25 0 0 0-.659-1.591L3.659 7.409A2.25 2.25 0 0 1 3 5.818V4.774c0-.54.384-1.006.917-1.096A48.32 48.32 0 0 1 12 3Z"
            stroke-linecap="round"
            stroke-linejoin="round"
          />
        </svg>
        search.advanced.title
      </button>
      <div
        aria-label="search.advanced.title"
        class="filter-panel"
        data-open="true"
        role="region"
      >
        <div
          class="filter-header"
        >
          <h3>
            search.filters.title
          </h3>
          <button
            aria-label="Close"
            class="close-button"
          >
            <svg
              aria-hidden="true"
              class="close-icon"
              data-slot="icon"
              fill="none"
              role="img"
              stroke="currentColor"
              stroke-width="1.5"
              viewBox="0 0 24 24"
              xmlns="http://www.w3.org/2000/svg"
            >
              <path
                d="M6 18 18 6M6 6l12 12"
                stroke-linecap="round"
                stroke-linejoin="round"
              />
            </svg>
          </button>
        </div>
        <div
          class="filter-section"
        >
          <h4>
            search.presets.title
          </h4>
          <div
            class="presets-list"
            data-presets="true"
          >
            <button
              class="preset-button"
            >
              search.presets.highGrades
            </button>
            <button
              class="preset-button"
            >
              search.presets.passingOnly
            </button>
            <button
              class="preset-button"
            >
              search.presets.failing
            </button>
          </div>
        </div>
        <div
          class="filter-section"
        >
          <h4>
            search.filters.custom
          </h4>
          <div
            class="filters-grid"
          >
            <div
              class="filter-group"
            >
              <label>
                search.fields.gradeMin
              </label>
              <input
                max="100"
                min="0"
                placeholder="search.fields.gradeMin"
                type="number"
                value=""
              />
            </div>
            <div
              class="filter-group"
            >
              <label>
                search.fields.gradeMax
              </label>
              <input
                max="100"
                min="0"
                placeholder="search.fields.gradeMax"
                type="number"
                value=""
              />
            </div>
            <div
              class="filter-group"
            >
              <label>
                search.fields.studentId
              </label>
              <input
                placeholder="search.fields.studentId"
                type="number"
                value=""
              />
            </div>
            <div
              class="filter-group"
            >
              <label>
                search.fields.courseId
              </label>
              <input
                placeholder="search.fields.courseId"
                type="number"
                value=""
              />
            </div>
          </div>
        </div>
        <div
          class="filter-actions"
        >
          <button
            class="apply-button"
            disabled=""
          >
            search.advanced.apply
          </button>
          <button
            class="reset-button"
          >
            <svg
              aria-hidden="true"
              class="reset-icon"
              data-slot="icon"
              fill="none"
              role="img"
              stroke="currentColor"
              stroke-width="1.5"
              viewBox="0 0 24 24"
              xmlns="http://www.w3.org/2000/svg"
            >
              <path
                d="M16.023 9.348h4.992v-.001M2.985 19.644v-4.992m0 0h4.992m-4.993 0 3.181 3.183a8.25 8.25 0 0 0 13.803-3.7M4.031 9.865a8.25 8.25 0 0 1 13.803-3.7l3.181 3.182m0-4.991v4.99"
                stroke-linecap="round"
                stroke-linejoin="round"
              />
            </svg>
            search.advanced.reset
          </button>
        </div>
      </div>
    </div>
  </div>
</body>
 ❯ Object.getElementError node_modules/@testing-library/dom/dist/config.js:37:19
 ❯ node_modules/@testing-library/dom/dist/query-helpers.js:76:38
 ❯ node_modules/@testing-library/dom/dist/query-helpers.js:52:17
 ❯ node_modules/@testing-library/dom/dist/query-helpers.js:95:19
 ❯ src/components/__tests__/AdvancedFilters.test.tsx:162:16
    160| 
    161|       expect(
    162|         screen.getByPlaceholderText(/min grade|grade min/i)
       |                ^
    163|       ).toBeInTheDocument();
    164|       expect(

⎯⎯⎯⎯⎯⎯⎯⎯⎯⎯⎯⎯⎯⎯⎯⎯⎯⎯⎯⎯⎯⎯⎯[9/31]⎯

 FAIL  src/components/__tests__/AdvancedFilters.test.tsx > AdvancedFilters Component > Grade Filters > should render grade filter presets
TestingLibraryElementError: Unable to find an element with the text: /high grades|above 80/i. This could be because the text is broken up by multiple elements. In this case, you can provide a function for your text matcher to make your matcher more flexible.

Ignored nodes: comments, script, style
<body>
  <div>
    <div
      class="advanced-filters "
    >
      <button
        aria-expanded="true"
        aria-label="search.advanced.title"
        class="filter-toggle open"
      >
        <svg
          aria-hidden="true"
          class="toggle-icon"
          data-slot="icon"
          fill="none"
          role="img"
          stroke="currentColor"
          stroke-width="1.5"
          viewBox="0 0 24 24"
          xmlns="http://www.w3.org/2000/svg"
        >
          <path
            d="M12 3c2.755 0 5.455.232 8.083.678.533.09.917.556.917 1.096v1.044a2.25 2.25 0 0 1-.659 1.591l-5.432 5.432a2.25 2.25 0 0 0-.659 1.591v2.927a2.25 2.25 0 0 1-1.244 2.013L9.75 21v-6.568a2.25 2.25 0 0 0-.659-1.591L3.659 7.409A2.25 2.25 0 0 1 3 5.818V4.774c0-.54.384-1.006.917-1.096A48.32 48.32 0 0 1 12 3Z"
            stroke-linecap="round"
            stroke-linejoin="round"
          />
        </svg>
        search.advanced.title
      </button>
      <div
        aria-label="search.advanced.title"
        class="filter-panel"
        data-open="true"
        role="region"
      >
        <div
          class="filter-header"
        >
          <h3>
            search.filters.title
          </h3>
          <button
            aria-label="Close"
            class="close-button"
          >
            <svg
              aria-hidden="true"
              class="close-icon"
              data-slot="icon"
              fill="none"
              role="img"
              stroke="currentColor"
              stroke-width="1.5"
              viewBox="0 0 24 24"
              xmlns="http://www.w3.org/2000/svg"
            >
              <path
                d="M6 18 18 6M6 6l12 12"
                stroke-linecap="round"
                stroke-linejoin="round"
              />
            </svg>
          </button>
        </div>
        <div
          class="filter-section"
        >
          <h4>
            search.presets.title
          </h4>
          <div
            class="presets-list"
            data-presets="true"
          >
            <button
              class="preset-button"
            >
              search.presets.highGrades
            </button>
            <button
              class="preset-button"
            >
              search.presets.passingOnly
            </button>
            <button
              class="preset-button"
            >
              search.presets.failing
            </button>
          </div>
        </div>
        <div
          class="filter-section"
        >
          <h4>
            search.filters.custom
          </h4>
          <div
            class="filters-grid"
          >
            <div
              class="filter-group"
            >
              <label>
                search.fields.gradeMin
              </label>
              <input
                max="100"
                min="0"
                placeholder="search.fields.gradeMin"
                type="number"
                value=""
              />
            </div>
            <div
              class="filter-group"
            >
              <label>
                search.fields.gradeMax
              </label>
              <input
                max="100"
                min="0"
                placeholder="search.fields.gradeMax"
                type="number"
                value=""
              />
            </div>
            <div
              class="filter-group"
            >
              <label>
                search.fields.studentId
              </label>
              <input
                placeholder="search.fields.studentId"
                type="number"
                value=""
              />
            </div>
            <div
              class="filter-group"
            >
              <label>
                search.fields.courseId
              </label>
              <input
                placeholder="search.fields.courseId"
                type="number"
                value=""
              />
            </div>
          </div>
        </div>
        <div
          class="filter-actions"
        >
          <button
            class="apply-button"
            disabled=""
          >
            search.advanced.apply
          </button>
          <button
            class="reset-button"
          >
            <svg
              aria-hidden="true"
              class="reset-icon"
              data-slot="icon"
              fill="none"
              role="img"
              stroke="currentColor"
              stroke-width="1.5"
              viewBox="0 0 24 24"
              xmlns="http://www.w3.org/2000/svg"
            >
              <path
                d="M16.023 9.348h4.992v-.001M2.985 19.644v-4.992m0 0h4.992m-4.993 0 3.181 3.183a8.25 8.25 0 0 0 13.803-3.7M4.031 9.865a8.25 8.25 0 0 1 13.803-3.7l3.181 3.182m0-4.991v4.99"
                stroke-linecap="round"
                stroke-linejoin="round"
              />
            </svg>
            search.advanced.reset
          </button>
        </div>
      </div>
    </div>
  </div>
</body>
 ❯ Object.getElementError node_modules/@testing-library/dom/dist/config.js:37:19
 ❯ node_modules/@testing-library/dom/dist/query-helpers.js:76:38
 ❯ node_modules/@testing-library/dom/dist/query-helpers.js:52:17
 ❯ node_modules/@testing-library/dom/dist/query-helpers.js:95:19
 ❯ src/components/__tests__/AdvancedFilters.test.tsx:173:16
    171| 
    172|       expect(
    173|         screen.getByText(/high grades|above 80/i)
       |                ^
    174|       ).toBeInTheDocument();
    175|       expect(

⎯⎯⎯⎯⎯⎯⎯⎯⎯⎯⎯⎯⎯⎯⎯⎯⎯⎯⎯⎯⎯⎯[10/31]⎯

 FAIL  src/components/__tests__/AdvancedFilters.test.tsx > AdvancedFilters Component > Grade Filters > should allow entering min grade
TestingLibraryElementError: Unable to find an element with the placeholder text of: /min grade|grade min/i

Ignored nodes: comments, script, style
<body>
  <div>
    <div
      class="advanced-filters "
    >
      <button
        aria-expanded="true"
        aria-label="search.advanced.title"
        class="filter-toggle open"
      >
        <svg
          aria-hidden="true"
          class="toggle-icon"
          data-slot="icon"
          fill="none"
          role="img"
          stroke="currentColor"
          stroke-width="1.5"
          viewBox="0 0 24 24"
          xmlns="http://www.w3.org/2000/svg"
        >
          <path
            d="M12 3c2.755 0 5.455.232 8.083.678.533.09.917.556.917 1.096v1.044a2.25 2.25 0 0 1-.659 1.591l-5.432 5.432a2.25 2.25 0 0 0-.659 1.591v2.927a2.25 2.25 0 0 1-1.244 2.013L9.75 21v-6.568a2.25 2.25 0 0 0-.659-1.591L3.659 7.409A2.25 2.25 0 0 1 3 5.818V4.774c0-.54.384-1.006.917-1.096A48.32 48.32 0 0 1 12 3Z"
            stroke-linecap="round"
            stroke-linejoin="round"
          />
        </svg>
        search.advanced.title
      </button>
      <div
        aria-label="search.advanced.title"
        class="filter-panel"
        data-open="true"
        role="region"
      >
        <div
          class="filter-header"
        >
          <h3>
            search.filters.title
          </h3>
          <button
            aria-label="Close"
            class="close-button"
          >
            <svg
              aria-hidden="true"
              class="close-icon"
              data-slot="icon"
              fill="none"
              role="img"
              stroke="currentColor"
              stroke-width="1.5"
              viewBox="0 0 24 24"
              xmlns="http://www.w3.org/2000/svg"
            >
              <path
                d="M6 18 18 6M6 6l12 12"
                stroke-linecap="round"
                stroke-linejoin="round"
              />
            </svg>
          </button>
        </div>
        <div
          class="filter-section"
        >
          <h4>
            search.presets.title
          </h4>
          <div
            class="presets-list"
            data-presets="true"
          >
            <button
              class="preset-button"
            >
              search.presets.highGrades
            </button>
            <button
              class="preset-button"
            >
              search.presets.passingOnly
            </button>
            <button
              class="preset-button"
            >
              search.presets.failing
            </button>
          </div>
        </div>
        <div
          class="filter-section"
        >
          <h4>
            search.filters.custom
          </h4>
          <div
            class="filters-grid"
          >
            <div
              class="filter-group"
            >
              <label>
                search.fields.gradeMin
              </label>
              <input
                max="100"
                min="0"
                placeholder="search.fields.gradeMin"
                type="number"
                value=""
              />
            </div>
            <div
              class="filter-group"
            >
              <label>
                search.fields.gradeMax
              </label>
              <input
                max="100"
                min="0"
                placeholder="search.fields.gradeMax"
                type="number"
                value=""
              />
            </div>
            <div
              class="filter-group"
            >
              <label>
                search.fields.studentId
              </label>
              <input
                placeholder="search.fields.studentId"
                type="number"
                value=""
              />
            </div>
            <div
              class="filter-group"
            >
              <label>
                search.fields.courseId
              </label>
              <input
                placeholder="search.fields.courseId"
                type="number"
                value=""
              />
            </div>
          </div>
        </div>
        <div
          class="filter-actions"
        >
          <button
            class="apply-button"
            disabled=""
          >
            search.advanced.apply
          </button>
          <button
            class="reset-button"
          >
            <svg
              aria-hidden="true"
              class="reset-icon"
              data-slot="icon"
              fill="none"
              role="img"
              stroke="currentColor"
              stroke-width="1.5"
              viewBox="0 0 24 24"
              xmlns="http://www.w3.org/2000/svg"
            >
              <path
                d="M16.023 9.348h4.992v-.001M2.985 19.644v-4.992m0 0h4.992m-4.993 0 3.181 3.183a8.25 8.25 0 0 0 13.803-3.7M4.031 9.865a8.25 8.25 0 0 1 13.803-3.7l3.181 3.182m0-4.991v4.99"
                stroke-linecap="round"
                stroke-linejoin="round"
              />
            </svg>
            search.advanced.reset
          </button>
        </div>
      </div>
    </div>
  </div>
</body>
 ❯ Object.getElementError node_modules/@testing-library/dom/dist/config.js:37:19
 ❯ node_modules/@testing-library/dom/dist/query-helpers.js:76:38
 ❯ node_modules/@testing-library/dom/dist/query-helpers.js:52:17
 ❯ node_modules/@testing-library/dom/dist/query-helpers.js:95:19
 ❯ src/components/__tests__/AdvancedFilters.test.tsx:184:28
    182|       renderAdvancedFilters({ searchType: 'grades' });
    183| 
    184|       const input = screen.getByPlaceholderText(/min grade|grade min/i…
       |                            ^
    185|       await user.type(input, '80');
    186| 

⎯⎯⎯⎯⎯⎯⎯⎯⎯⎯⎯⎯⎯⎯⎯⎯⎯⎯⎯⎯⎯⎯[11/31]⎯

 FAIL  src/components/__tests__/AdvancedFilters.test.tsx > AdvancedFilters Component > Grade Filters > should allow entering max grade
TestingLibraryElementError: Unable to find an element with the placeholder text of: /max grade|grade max/i

Ignored nodes: comments, script, style
<body>
  <div>
    <div
      class="advanced-filters "
    >
      <button
        aria-expanded="true"
        aria-label="search.advanced.title"
        class="filter-toggle open"
      >
        <svg
          aria-hidden="true"
          class="toggle-icon"
          data-slot="icon"
          fill="none"
          role="img"
          stroke="currentColor"
          stroke-width="1.5"
          viewBox="0 0 24 24"
          xmlns="http://www.w3.org/2000/svg"
        >
          <path
            d="M12 3c2.755 0 5.455.232 8.083.678.533.09.917.556.917 1.096v1.044a2.25 2.25 0 0 1-.659 1.591l-5.432 5.432a2.25 2.25 0 0 0-.659 1.591v2.927a2.25 2.25 0 0 1-1.244 2.013L9.75 21v-6.568a2.25 2.25 0 0 0-.659-1.591L3.659 7.409A2.25 2.25 0 0 1 3 5.818V4.774c0-.54.384-1.006.917-1.096A48.32 48.32 0 0 1 12 3Z"
            stroke-linecap="round"
            stroke-linejoin="round"
          />
        </svg>
        search.advanced.title
      </button>
      <div
        aria-label="search.advanced.title"
        class="filter-panel"
        data-open="true"
        role="region"
      >
        <div
          class="filter-header"
        >
          <h3>
            search.filters.title
          </h3>
          <button
            aria-label="Close"
            class="close-button"
          >
            <svg
              aria-hidden="true"
              class="close-icon"
              data-slot="icon"
              fill="none"
              role="img"
              stroke="currentColor"
              stroke-width="1.5"
              viewBox="0 0 24 24"
              xmlns="http://www.w3.org/2000/svg"
            >
              <path
                d="M6 18 18 6M6 6l12 12"
                stroke-linecap="round"
                stroke-linejoin="round"
              />
            </svg>
          </button>
        </div>
        <div
          class="filter-section"
        >
          <h4>
            search.presets.title
          </h4>
          <div
            class="presets-list"
            data-presets="true"
          >
            <button
              class="preset-button"
            >
              search.presets.highGrades
            </button>
            <button
              class="preset-button"
            >
              search.presets.passingOnly
            </button>
            <button
              class="preset-button"
            >
              search.presets.failing
            </button>
          </div>
        </div>
        <div
          class="filter-section"
        >
          <h4>
            search.filters.custom
          </h4>
          <div
            class="filters-grid"
          >
            <div
              class="filter-group"
            >
              <label>
                search.fields.gradeMin
              </label>
              <input
                max="100"
                min="0"
                placeholder="search.fields.gradeMin"
                type="number"
                value=""
              />
            </div>
            <div
              class="filter-group"
            >
              <label>
                search.fields.gradeMax
              </label>
              <input
                max="100"
                min="0"
                placeholder="search.fields.gradeMax"
                type="number"
                value=""
              />
            </div>
            <div
              class="filter-group"
            >
              <label>
                search.fields.studentId
              </label>
              <input
                placeholder="search.fields.studentId"
                type="number"
                value=""
              />
            </div>
            <div
              class="filter-group"
            >
              <label>
                search.fields.courseId
              </label>
              <input
                placeholder="search.fields.courseId"
                type="number"
                value=""
              />
            </div>
          </div>
        </div>
        <div
          class="filter-actions"
        >
          <button
            class="apply-button"
            disabled=""
          >
            search.advanced.apply
          </button>
          <button
            class="reset-button"
          >
            <svg
              aria-hidden="true"
              class="reset-icon"
              data-slot="icon"
              fill="none"
              role="img"
              stroke="currentColor"
              stroke-width="1.5"
              viewBox="0 0 24 24"
              xmlns="http://www.w3.org/2000/svg"
            >
              <path
                d="M16.023 9.348h4.992v-.001M2.985 19.644v-4.992m0 0h4.992m-4.993 0 3.181 3.183a8.25 8.25 0 0 0 13.803-3.7M4.031 9.865a8.25 8.25 0 0 1 13.803-3.7l3.181 3.182m0-4.991v4.99"
                stroke-linecap="round"
                stroke-linejoin="round"
              />
            </svg>
            search.advanced.reset
          </button>
        </div>
      </div>
    </div>
  </div>
</body>
 ❯ Object.getElementError node_modules/@testing-library/dom/dist/config.js:37:19
 ❯ node_modules/@testing-library/dom/dist/query-helpers.js:76:38
 ❯ node_modules/@testing-library/dom/dist/query-helpers.js:52:17
 ❯ node_modules/@testing-library/dom/dist/query-helpers.js:95:19
 ❯ src/components/__tests__/AdvancedFilters.test.tsx:194:28
    192|       renderAdvancedFilters({ searchType: 'grades' });
    193| 
    194|       const input = screen.getByPlaceholderText(/max grade|grade max/i…
       |                            ^
    195|       await user.type(input, '100');
    196| 

⎯⎯⎯⎯⎯⎯⎯⎯⎯⎯⎯⎯⎯⎯⎯⎯⎯⎯⎯⎯⎯⎯[12/31]⎯

 FAIL  src/components/__tests__/AdvancedFilters.test.tsx > AdvancedFilters Component > Filter Presets > should apply preset when clicked
TestingLibraryElementError: Unable to find an element with the text: /active students/i. This could be because the text is broken up by multiple elements. In this case, you can provide a function for your text matcher to make your matcher more flexible.

Ignored nodes: comments, script, style
<body>
  <div>
    <div
      class="advanced-filters "
    >
      <button
        aria-expanded="true"
        aria-label="search.advanced.title"
        class="filter-toggle open"
      >
        <svg
          aria-hidden="true"
          class="toggle-icon"
          data-slot="icon"
          fill="none"
          role="img"
          stroke="currentColor"
          stroke-width="1.5"
          viewBox="0 0 24 24"
          xmlns="http://www.w3.org/2000/svg"
        >
          <path
            d="M12 3c2.755 0 5.455.232 8.083.678.533.09.917.556.917 1.096v1.044a2.25 2.25 0 0 1-.659 1.591l-5.432 5.432a2.25 2.25 0 0 0-.659 1.591v2.927a2.25 2.25 0 0 1-1.244 2.013L9.75 21v-6.568a2.25 2.25 0 0 0-.659-1.591L3.659 7.409A2.25 2.25 0 0 1 3 5.818V4.774c0-.54.384-1.006.917-1.096A48.32 48.32 0 0 1 12 3Z"
            stroke-linecap="round"
            stroke-linejoin="round"
          />
        </svg>
        search.advanced.title
      </button>
      <div
        aria-label="search.advanced.title"
        class="filter-panel"
        data-open="true"
        role="region"
      >
        <div
          class="filter-header"
        >
          <h3>
            search.filters.title
          </h3>
          <button
            aria-label="Close"
            class="close-button"
          >
            <svg
              aria-hidden="true"
              class="close-icon"
              data-slot="icon"
              fill="none"
              role="img"
              stroke="currentColor"
              stroke-width="1.5"
              viewBox="0 0 24 24"
              xmlns="http://www.w3.org/2000/svg"
            >
              <path
                d="M6 18 18 6M6 6l12 12"
                stroke-linecap="round"
                stroke-linejoin="round"
              />
            </svg>
          </button>
        </div>
        <div
          class="filter-section"
        >
          <h4>
            search.presets.title
          </h4>
          <div
            class="presets-list"
            data-presets="true"
          >
            <button
              class="preset-button"
            >
              search.presets.activeStudents
            </button>
            <button
              class="preset-button"
            >
              search.presets.recentEnrollments
            </button>
          </div>
        </div>
        <div
          class="filter-section"
        >
          <h4>
            search.filters.custom
          </h4>
          <div
            class="filters-grid"
          >
            <div
              class="filter-group"
            >
              <label>
                search.fields.firstName
              </label>
              <input
                placeholder="search.fields.firstName"
                type="text"
                value=""
              />
            </div>
            <div
              class="filter-group"
            >
              <label>
                search.fields.lastName
              </label>
              <input
                placeholder="search.fields.lastName"
                type="text"
                value=""
              />
            </div>
            <div
              class="filter-group"
            >
              <label>
                search.fields.email
              </label>
              <input
                placeholder="search.fields.email"
                type="email"
                value=""
              />
            </div>
            <div
              class="filter-group"
            >
              <label>
                search.fields.academicYear
              </label>
              <input
                placeholder="2026"
                type="number"
                value=""
              />
            </div>
          </div>
        </div>
        <div
          class="filter-actions"
        >
          <button
            class="apply-button"
            disabled=""
          >
            search.advanced.apply
          </button>
          <button
            class="reset-button"
          >
            <svg
              aria-hidden="true"
              class="reset-icon"
              data-slot="icon"
              fill="none"
              role="img"
              stroke="currentColor"
              stroke-width="1.5"
              viewBox="0 0 24 24"
              xmlns="http://www.w3.org/2000/svg"
            >
              <path
                d="M16.023 9.348h4.992v-.001M2.985 19.644v-4.992m0 0h4.992m-4.993 0 3.181 3.183a8.25 8.25 0 0 0 13.803-3.7M4.031 9.865a8.25 8.25 0 0 1 13.803-3.7l3.181 3.182m0-4.991v4.99"
                stroke-linecap="round"
                stroke-linejoin="round"
              />
            </svg>
            search.advanced.reset
          </button>
        </div>
      </div>
    </div>
  </div>
</body>
 ❯ Object.getElementError node_modules/@testing-library/dom/dist/config.js:37:19
 ❯ node_modules/@testing-library/dom/dist/query-helpers.js:76:38
 ❯ node_modules/@testing-library/dom/dist/query-helpers.js:52:17
 ❯ node_modules/@testing-library/dom/dist/query-helpers.js:95:19
 ❯ src/components/__tests__/AdvancedFilters.test.tsx:211:35
    209|       });
    210| 
    211|       const presetButton = screen.getByText(/active students/i);
       |                                   ^
    212|       await user.click(presetButton);
    213| 

⎯⎯⎯⎯⎯⎯⎯⎯⎯⎯⎯⎯⎯⎯⎯⎯⎯⎯⎯⎯⎯⎯[13/31]⎯

 FAIL  src/components/__tests__/AdvancedFilters.test.tsx > AdvancedFilters Component > Filter Presets > should populate fields when preset selected
TestingLibraryElementError: Unable to find an element with the text: /high grades|above 80/i. This could be because the text is broken up by multiple elements. In this case, you can provide a function for your text matcher to make your matcher more flexible.

Ignored nodes: comments, script, style
<body>
  <div>
    <div
      class="advanced-filters "
    >
      <button
        aria-expanded="true"
        aria-label="search.advanced.title"
        class="filter-toggle open"
      >
        <svg
          aria-hidden="true"
          class="toggle-icon"
          data-slot="icon"
          fill="none"
          role="img"
          stroke="currentColor"
          stroke-width="1.5"
          viewBox="0 0 24 24"
          xmlns="http://www.w3.org/2000/svg"
        >
          <path
            d="M12 3c2.755 0 5.455.232 8.083.678.533.09.917.556.917 1.096v1.044a2.25 2.25 0 0 1-.659 1.591l-5.432 5.432a2.25 2.25 0 0 0-.659 1.591v2.927a2.25 2.25 0 0 1-1.244 2.013L9.75 21v-6.568a2.25 2.25 0 0 0-.659-1.591L3.659 7.409A2.25 2.25 0 0 1 3 5.818V4.774c0-.54.384-1.006.917-1.096A48.32 48.32 0 0 1 12 3Z"
            stroke-linecap="round"
            stroke-linejoin="round"
          />
        </svg>
        search.advanced.title
      </button>
      <div
        aria-label="search.advanced.title"
        class="filter-panel"
        data-open="true"
        role="region"
      >
        <div
          class="filter-header"
        >
          <h3>
            search.filters.title
          </h3>
          <button
            aria-label="Close"
            class="close-button"
          >
            <svg
              aria-hidden="true"
              class="close-icon"
              data-slot="icon"
              fill="none"
              role="img"
              stroke="currentColor"
              stroke-width="1.5"
              viewBox="0 0 24 24"
              xmlns="http://www.w3.org/2000/svg"
            >
              <path
                d="M6 18 18 6M6 6l12 12"
                stroke-linecap="round"
                stroke-linejoin="round"
              />
            </svg>
          </button>
        </div>
        <div
          class="filter-section"
        >
          <h4>
            search.presets.title
          </h4>
          <div
            class="presets-list"
            data-presets="true"
          >
            <button
              class="preset-button"
            >
              search.presets.highGrades
            </button>
            <button
              class="preset-button"
            >
              search.presets.passingOnly
            </button>
            <button
              class="preset-button"
            >
              search.presets.failing
            </button>
          </div>
        </div>
        <div
          class="filter-section"
        >
          <h4>
            search.filters.custom
          </h4>
          <div
            class="filters-grid"
          >
            <div
              class="filter-group"
            >
              <label>
                search.fields.gradeMin
              </label>
              <input
                max="100"
                min="0"
                placeholder="search.fields.gradeMin"
                type="number"
                value=""
              />
            </div>
            <div
              class="filter-group"
            >
              <label>
                search.fields.gradeMax
              </label>
              <input
                max="100"
                min="0"
                placeholder="search.fields.gradeMax"
                type="number"
                value=""
              />
            </div>
            <div
              class="filter-group"
            >
              <label>
                search.fields.studentId
              </label>
              <input
                placeholder="search.fields.studentId"
                type="number"
                value=""
              />
            </div>
            <div
              class="filter-group"
            >
              <label>
                search.fields.courseId
              </label>
              <input
                placeholder="search.fields.courseId"
                type="number"
                value=""
              />
            </div>
          </div>
        </div>
        <div
          class="filter-actions"
        >
          <button
            class="apply-button"
            disabled=""
          >
            search.advanced.apply
          </button>
          <button
            class="reset-button"
          >
            <svg
              aria-hidden="true"
              class="reset-icon"
              data-slot="icon"
              fill="none"
              role="img"
              stroke="currentColor"
              stroke-width="1.5"
              viewBox="0 0 24 24"
              xmlns="http://www.w3.org/2000/svg"
            >
              <path
                d="M16.023 9.348h4.992v-.001M2.985 19.644v-4.992m0 0h4.992m-4.993 0 3.181 3.183a8.25 8.25 0 0 0 13.803-3.7M4.031 9.865a8.25 8.25 0 0 1 13.803-3.7l3.181 3.182m0-4.991v4.99"
                stroke-linecap="round"
                stroke-linejoin="round"
              />
            </svg>
            search.advanced.reset
          </button>
        </div>
      </div>
    </div>
  </div>
</body>
 ❯ Object.getElementError node_modules/@testing-library/dom/dist/config.js:37:19
 ❯ node_modules/@testing-library/dom/dist/query-helpers.js:76:38
 ❯ node_modules/@testing-library/dom/dist/query-helpers.js:52:17
 ❯ node_modules/@testing-library/dom/dist/query-helpers.js:95:19
 ❯ src/components/__tests__/AdvancedFilters.test.tsx:221:35
    219|       renderAdvancedFilters({ searchType: 'grades' });
    220| 
    221|       const presetButton = screen.getByText(/high grades|above 80/i);
       |                                   ^
    222|       await user.click(presetButton);
    223| 

⎯⎯⎯⎯⎯⎯⎯⎯⎯⎯⎯⎯⎯⎯⎯⎯⎯⎯⎯⎯⎯⎯[14/31]⎯

 FAIL  src/components/__tests__/AdvancedFilters.test.tsx > AdvancedFilters Component > Apply/Reset > should render Apply button
TestingLibraryElementError: Unable to find an accessible element with the role "button" and name `/apply filters/i`

Here are the accessible roles:

  button:

  Name "search.advanced.title":
  <button
    aria-expanded="true"
    aria-label="search.advanced.title"
    class="filter-toggle open"
  />

  Name "Close":
  <button
    aria-label="Close"
    class="close-button"
  />

  Name "search.presets.activeStudents":
  <button
    class="preset-button"
  />

  Name "search.presets.recentEnrollments":
  <button
    class="preset-button"
  />

  Name "search.advanced.apply":
  <button
    class="apply-button"
    disabled=""
  />

  Name "search.advanced.reset":
  <button
    class="reset-button"
  />

  --------------------------------------------------
  region:

  Name "search.advanced.title":
  <div
    aria-label="search.advanced.title"
    class="filter-panel"
    data-open="true"
    role="region"
  />

  --------------------------------------------------
  heading:

  Name "search.filters.title":
  <h3 />

  Name "search.presets.title":
  <h4 />

  Name "search.filters.custom":
  <h4 />

  --------------------------------------------------
  textbox:

  Name "":
  <input
    placeholder="search.fields.firstName"
    type="text"
    value=""
  />

  Name "":
  <input
    placeholder="search.fields.lastName"
    type="text"
    value=""
  />

  Name "":
  <input
    placeholder="search.fields.email"
    type="email"
    value=""
  />

  --------------------------------------------------
  spinbutton:

  Name "":
  <input
    placeholder="2026"
    type="number"
    value=""
  />

  --------------------------------------------------

Ignored nodes: comments, script, style
<body>
  <div>
    <div
      class="advanced-filters "
    >
      <button
        aria-expanded="true"
        aria-label="search.advanced.title"
        class="filter-toggle open"
      >
        <svg
          aria-hidden="true"
          class="toggle-icon"
          data-slot="icon"
          fill="none"
          role="img"
          stroke="currentColor"
          stroke-width="1.5"
          viewBox="0 0 24 24"
          xmlns="http://www.w3.org/2000/svg"
        >
          <path
            d="M12 3c2.755 0 5.455.232 8.083.678.533.09.917.556.917 1.096v1.044a2.25 2.25 0 0 1-.659 1.591l-5.432 5.432a2.25 2.25 0 0 0-.659 1.591v2.927a2.25 2.25 0 0 1-1.244 2.013L9.75 21v-6.568a2.25 2.25 0 0 0-.659-1.591L3.659 7.409A2.25 2.25 0 0 1 3 5.818V4.774c0-.54.384-1.006.917-1.096A48.32 48.32 0 0 1 12 3Z"
            stroke-linecap="round"
            stroke-linejoin="round"
          />
        </svg>
        search.advanced.title
      </button>
      <div
        aria-label="search.advanced.title"
        class="filter-panel"
        data-open="true"
        role="region"
      >
        <div
          class="filter-header"
        >
          <h3>
            search.filters.title
          </h3>
          <button
            aria-label="Close"
            class="close-button"
          >
            <svg
              aria-hidden="true"
              class="close-icon"
              data-slot="icon"
              fill="none"
              role="img"
              stroke="currentColor"
              stroke-width="1.5"
              viewBox="0 0 24 24"
              xmlns="http://www.w3.org/2000/svg"
            >
              <path
                d="M6 18 18 6M6 6l12 12"
                stroke-linecap="round"
                stroke-linejoin="round"
              />
            </svg>
          </button>
        </div>
        <div
          class="filter-section"
        >
          <h4>
            search.presets.title
          </h4>
          <div
            class="presets-list"
            data-presets="true"
          >
            <button
              class="preset-button"
            >
              search.presets.activeStudents
            </button>
            <button
              class="preset-button"
            >
              search.presets.recentEnrollments
            </button>
          </div>
        </div>
        <div
          class="filter-section"
        >
          <h4>
            search.filters.custom
          </h4>
          <div
            class="filters-grid"
          >
            <div
              class="filter-group"
            >
              <label>
                search.fields.firstName
              </label>
              <input
                placeholder="search.fields.firstName"
                type="text"
                value=""
              />
            </div>
            <div
              class="filter-group"
            >
              <label>
                search.fields.lastName
              </label>
              <input
                placeholder="search.fields.lastName"
                type="text"
                value=""
              />
            </div>
            <div
              class="filter-group"
            >
              <label>
                search.fields.email
              </label>
              <input
                placeholder="search.fields.email"
                type="email"
                value=""
              />
            </div>
            <div
              class="filter-group"
            >
              <label>
                search.fields.academicYear
              </label>
              <input
                placeholder="2026"
                type="number"
                value=""
              />
            </div>
          </div>
        </div>
        <div
          class="filter-actions"
        >
          <button
            class="apply-button"
            disabled=""
          >
            search.advanced.apply
          </button>
          <button
            class="reset-button"
          >
            <svg
              aria-hidden="true"
              class="reset-icon"
              data-slot="icon"
              fill="none"
              role="img"
              stroke="currentColor"
              stroke-width="1.5"
              viewBox="0 0 24 24"
              xmlns="http://www.w3.org/2000/svg"
            >
              <path
                d="M16.023 9.348h4.992v-.001M2.985 19.644v-4.992m0 0h4.992m-4.993 0 3.181 3.183a8.25 8.25 0 0 0 13.803-3.7M4.031 9.865a8.25 8.25 0 0 1 13.803-3.7l3.181 3.182m0-4.991v4.99"
                stroke-linecap="round"
                stroke-linejoin="round"
              />
            </svg>
            search.advanced.reset
          </button>
        </div>
      </div>
    </div>
  </div>
</body>
 ❯ Object.getElementError node_modules/@testing-library/dom/dist/config.js:37:19
 ❯ node_modules/@testing-library/dom/dist/query-helpers.js:76:38
 ❯ node_modules/@testing-library/dom/dist/query-helpers.js:52:17
 ❯ node_modules/@testing-library/dom/dist/query-helpers.js:95:19
 ❯ src/components/__tests__/AdvancedFilters.test.tsx:261:16
    259| 
    260|       expect(
    261|         screen.getByRole('button', { name: /apply filters/i })
       |                ^
    262|       ).toBeInTheDocument();
    263|     });

⎯⎯⎯⎯⎯⎯⎯⎯⎯⎯⎯⎯⎯⎯⎯⎯⎯⎯⎯⎯⎯⎯[15/31]⎯

 FAIL  src/components/__tests__/AdvancedFilters.test.tsx > AdvancedFilters Component > Apply/Reset > should render Reset button
TestingLibraryElementError: Unable to find an accessible element with the role "button" and name `/reset filters/i`

Here are the accessible roles:

  button:

  Name "search.advanced.title":
  <button
    aria-expanded="true"
    aria-label="search.advanced.title"
    class="filter-toggle open"
  />

  Name "Close":
  <button
    aria-label="Close"
    class="close-button"
  />

  Name "search.presets.activeStudents":
  <button
    class="preset-button"
  />

  Name "search.presets.recentEnrollments":
  <button
    class="preset-button"
  />

  Name "search.advanced.apply":
  <button
    class="apply-button"
    disabled=""
  />

  Name "search.advanced.reset":
  <button
    class="reset-button"
  />

  --------------------------------------------------
  region:

  Name "search.advanced.title":
  <div
    aria-label="search.advanced.title"
    class="filter-panel"
    data-open="true"
    role="region"
  />

  --------------------------------------------------
  heading:

  Name "search.filters.title":
  <h3 />

  Name "search.presets.title":
  <h4 />

  Name "search.filters.custom":
  <h4 />

  --------------------------------------------------
  textbox:

  Name "":
  <input
    placeholder="search.fields.firstName"
    type="text"
    value=""
  />

  Name "":
  <input
    placeholder="search.fields.lastName"
    type="text"
    value=""
  />

  Name "":
  <input
    placeholder="search.fields.email"
    type="email"
    value=""
  />

  --------------------------------------------------
  spinbutton:

  Name "":
  <input
    placeholder="2026"
    type="number"
    value=""
  />

  --------------------------------------------------

Ignored nodes: comments, script, style
<body>
  <div>
    <div
      class="advanced-filters "
    >
      <button
        aria-expanded="true"
        aria-label="search.advanced.title"
        class="filter-toggle open"
      >
        <svg
          aria-hidden="true"
          class="toggle-icon"
          data-slot="icon"
          fill="none"
          role="img"
          stroke="currentColor"
          stroke-width="1.5"
          viewBox="0 0 24 24"
          xmlns="http://www.w3.org/2000/svg"
        >
          <path
            d="M12 3c2.755 0 5.455.232 8.083.678.533.09.917.556.917 1.096v1.044a2.25 2.25 0 0 1-.659 1.591l-5.432 5.432a2.25 2.25 0 0 0-.659 1.591v2.927a2.25 2.25 0 0 1-1.244 2.013L9.75 21v-6.568a2.25 2.25 0 0 0-.659-1.591L3.659 7.409A2.25 2.25 0 0 1 3 5.818V4.774c0-.54.384-1.006.917-1.096A48.32 48.32 0 0 1 12 3Z"
            stroke-linecap="round"
            stroke-linejoin="round"
          />
        </svg>
        search.advanced.title
      </button>
      <div
        aria-label="search.advanced.title"
        class="filter-panel"
        data-open="true"
        role="region"
      >
        <div
          class="filter-header"
        >
          <h3>
            search.filters.title
          </h3>
          <button
            aria-label="Close"
            class="close-button"
          >
            <svg
              aria-hidden="true"
              class="close-icon"
              data-slot="icon"
              fill="none"
              role="img"
              stroke="currentColor"
              stroke-width="1.5"
              viewBox="0 0 24 24"
              xmlns="http://www.w3.org/2000/svg"
            >
              <path
                d="M6 18 18 6M6 6l12 12"
                stroke-linecap="round"
                stroke-linejoin="round"
              />
            </svg>
          </button>
        </div>
        <div
          class="filter-section"
        >
          <h4>
            search.presets.title
          </h4>
          <div
            class="presets-list"
            data-presets="true"
          >
            <button
              class="preset-button"
            >
              search.presets.activeStudents
            </button>
            <button
              class="preset-button"
            >
              search.presets.recentEnrollments
            </button>
          </div>
        </div>
        <div
          class="filter-section"
        >
          <h4>
            search.filters.custom
          </h4>
          <div
            class="filters-grid"
          >
            <div
              class="filter-group"
            >
              <label>
                search.fields.firstName
              </label>
              <input
                placeholder="search.fields.firstName"
                type="text"
                value=""
              />
            </div>
            <div
              class="filter-group"
            >
              <label>
                search.fields.lastName
              </label>
              <input
                placeholder="search.fields.lastName"
                type="text"
                value=""
              />
            </div>
            <div
              class="filter-group"
            >
              <label>
                search.fields.email
              </label>
              <input
                placeholder="search.fields.email"
                type="email"
                value=""
              />
            </div>
            <div
              class="filter-group"
            >
              <label>
                search.fields.academicYear
              </label>
              <input
                placeholder="2026"
                type="number"
                value=""
              />
            </div>
          </div>
        </div>
        <div
          class="filter-actions"
        >
          <button
            class="apply-button"
            disabled=""
          >
            search.advanced.apply
          </button>
          <button
            class="reset-button"
          >
            <svg
              aria-hidden="true"
              class="reset-icon"
              data-slot="icon"
              fill="none"
              role="img"
              stroke="currentColor"
              stroke-width="1.5"
              viewBox="0 0 24 24"
              xmlns="http://www.w3.org/2000/svg"
            >
              <path
                d="M16.023 9.348h4.992v-.001M2.985 19.644v-4.992m0 0h4.992m-4.993 0 3.181 3.183a8.25 8.25 0 0 0 13.803-3.7M4.031 9.865a8.25 8.25 0 0 1 13.803-3.7l3.181 3.182m0-4.991v4.99"
                stroke-linecap="round"
                stroke-linejoin="round"
              />
            </svg>
            search.advanced.reset
          </button>
        </div>
      </div>
    </div>
  </div>
</body>
 ❯ Object.getElementError node_modules/@testing-library/dom/dist/config.js:37:19
 ❯ node_modules/@testing-library/dom/dist/query-helpers.js:76:38
 ❯ node_modules/@testing-library/dom/dist/query-helpers.js:52:17
 ❯ node_modules/@testing-library/dom/dist/query-helpers.js:95:19
 ❯ src/components/__tests__/AdvancedFilters.test.tsx:269:16
    267| 
    268|       expect(
    269|         screen.getByRole('button', { name: /reset filters/i })
       |                ^
    270|       ).toBeInTheDocument();
    271|     });

⎯⎯⎯⎯⎯⎯⎯⎯⎯⎯⎯⎯⎯⎯⎯⎯⎯⎯⎯⎯⎯⎯[16/31]⎯

 FAIL  src/components/__tests__/AdvancedFilters.test.tsx > AdvancedFilters Component > Apply/Reset > should call onApply when Apply clicked
TestingLibraryElementError: Unable to find an accessible element with the role "button" and name `/apply filters/i`

Here are the accessible roles:

  button:

  Name "search.advanced.title":
  <button
    aria-expanded="true"
    aria-label="search.advanced.title"
    class="filter-toggle open"
  />

  Name "Close":
  <button
    aria-label="Close"
    class="close-button"
  />

  Name "search.presets.activeStudents":
  <button
    class="preset-button"
  />

  Name "search.presets.recentEnrollments":
  <button
    class="preset-button"
  />

  Name "search.advanced.apply":
  <button
    class="apply-button"
    disabled=""
  />

  Name "search.advanced.reset":
  <button
    class="reset-button"
  />

  --------------------------------------------------
  region:

  Name "search.advanced.title":
  <div
    aria-label="search.advanced.title"
    class="filter-panel"
    data-open="true"
    role="region"
  />

  --------------------------------------------------
  heading:

  Name "search.filters.title":
  <h3 />

  Name "search.presets.title":
  <h4 />

  Name "search.filters.custom":
  <h4 />

  --------------------------------------------------
  textbox:

  Name "":
  <input
    placeholder="search.fields.firstName"
    type="text"
    value=""
  />

  Name "":
  <input
    placeholder="search.fields.lastName"
    type="text"
    value=""
  />

  Name "":
  <input
    placeholder="search.fields.email"
    type="email"
    value=""
  />

  --------------------------------------------------
  spinbutton:

  Name "":
  <input
    placeholder="2026"
    type="number"
    value=""
  />

  --------------------------------------------------

Ignored nodes: comments, script, style
<body>
  <div>
    <div
      class="advanced-filters "
    >
      <button
        aria-expanded="true"
        aria-label="search.advanced.title"
        class="filter-toggle open"
      >
        <svg
          aria-hidden="true"
          class="toggle-icon"
          data-slot="icon"
          fill="none"
          role="img"
          stroke="currentColor"
          stroke-width="1.5"
          viewBox="0 0 24 24"
          xmlns="http://www.w3.org/2000/svg"
        >
          <path
            d="M12 3c2.755 0 5.455.232 8.083.678.533.09.917.556.917 1.096v1.044a2.25 2.25 0 0 1-.659 1.591l-5.432 5.432a2.25 2.25 0 0 0-.659 1.591v2.927a2.25 2.25 0 0 1-1.244 2.013L9.75 21v-6.568a2.25 2.25 0 0 0-.659-1.591L3.659 7.409A2.25 2.25 0 0 1 3 5.818V4.774c0-.54.384-1.006.917-1.096A48.32 48.32 0 0 1 12 3Z"
            stroke-linecap="round"
            stroke-linejoin="round"
          />
        </svg>
        search.advanced.title
      </button>
      <div
        aria-label="search.advanced.title"
        class="filter-panel"
        data-open="true"
        role="region"
      >
        <div
          class="filter-header"
        >
          <h3>
            search.filters.title
          </h3>
          <button
            aria-label="Close"
            class="close-button"
          >
            <svg
              aria-hidden="true"
              class="close-icon"
              data-slot="icon"
              fill="none"
              role="img"
              stroke="currentColor"
              stroke-width="1.5"
              viewBox="0 0 24 24"
              xmlns="http://www.w3.org/2000/svg"
            >
              <path
                d="M6 18 18 6M6 6l12 12"
                stroke-linecap="round"
                stroke-linejoin="round"
              />
            </svg>
          </button>
        </div>
        <div
          class="filter-section"
        >
          <h4>
            search.presets.title
          </h4>
          <div
            class="presets-list"
            data-presets="true"
          >
            <button
              class="preset-button"
            >
              search.presets.activeStudents
            </button>
            <button
              class="preset-button"
            >
              search.presets.recentEnrollments
            </button>
          </div>
        </div>
        <div
          class="filter-section"
        >
          <h4>
            search.filters.custom
          </h4>
          <div
            class="filters-grid"
          >
            <div
              class="filter-group"
            >
              <label>
                search.fields.firstName
              </label>
              <input
                placeholder="search.fields.firstName"
                type="text"
                value=""
              />
            </div>
            <div
              class="filter-group"
            >
              <label>
                search.fields.lastName
              </label>
              <input
                placeholder="search.fields.lastName"
                type="text"
                value=""
              />
            </div>
            <div
              class="filter-group"
            >
              <label>
                search.fields.email
              </label>
              <input
                placeholder="search.fields.email"
                type="email"
                value=""
              />
            </div>
            <div
              class="filter-group"
            >
              <label>
                search.fields.academicYear
              </label>
              <input
                placeholder="2026"
                type="number"
                value=""
              />
            </div>
          </div>
        </div>
        <div
          class="filter-actions"
        >
          <button
            class="apply-button"
            disabled=""
          >
            search.advanced.apply
          </button>
          <button
            class="reset-button"
          >
            <svg
              aria-hidden="true"
              class="reset-icon"
              data-slot="icon"
              fill="none"
              role="img"
              stroke="currentColor"
              stroke-width="1.5"
              viewBox="0 0 24 24"
              xmlns="http://www.w3.org/2000/svg"
            >
              <path
                d="M16.023 9.348h4.992v-.001M2.985 19.644v-4.992m0 0h4.992m-4.993 0 3.181 3.183a8.25 8.25 0 0 0 13.803-3.7M4.031 9.865a8.25 8.25 0 0 1 13.803-3.7l3.181 3.182m0-4.991v4.99"
                stroke-linecap="round"
                stroke-linejoin="round"
              />
            </svg>
            search.advanced.reset
          </button>
        </div>
      </div>
    </div>
  </div>
</body>
 ❯ Object.getElementError node_modules/@testing-library/dom/dist/config.js:37:19
 ❯ node_modules/@testing-library/dom/dist/query-helpers.js:76:38
 ❯ node_modules/@testing-library/dom/dist/query-helpers.js:52:17
 ❯ node_modules/@testing-library/dom/dist/query-helpers.js:95:19
 ❯ src/components/__tests__/AdvancedFilters.test.tsx:282:34
    280|       });
    281| 
    282|       const applyButton = screen.getByRole('button', {
       |                                  ^
    283|         name: /apply filters/i
    284|       });

⎯⎯⎯⎯⎯⎯⎯⎯⎯⎯⎯⎯⎯⎯⎯⎯⎯⎯⎯⎯⎯⎯[17/31]⎯

 FAIL  src/components/__tests__/AdvancedFilters.test.tsx > AdvancedFilters Component > Apply/Reset > should call onReset when Reset clicked
TestingLibraryElementError: Unable to find an accessible element with the role "button" and name `/reset filters/i`

Here are the accessible roles:

  button:

  Name "search.advanced.title":
  <button
    aria-expanded="true"
    aria-label="search.advanced.title"
    class="filter-toggle open"
  />

  Name "Close":
  <button
    aria-label="Close"
    class="close-button"
  />

  Name "search.presets.activeStudents":
  <button
    class="preset-button"
  />

  Name "search.presets.recentEnrollments":
  <button
    class="preset-button"
  />

  Name "search.advanced.apply":
  <button
    class="apply-button"
    disabled=""
  />

  Name "search.advanced.reset":
  <button
    class="reset-button"
  />

  --------------------------------------------------
  region:

  Name "search.advanced.title":
  <div
    aria-label="search.advanced.title"
    class="filter-panel"
    data-open="true"
    role="region"
  />

  --------------------------------------------------
  heading:

  Name "search.filters.title":
  <h3 />

  Name "search.presets.title":
  <h4 />

  Name "search.filters.custom":
  <h4 />

  --------------------------------------------------
  textbox:

  Name "":
  <input
    placeholder="search.fields.firstName"
    type="text"
    value=""
  />

  Name "":
  <input
    placeholder="search.fields.lastName"
    type="text"
    value=""
  />

  Name "":
  <input
    placeholder="search.fields.email"
    type="email"
    value=""
  />

  --------------------------------------------------
  spinbutton:

  Name "":
  <input
    placeholder="2026"
    type="number"
    value=""
  />

  --------------------------------------------------

Ignored nodes: comments, script, style
<body>
  <div>
    <div
      class="advanced-filters "
    >
      <button
        aria-expanded="true"
        aria-label="search.advanced.title"
        class="filter-toggle open"
      >
        <svg
          aria-hidden="true"
          class="toggle-icon"
          data-slot="icon"
          fill="none"
          role="img"
          stroke="currentColor"
          stroke-width="1.5"
          viewBox="0 0 24 24"
          xmlns="http://www.w3.org/2000/svg"
        >
          <path
            d="M12 3c2.755 0 5.455.232 8.083.678.533.09.917.556.917 1.096v1.044a2.25 2.25 0 0 1-.659 1.591l-5.432 5.432a2.25 2.25 0 0 0-.659 1.591v2.927a2.25 2.25 0 0 1-1.244 2.013L9.75 21v-6.568a2.25 2.25 0 0 0-.659-1.591L3.659 7.409A2.25 2.25 0 0 1 3 5.818V4.774c0-.54.384-1.006.917-1.096A48.32 48.32 0 0 1 12 3Z"
            stroke-linecap="round"
            stroke-linejoin="round"
          />
        </svg>
        search.advanced.title
      </button>
      <div
        aria-label="search.advanced.title"
        class="filter-panel"
        data-open="true"
        role="region"
      >
        <div
          class="filter-header"
        >
          <h3>
            search.filters.title
          </h3>
          <button
            aria-label="Close"
            class="close-button"
          >
            <svg
              aria-hidden="true"
              class="close-icon"
              data-slot="icon"
              fill="none"
              role="img"
              stroke="currentColor"
              stroke-width="1.5"
              viewBox="0 0 24 24"
              xmlns="http://www.w3.org/2000/svg"
            >
              <path
                d="M6 18 18 6M6 6l12 12"
                stroke-linecap="round"
                stroke-linejoin="round"
              />
            </svg>
          </button>
        </div>
        <div
          class="filter-section"
        >
          <h4>
            search.presets.title
          </h4>
          <div
            class="presets-list"
            data-presets="true"
          >
            <button
              class="preset-button"
            >
              search.presets.activeStudents
            </button>
            <button
              class="preset-button"
            >
              search.presets.recentEnrollments
            </button>
          </div>
        </div>
        <div
          class="filter-section"
        >
          <h4>
            search.filters.custom
          </h4>
          <div
            class="filters-grid"
          >
            <div
              class="filter-group"
            >
              <label>
                search.fields.firstName
              </label>
              <input
                placeholder="search.fields.firstName"
                type="text"
                value=""
              />
            </div>
            <div
              class="filter-group"
            >
              <label>
                search.fields.lastName
              </label>
              <input
                placeholder="search.fields.lastName"
                type="text"
                value=""
              />
            </div>
            <div
              class="filter-group"
            >
              <label>
                search.fields.email
              </label>
              <input
                placeholder="search.fields.email"
                type="email"
                value=""
              />
            </div>
            <div
              class="filter-group"
            >
              <label>
                search.fields.academicYear
              </label>
              <input
                placeholder="2026"
                type="number"
                value=""
              />
            </div>
          </div>
        </div>
        <div
          class="filter-actions"
        >
          <button
            class="apply-button"
            disabled=""
          >
            search.advanced.apply
          </button>
          <button
            class="reset-button"
          >
            <svg
              aria-hidden="true"
              class="reset-icon"
              data-slot="icon"
              fill="none"
              role="img"
              stroke="currentColor"
              stroke-width="1.5"
              viewBox="0 0 24 24"
              xmlns="http://www.w3.org/2000/svg"
            >
              <path
                d="M16.023 9.348h4.992v-.001M2.985 19.644v-4.992m0 0h4.992m-4.993 0 3.181 3.183a8.25 8.25 0 0 0 13.803-3.7M4.031 9.865a8.25 8.25 0 0 1 13.803-3.7l3.181 3.182m0-4.991v4.99"
                stroke-linecap="round"
                stroke-linejoin="round"
              />
            </svg>
            search.advanced.reset
          </button>
        </div>
      </div>
    </div>
  </div>
</body>
 ❯ Object.getElementError node_modules/@testing-library/dom/dist/config.js:37:19
 ❯ node_modules/@testing-library/dom/dist/query-helpers.js:76:38
 ❯ node_modules/@testing-library/dom/dist/query-helpers.js:52:17
 ❯ node_modules/@testing-library/dom/dist/query-helpers.js:95:19
 ❯ src/components/__tests__/AdvancedFilters.test.tsx:299:34
    297|       });
    298| 
    299|       const resetButton = screen.getByRole('button', {
       |                                  ^
    300|         name: /reset filters/i
    301|       });

⎯⎯⎯⎯⎯⎯⎯⎯⎯⎯⎯⎯⎯⎯⎯⎯⎯⎯⎯⎯⎯⎯[18/31]⎯

 FAIL  src/components/__tests__/AdvancedFilters.test.tsx > AdvancedFilters Component > Apply/Reset > should clear all fields when Reset clicked
TestingLibraryElementError: Unable to find an element with the placeholder text of: /first name/i

Ignored nodes: comments, script, style
<body>
  <div>
    <div
      class="advanced-filters "
    >
      <button
        aria-expanded="true"
        aria-label="search.advanced.title"
        class="filter-toggle open"
      >
        <svg
          aria-hidden="true"
          class="toggle-icon"
          data-slot="icon"
          fill="none"
          role="img"
          stroke="currentColor"
          stroke-width="1.5"
          viewBox="0 0 24 24"
          xmlns="http://www.w3.org/2000/svg"
        >
          <path
            d="M12 3c2.755 0 5.455.232 8.083.678.533.09.917.556.917 1.096v1.044a2.25 2.25 0 0 1-.659 1.591l-5.432 5.432a2.25 2.25 0 0 0-.659 1.591v2.927a2.25 2.25 0 0 1-1.244 2.013L9.75 21v-6.568a2.25 2.25 0 0 0-.659-1.591L3.659 7.409A2.25 2.25 0 0 1 3 5.818V4.774c0-.54.384-1.006.917-1.096A48.32 48.32 0 0 1 12 3Z"
            stroke-linecap="round"
            stroke-linejoin="round"
          />
        </svg>
        search.advanced.title
      </button>
      <div
        aria-label="search.advanced.title"
        class="filter-panel"
        data-open="true"
        role="region"
      >
        <div
          class="filter-header"
        >
          <h3>
            search.filters.title
          </h3>
          <button
            aria-label="Close"
            class="close-button"
          >
            <svg
              aria-hidden="true"
              class="close-icon"
              data-slot="icon"
              fill="none"
              role="img"
              stroke="currentColor"
              stroke-width="1.5"
              viewBox="0 0 24 24"
              xmlns="http://www.w3.org/2000/svg"
            >
              <path
                d="M6 18 18 6M6 6l12 12"
                stroke-linecap="round"
                stroke-linejoin="round"
              />
            </svg>
          </button>
        </div>
        <div
          class="filter-section"
        >
          <h4>
            search.presets.title
          </h4>
          <div
            class="presets-list"
            data-presets="true"
          >
            <button
              class="preset-button"
            >
              search.presets.activeStudents
            </button>
            <button
              class="preset-button"
            >
              search.presets.recentEnrollments
            </button>
          </div>
        </div>
        <div
          class="filter-section"
        >
          <h4>
            search.filters.custom
          </h4>
          <div
            class="filters-grid"
          >
            <div
              class="filter-group"
            >
              <label>
                search.fields.firstName
              </label>
              <input
                placeholder="search.fields.firstName"
                type="text"
                value=""
              />
            </div>
            <div
              class="filter-group"
            >
              <label>
                search.fields.lastName
              </label>
              <input
                placeholder="search.fields.lastName"
                type="text"
                value=""
              />
            </div>
            <div
              class="filter-group"
            >
              <label>
                search.fields.email
              </label>
              <input
                placeholder="search.fields.email"
                type="email"
                value=""
              />
            </div>
            <div
              class="filter-group"
            >
              <label>
                search.fields.academicYear
              </label>
              <input
                placeholder="2026"
                type="number"
                value=""
              />
            </div>
          </div>
        </div>
        <div
          class="filter-actions"
        >
          <button
            class="apply-button"
            disabled=""
          >
            search.advanced.apply
          </button>
          <button
            class="reset-button"
          >
            <svg
              aria-hidden="true"
              class="reset-icon"
              data-slot="icon"
              fill="none"
              role="img"
              stroke="currentColor"
              stroke-width="1.5"
              viewBox="0 0 24 24"
              xmlns="http://www.w3.org/2000/svg"
            >
              <path
                d="M16.023 9.348h4.992v-.001M2.985 19.644v-4.992m0 0h4.992m-4.993 0 3.181 3.183a8.25 8.25 0 0 0 13.803-3.7M4.031 9.865a8.25 8.25 0 0 1 13.803-3.7l3.181 3.182m0-4.991v4.99"
                stroke-linecap="round"
                stroke-linejoin="round"
              />
            </svg>
            search.advanced.reset
          </button>
        </div>
      </div>
    </div>
  </div>
</body>
 ❯ Object.getElementError node_modules/@testing-library/dom/dist/config.js:37:19
 ❯ node_modules/@testing-library/dom/dist/query-helpers.js:76:38
 ❯ node_modules/@testing-library/dom/dist/query-helpers.js:52:17
 ❯ node_modules/@testing-library/dom/dist/query-helpers.js:95:19
 ❯ src/components/__tests__/AdvancedFilters.test.tsx:311:37
    309|       renderAdvancedFilters({ searchType: 'students' });
    310| 
    311|       const firstNameInput = screen.getByPlaceholderText(/first name/i…
       |                                     ^
    312|       await user.type(firstNameInput, 'John');
    313| 

⎯⎯⎯⎯⎯⎯⎯⎯⎯⎯⎯⎯⎯⎯⎯⎯⎯⎯⎯⎯⎯⎯[19/31]⎯

 FAIL  src/components/__tests__/AdvancedFilters.test.tsx > AdvancedFilters Component > Panel Toggle > should call onToggle when toggle clicked
TestingLibraryElementError: Unable to find an accessible element with the role "button" and name `/advanced filters/i`

Here are the accessible roles:

  button:

  Name "search.advanced.title":
  <button
    aria-expanded="true"
    aria-label="search.advanced.title"
    class="filter-toggle open"
  />

  Name "Close":
  <button
    aria-label="Close"
    class="close-button"
  />

  Name "search.presets.activeStudents":
  <button
    class="preset-button"
  />

  Name "search.presets.recentEnrollments":
  <button
    class="preset-button"
  />

  Name "search.advanced.apply":
  <button
    class="apply-button"
    disabled=""
  />

  Name "search.advanced.reset":
  <button
    class="reset-button"
  />

  --------------------------------------------------
  region:

  Name "search.advanced.title":
  <div
    aria-label="search.advanced.title"
    class="filter-panel"
    data-open="true"
    role="region"
  />

  --------------------------------------------------
  heading:

  Name "search.filters.title":
  <h3 />

  Name "search.presets.title":
  <h4 />

  Name "search.filters.custom":
  <h4 />

  --------------------------------------------------
  textbox:

  Name "":
  <input
    placeholder="search.fields.firstName"
    type="text"
    value=""
  />

  Name "":
  <input
    placeholder="search.fields.lastName"
    type="text"
    value=""
  />

  Name "":
  <input
    placeholder="search.fields.email"
    type="email"
    value=""
  />

  --------------------------------------------------
  spinbutton:

  Name "":
  <input
    placeholder="2026"
    type="number"
    value=""
  />

  --------------------------------------------------

Ignored nodes: comments, script, style
<body>
  <div>
    <div
      class="advanced-filters "
    >
      <button
        aria-expanded="true"
        aria-label="search.advanced.title"
        class="filter-toggle open"
      >
        <svg
          aria-hidden="true"
          class="toggle-icon"
          data-slot="icon"
          fill="none"
          role="img"
          stroke="currentColor"
          stroke-width="1.5"
          viewBox="0 0 24 24"
          xmlns="http://www.w3.org/2000/svg"
        >
          <path
            d="M12 3c2.755 0 5.455.232 8.083.678.533.09.917.556.917 1.096v1.044a2.25 2.25 0 0 1-.659 1.591l-5.432 5.432a2.25 2.25 0 0 0-.659 1.591v2.927a2.25 2.25 0 0 1-1.244 2.013L9.75 21v-6.568a2.25 2.25 0 0 0-.659-1.591L3.659 7.409A2.25 2.25 0 0 1 3 5.818V4.774c0-.54.384-1.006.917-1.096A48.32 48.32 0 0 1 12 3Z"
            stroke-linecap="round"
            stroke-linejoin="round"
          />
        </svg>
        search.advanced.title
      </button>
      <div
        aria-label="search.advanced.title"
        class="filter-panel"
        data-open="true"
        role="region"
      >
        <div
          class="filter-header"
        >
          <h3>
            search.filters.title
          </h3>
          <button
            aria-label="Close"
            class="close-button"
          >
            <svg
              aria-hidden="true"
              class="close-icon"
              data-slot="icon"
              fill="none"
              role="img"
              stroke="currentColor"
              stroke-width="1.5"
              viewBox="0 0 24 24"
              xmlns="http://www.w3.org/2000/svg"
            >
              <path
                d="M6 18 18 6M6 6l12 12"
                stroke-linecap="round"
                stroke-linejoin="round"
              />
            </svg>
          </button>
        </div>
        <div
          class="filter-section"
        >
          <h4>
            search.presets.title
          </h4>
          <div
            class="presets-list"
            data-presets="true"
          >
            <button
              class="preset-button"
            >
              search.presets.activeStudents
            </button>
            <button
              class="preset-button"
            >
              search.presets.recentEnrollments
            </button>
          </div>
        </div>
        <div
          class="filter-section"
        >
          <h4>
            search.filters.custom
          </h4>
          <div
            class="filters-grid"
          >
            <div
              class="filter-group"
            >
              <label>
                search.fields.firstName
              </label>
              <input
                placeholder="search.fields.firstName"
                type="text"
                value=""
              />
            </div>
            <div
              class="filter-group"
            >
              <label>
                search.fields.lastName
              </label>
              <input
                placeholder="search.fields.lastName"
                type="text"
                value=""
              />
            </div>
            <div
              class="filter-group"
            >
              <label>
                search.fields.email
              </label>
              <input
                placeholder="search.fields.email"
                type="email"
                value=""
              />
            </div>
            <div
              class="filter-group"
            >
              <label>
                search.fields.academicYear
              </label>
              <input
                placeholder="2026"
                type="number"
                value=""
              />
            </div>
          </div>
        </div>
        <div
          class="filter-actions"
        >
          <button
            class="apply-button"
            disabled=""
          >
            search.advanced.apply
          </button>
          <button
            class="reset-button"
          >
            <svg
              aria-hidden="true"
              class="reset-icon"
              data-slot="icon"
              fill="none"
              role="img"
              stroke="currentColor"
              stroke-width="1.5"
              viewBox="0 0 24 24"
              xmlns="http://www.w3.org/2000/svg"
            >
              <path
                d="M16.023 9.348h4.992v-.001M2.985 19.644v-4.992m0 0h4.992m-4.993 0 3.181 3.183a8.25 8.25 0 0 0 13.803-3.7M4.031 9.865a8.25 8.25 0 0 1 13.803-3.7l3.181 3.182m0-4.991v4.99"
                stroke-linecap="round"
                stroke-linejoin="round"
              />
            </svg>
            search.advanced.reset
          </button>
        </div>
      </div>
    </div>
  </div>
</body>
 ❯ Object.getElementError node_modules/@testing-library/dom/dist/config.js:37:19
 ❯ node_modules/@testing-library/dom/dist/query-helpers.js:76:38
 ❯ node_modules/@testing-library/dom/dist/query-helpers.js:52:17
 ❯ node_modules/@testing-library/dom/dist/query-helpers.js:95:19
 ❯ src/components/__tests__/AdvancedFilters.test.tsx:332:35
    330|       renderAdvancedFilters({ onToggle });
    331| 
    332|       const toggleButton = screen.getByRole('button', {
       |                                   ^
    333|         name: /advanced filters/i
    334|       });

⎯⎯⎯⎯⎯⎯⎯⎯⎯⎯⎯⎯⎯⎯⎯⎯⎯⎯⎯⎯⎯⎯[20/31]⎯

 FAIL  src/components/__tests__/AdvancedFilters.test.tsx > AdvancedFilters Component > Panel Toggle > should have aria-expanded attribute
TestingLibraryElementError: Unable to find an accessible element with the role "button" and name `/advanced filters/i`

Here are the accessible roles:

  button:

  Name "search.advanced.title":
  <button
    aria-expanded="true"
    aria-label="search.advanced.title"
    class="filter-toggle open"
  />

  Name "Close":
  <button
    aria-label="Close"
    class="close-button"
  />

  Name "search.presets.activeStudents":
  <button
    class="preset-button"
  />

  Name "search.presets.recentEnrollments":
  <button
    class="preset-button"
  />

  Name "search.advanced.apply":
  <button
    class="apply-button"
    disabled=""
  />

  Name "search.advanced.reset":
  <button
    class="reset-button"
  />

  --------------------------------------------------
  region:

  Name "search.advanced.title":
  <div
    aria-label="search.advanced.title"
    class="filter-panel"
    data-open="true"
    role="region"
  />

  --------------------------------------------------
  heading:

  Name "search.filters.title":
  <h3 />

  Name "search.presets.title":
  <h4 />

  Name "search.filters.custom":
  <h4 />

  --------------------------------------------------
  textbox:

  Name "":
  <input
    placeholder="search.fields.firstName"
    type="text"
    value=""
  />

  Name "":
  <input
    placeholder="search.fields.lastName"
    type="text"
    value=""
  />

  Name "":
  <input
    placeholder="search.fields.email"
    type="email"
    value=""
  />

  --------------------------------------------------
  spinbutton:

  Name "":
  <input
    placeholder="2026"
    type="number"
    value=""
  />

  --------------------------------------------------

Ignored nodes: comments, script, style
<body>
  <div>
    <div
      class="advanced-filters "
    >
      <button
        aria-expanded="true"
        aria-label="search.advanced.title"
        class="filter-toggle open"
      >
        <svg
          aria-hidden="true"
          class="toggle-icon"
          data-slot="icon"
          fill="none"
          role="img"
          stroke="currentColor"
          stroke-width="1.5"
          viewBox="0 0 24 24"
          xmlns="http://www.w3.org/2000/svg"
        >
          <path
            d="M12 3c2.755 0 5.455.232 8.083.678.533.09.917.556.917 1.096v1.044a2.25 2.25 0 0 1-.659 1.591l-5.432 5.432a2.25 2.25 0 0 0-.659 1.591v2.927a2.25 2.25 0 0 1-1.244 2.013L9.75 21v-6.568a2.25 2.25 0 0 0-.659-1.591L3.659 7.409A2.25 2.25 0 0 1 3 5.818V4.774c0-.54.384-1.006.917-1.096A48.32 48.32 0 0 1 12 3Z"
            stroke-linecap="round"
            stroke-linejoin="round"
          />
        </svg>
        search.advanced.title
      </button>
      <div
        aria-label="search.advanced.title"
        class="filter-panel"
        data-open="true"
        role="region"
      >
        <div
          class="filter-header"
        >
          <h3>
            search.filters.title
          </h3>
          <button
            aria-label="Close"
            class="close-button"
          >
            <svg
              aria-hidden="true"
              class="close-icon"
              data-slot="icon"
              fill="none"
              role="img"
              stroke="currentColor"
              stroke-width="1.5"
              viewBox="0 0 24 24"
              xmlns="http://www.w3.org/2000/svg"
            >
              <path
                d="M6 18 18 6M6 6l12 12"
                stroke-linecap="round"
                stroke-linejoin="round"
              />
            </svg>
          </button>
        </div>
        <div
          class="filter-section"
        >
          <h4>
            search.presets.title
          </h4>
          <div
            class="presets-list"
            data-presets="true"
          >
            <button
              class="preset-button"
            >
              search.presets.activeStudents
            </button>
            <button
              class="preset-button"
            >
              search.presets.recentEnrollments
            </button>
          </div>
        </div>
        <div
          class="filter-section"
        >
          <h4>
            search.filters.custom
          </h4>
          <div
            class="filters-grid"
          >
            <div
              class="filter-group"
            >
              <label>
                search.fields.firstName
              </label>
              <input
                placeholder="search.fields.firstName"
                type="text"
                value=""
              />
            </div>
            <div
              class="filter-group"
            >
              <label>
                search.fields.lastName
              </label>
              <input
                placeholder="search.fields.lastName"
                type="text"
                value=""
              />
            </div>
            <div
              class="filter-group"
            >
              <label>
                search.fields.email
              </label>
              <input
                placeholder="search.fields.email"
                type="email"
                value=""
              />
            </div>
            <div
              class="filter-group"
            >
              <label>
                search.fields.academicYear
              </label>
              <input
                placeholder="2026"
                type="number"
                value=""
              />
            </div>
          </div>
        </div>
        <div
          class="filter-actions"
        >
          <button
            class="apply-button"
            disabled=""
          >
            search.advanced.apply
          </button>
          <button
            class="reset-button"
          >
            <svg
              aria-hidden="true"
              class="reset-icon"
              data-slot="icon"
              fill="none"
              role="img"
              stroke="currentColor"
              stroke-width="1.5"
              viewBox="0 0 24 24"
              xmlns="http://www.w3.org/2000/svg"
            >
              <path
                d="M16.023 9.348h4.992v-.001M2.985 19.644v-4.992m0 0h4.992m-4.993 0 3.181 3.183a8.25 8.25 0 0 0 13.803-3.7M4.031 9.865a8.25 8.25 0 0 1 13.803-3.7l3.181 3.182m0-4.991v4.99"
                stroke-linecap="round"
                stroke-linejoin="round"
              />
            </svg>
            search.advanced.reset
          </button>
        </div>
      </div>
    </div>
  </div>
</body>
 ❯ Object.getElementError node_modules/@testing-library/dom/dist/config.js:37:19
 ❯ node_modules/@testing-library/dom/dist/query-helpers.js:76:38
 ❯ node_modules/@testing-library/dom/dist/query-helpers.js:52:17
 ❯ node_modules/@testing-library/dom/dist/query-helpers.js:95:19
 ❯ src/components/__tests__/AdvancedFilters.test.tsx:350:35
    348|       renderAdvancedFilters({ isOpen: true });
    349| 
    350|       const toggleButton = screen.getByRole('button', {
       |                                   ^
    351|         name: /advanced filters/i
    352|       });

⎯⎯⎯⎯⎯⎯⎯⎯⎯⎯⎯⎯⎯⎯⎯⎯⎯⎯⎯⎯⎯⎯[21/31]⎯

 FAIL  src/components/__tests__/AdvancedFilters.test.tsx > AdvancedFilters Component > Form State > should maintain field values
TestingLibraryElementError: Unable to find an element with the placeholder text of: /first name/i

Ignored nodes: comments, script, style
<body>
  <div>
    <div
      class="advanced-filters "
    >
      <button
        aria-expanded="true"
        aria-label="search.advanced.title"
        class="filter-toggle open"
      >
        <svg
          aria-hidden="true"
          class="toggle-icon"
          data-slot="icon"
          fill="none"
          role="img"
          stroke="currentColor"
          stroke-width="1.5"
          viewBox="0 0 24 24"
          xmlns="http://www.w3.org/2000/svg"
        >
          <path
            d="M12 3c2.755 0 5.455.232 8.083.678.533.09.917.556.917 1.096v1.044a2.25 2.25 0 0 1-.659 1.591l-5.432 5.432a2.25 2.25 0 0 0-.659 1.591v2.927a2.25 2.25 0 0 1-1.244 2.013L9.75 21v-6.568a2.25 2.25 0 0 0-.659-1.591L3.659 7.409A2.25 2.25 0 0 1 3 5.818V4.774c0-.54.384-1.006.917-1.096A48.32 48.32 0 0 1 12 3Z"
            stroke-linecap="round"
            stroke-linejoin="round"
          />
        </svg>
        search.advanced.title
      </button>
      <div
        aria-label="search.advanced.title"
        class="filter-panel"
        data-open="true"
        role="region"
      >
        <div
          class="filter-header"
        >
          <h3>
            search.filters.title
          </h3>
          <button
            aria-label="Close"
            class="close-button"
          >
            <svg
              aria-hidden="true"
              class="close-icon"
              data-slot="icon"
              fill="none"
              role="img"
              stroke="currentColor"
              stroke-width="1.5"
              viewBox="0 0 24 24"
              xmlns="http://www.w3.org/2000/svg"
            >
              <path
                d="M6 18 18 6M6 6l12 12"
                stroke-linecap="round"
                stroke-linejoin="round"
              />
            </svg>
          </button>
        </div>
        <div
          class="filter-section"
        >
          <h4>
            search.presets.title
          </h4>
          <div
            class="presets-list"
            data-presets="true"
          >
            <button
              class="preset-button"
            >
              search.presets.activeStudents
            </button>
            <button
              class="preset-button"
            >
              search.presets.recentEnrollments
            </button>
          </div>
        </div>
        <div
          class="filter-section"
        >
          <h4>
            search.filters.custom
          </h4>
          <div
            class="filters-grid"
          >
            <div
              class="filter-group"
            >
              <label>
                search.fields.firstName
              </label>
              <input
                placeholder="search.fields.firstName"
                type="text"
                value=""
              />
            </div>
            <div
              class="filter-group"
            >
              <label>
                search.fields.lastName
              </label>
              <input
                placeholder="search.fields.lastName"
                type="text"
                value=""
              />
            </div>
            <div
              class="filter-group"
            >
              <label>
                search.fields.email
              </label>
              <input
                placeholder="search.fields.email"
                type="email"
                value=""
              />
            </div>
            <div
              class="filter-group"
            >
              <label>
                search.fields.academicYear
              </label>
              <input
                placeholder="2026"
                type="number"
                value=""
              />
            </div>
          </div>
        </div>
        <div
          class="filter-actions"
        >
          <button
            class="apply-button"
            disabled=""
          >
            search.advanced.apply
          </button>
          <button
            class="reset-button"
          >
            <svg
              aria-hidden="true"
              class="reset-icon"
              data-slot="icon"
              fill="none"
              role="img"
              stroke="currentColor"
              stroke-width="1.5"
              viewBox="0 0 24 24"
              xmlns="http://www.w3.org/2000/svg"
            >
              <path
                d="M16.023 9.348h4.992v-.001M2.985 19.644v-4.992m0 0h4.992m-4.993 0 3.181 3.183a8.25 8.25 0 0 0 13.803-3.7M4.031 9.865a8.25 8.25 0 0 1 13.803-3.7l3.181 3.182m0-4.991v4.99"
                stroke-linecap="round"
                stroke-linejoin="round"
              />
            </svg>
            search.advanced.reset
          </button>
        </div>
      </div>
    </div>
  </div>
</body>
 ❯ Object.getElementError node_modules/@testing-library/dom/dist/config.js:37:19
 ❯ node_modules/@testing-library/dom/dist/query-helpers.js:76:38
 ❯ node_modules/@testing-library/dom/dist/query-helpers.js:52:17
 ❯ node_modules/@testing-library/dom/dist/query-helpers.js:95:19
 ❯ src/components/__tests__/AdvancedFilters.test.tsx:362:37
    360|       renderAdvancedFilters({ searchType: 'students' });
    361| 
    362|       const firstNameInput = screen.getByPlaceholderText(/first name/i…
       |                                     ^
    363|       await user.type(firstNameInput, 'John');
    364| 

⎯⎯⎯⎯⎯⎯⎯⎯⎯⎯⎯⎯⎯⎯⎯⎯⎯⎯⎯⎯⎯⎯[22/31]⎯

 FAIL  src/components/__tests__/AdvancedFilters.test.tsx > AdvancedFilters Component > Form State > should handle multiple field entries
TestingLibraryElementError: Unable to find an element with the placeholder text of: /first name/i

Ignored nodes: comments, script, style
<body>
  <div>
    <div
      class="advanced-filters "
    >
      <button
        aria-expanded="true"
        aria-label="search.advanced.title"
        class="filter-toggle open"
      >
        <svg
          aria-hidden="true"
          class="toggle-icon"
          data-slot="icon"
          fill="none"
          role="img"
          stroke="currentColor"
          stroke-width="1.5"
          viewBox="0 0 24 24"
          xmlns="http://www.w3.org/2000/svg"
        >
          <path
            d="M12 3c2.755 0 5.455.232 8.083.678.533.09.917.556.917 1.096v1.044a2.25 2.25 0 0 1-.659 1.591l-5.432 5.432a2.25 2.25 0 0 0-.659 1.591v2.927a2.25 2.25 0 0 1-1.244 2.013L9.75 21v-6.568a2.25 2.25 0 0 0-.659-1.591L3.659 7.409A2.25 2.25 0 0 1 3 5.818V4.774c0-.54.384-1.006.917-1.096A48.32 48.32 0 0 1 12 3Z"
            stroke-linecap="round"
            stroke-linejoin="round"
          />
        </svg>
        search.advanced.title
      </button>
      <div
        aria-label="search.advanced.title"
        class="filter-panel"
        data-open="true"
        role="region"
      >
        <div
          class="filter-header"
        >
          <h3>
            search.filters.title
          </h3>
          <button
            aria-label="Close"
            class="close-button"
          >
            <svg
              aria-hidden="true"
              class="close-icon"
              data-slot="icon"
              fill="none"
              role="img"
              stroke="currentColor"
              stroke-width="1.5"
              viewBox="0 0 24 24"
              xmlns="http://www.w3.org/2000/svg"
            >
              <path
                d="M6 18 18 6M6 6l12 12"
                stroke-linecap="round"
                stroke-linejoin="round"
              />
            </svg>
          </button>
        </div>
        <div
          class="filter-section"
        >
          <h4>
            search.presets.title
          </h4>
          <div
            class="presets-list"
            data-presets="true"
          >
            <button
              class="preset-button"
            >
              search.presets.activeStudents
            </button>
            <button
              class="preset-button"
            >
              search.presets.recentEnrollments
            </button>
          </div>
        </div>
        <div
          class="filter-section"
        >
          <h4>
            search.filters.custom
          </h4>
          <div
            class="filters-grid"
          >
            <div
              class="filter-group"
            >
              <label>
                search.fields.firstName
              </label>
              <input
                placeholder="search.fields.firstName"
                type="text"
                value=""
              />
            </div>
            <div
              class="filter-group"
            >
              <label>
                search.fields.lastName
              </label>
              <input
                placeholder="search.fields.lastName"
                type="text"
                value=""
              />
            </div>
            <div
              class="filter-group"
            >
              <label>
                search.fields.email
              </label>
              <input
                placeholder="search.fields.email"
                type="email"
                value=""
              />
            </div>
            <div
              class="filter-group"
            >
              <label>
                search.fields.academicYear
              </label>
              <input
                placeholder="2026"
                type="number"
                value=""
              />
            </div>
          </div>
        </div>
        <div
          class="filter-actions"
        >
          <button
            class="apply-button"
            disabled=""
          >
            search.advanced.apply
          </button>
          <button
            class="reset-button"
          >
            <svg
              aria-hidden="true"
              class="reset-icon"
              data-slot="icon"
              fill="none"
              role="img"
              stroke="currentColor"
              stroke-width="1.5"
              viewBox="0 0 24 24"
              xmlns="http://www.w3.org/2000/svg"
            >
              <path
                d="M16.023 9.348h4.992v-.001M2.985 19.644v-4.992m0 0h4.992m-4.993 0 3.181 3.183a8.25 8.25 0 0 0 13.803-3.7M4.031 9.865a8.25 8.25 0 0 1 13.803-3.7l3.181 3.182m0-4.991v4.99"
                stroke-linecap="round"
                stroke-linejoin="round"
              />
            </svg>
            search.advanced.reset
          </button>
        </div>
      </div>
    </div>
  </div>
</body>
 ❯ Object.getElementError node_modules/@testing-library/dom/dist/config.js:37:19
 ❯ node_modules/@testing-library/dom/dist/query-helpers.js:76:38
 ❯ node_modules/@testing-library/dom/dist/query-helpers.js:52:17
 ❯ node_modules/@testing-library/dom/dist/query-helpers.js:95:19
 ❯ src/components/__tests__/AdvancedFilters.test.tsx:372:37
    370|       renderAdvancedFilters({ searchType: 'students' });
    371| 
    372|       const firstNameInput = screen.getByPlaceholderText(/first name/i…
       |                                     ^
    373|       const emailInput = screen.getByPlaceholderText(/email/i) as HTML…
    374| 

⎯⎯⎯⎯⎯⎯⎯⎯⎯⎯⎯⎯⎯⎯⎯⎯⎯⎯⎯⎯⎯⎯[23/31]⎯

 FAIL  src/components/__tests__/AdvancedFilters.test.tsx > AdvancedFilters Component > Form State > should validate numeric input for grade ranges
TestingLibraryElementError: Unable to find an element with the placeholder text of: /min grade/i

Ignored nodes: comments, script, style
<body>
  <div>
    <div
      class="advanced-filters "
    >
      <button
        aria-expanded="true"
        aria-label="search.advanced.title"
        class="filter-toggle open"
      >
        <svg
          aria-hidden="true"
          class="toggle-icon"
          data-slot="icon"
          fill="none"
          role="img"
          stroke="currentColor"
          stroke-width="1.5"
          viewBox="0 0 24 24"
          xmlns="http://www.w3.org/2000/svg"
        >
          <path
            d="M12 3c2.755 0 5.455.232 8.083.678.533.09.917.556.917 1.096v1.044a2.25 2.25 0 0 1-.659 1.591l-5.432 5.432a2.25 2.25 0 0 0-.659 1.591v2.927a2.25 2.25 0 0 1-1.244 2.013L9.75 21v-6.568a2.25 2.25 0 0 0-.659-1.591L3.659 7.409A2.25 2.25 0 0 1 3 5.818V4.774c0-.54.384-1.006.917-1.096A48.32 48.32 0 0 1 12 3Z"
            stroke-linecap="round"
            stroke-linejoin="round"
          />
        </svg>
        search.advanced.title
      </button>
      <div
        aria-label="search.advanced.title"
        class="filter-panel"
        data-open="true"
        role="region"
      >
        <div
          class="filter-header"
        >
          <h3>
            search.filters.title
          </h3>
          <button
            aria-label="Close"
            class="close-button"
          >
            <svg
              aria-hidden="true"
              class="close-icon"
              data-slot="icon"
              fill="none"
              role="img"
              stroke="currentColor"
              stroke-width="1.5"
              viewBox="0 0 24 24"
              xmlns="http://www.w3.org/2000/svg"
            >
              <path
                d="M6 18 18 6M6 6l12 12"
                stroke-linecap="round"
                stroke-linejoin="round"
              />
            </svg>
          </button>
        </div>
        <div
          class="filter-section"
        >
          <h4>
            search.presets.title
          </h4>
          <div
            class="presets-list"
            data-presets="true"
          >
            <button
              class="preset-button"
            >
              search.presets.highGrades
            </button>
            <button
              class="preset-button"
            >
              search.presets.passingOnly
            </button>
            <button
              class="preset-button"
            >
              search.presets.failing
            </button>
          </div>
        </div>
        <div
          class="filter-section"
        >
          <h4>
            search.filters.custom
          </h4>
          <div
            class="filters-grid"
          >
            <div
              class="filter-group"
            >
              <label>
                search.fields.gradeMin
              </label>
              <input
                max="100"
                min="0"
                placeholder="search.fields.gradeMin"
                type="number"
                value=""
              />
            </div>
            <div
              class="filter-group"
            >
              <label>
                search.fields.gradeMax
              </label>
              <input
                max="100"
                min="0"
                placeholder="search.fields.gradeMax"
                type="number"
                value=""
              />
            </div>
            <div
              class="filter-group"
            >
              <label>
                search.fields.studentId
              </label>
              <input
                placeholder="search.fields.studentId"
                type="number"
                value=""
              />
            </div>
            <div
              class="filter-group"
            >
              <label>
                search.fields.courseId
              </label>
              <input
                placeholder="search.fields.courseId"
                type="number"
                value=""
              />
            </div>
          </div>
        </div>
        <div
          class="filter-actions"
        >
          <button
            class="apply-button"
            disabled=""
          >
            search.advanced.apply
          </button>
          <button
            class="reset-button"
          >
            <svg
              aria-hidden="true"
              class="reset-icon"
              data-slot="icon"
              fill="none"
              role="img"
              stroke="currentColor"
              stroke-width="1.5"
              viewBox="0 0 24 24"
              xmlns="http://www.w3.org/2000/svg"
            >
              <path
                d="M16.023 9.348h4.992v-.001M2.985 19.644v-4.992m0 0h4.992m-4.993 0 3.181 3.183a8.25 8.25 0 0 0 13.803-3.7M4.031 9.865a8.25 8.25 0 0 1 13.803-3.7l3.181 3.182m0-4.991v4.99"
                stroke-linecap="round"
                stroke-linejoin="round"
              />
            </svg>
            search.advanced.reset
          </button>
        </div>
      </div>
    </div>
  </div>
</body>
 ❯ Object.getElementError node_modules/@testing-library/dom/dist/config.js:37:19
 ❯ node_modules/@testing-library/dom/dist/query-helpers.js:76:38
 ❯ node_modules/@testing-library/dom/dist/query-helpers.js:52:17
 ❯ node_modules/@testing-library/dom/dist/query-helpers.js:95:19
 ❯ src/components/__tests__/AdvancedFilters.test.tsx:386:36
    384|       renderAdvancedFilters({ searchType: 'grades' });
    385| 
    386|       const minGradeInput = screen.getByPlaceholderText(/min grade/i);
       |                                    ^
    387|       await user.type(minGradeInput, 'abc');
    388| 

⎯⎯⎯⎯⎯⎯⎯⎯⎯⎯⎯⎯⎯⎯⎯⎯⎯⎯⎯⎯⎯⎯[24/31]⎯

 FAIL  src/components/__tests__/AdvancedFilters.test.tsx > AdvancedFilters Component > Form State > should handle grade range validation (min <= max)
TestingLibraryElementError: Unable to find an element with the placeholder text of: /min grade/i

Ignored nodes: comments, script, style
<body>
  <div>
    <div
      class="advanced-filters "
    >
      <button
        aria-expanded="true"
        aria-label="search.advanced.title"
        class="filter-toggle open"
      >
        <svg
          aria-hidden="true"
          class="toggle-icon"
          data-slot="icon"
          fill="none"
          role="img"
          stroke="currentColor"
          stroke-width="1.5"
          viewBox="0 0 24 24"
          xmlns="http://www.w3.org/2000/svg"
        >
          <path
            d="M12 3c2.755 0 5.455.232 8.083.678.533.09.917.556.917 1.096v1.044a2.25 2.25 0 0 1-.659 1.591l-5.432 5.432a2.25 2.25 0 0 0-.659 1.591v2.927a2.25 2.25 0 0 1-1.244 2.013L9.75 21v-6.568a2.25 2.25 0 0 0-.659-1.591L3.659 7.409A2.25 2.25 0 0 1 3 5.818V4.774c0-.54.384-1.006.917-1.096A48.32 48.32 0 0 1 12 3Z"
            stroke-linecap="round"
            stroke-linejoin="round"
          />
        </svg>
        search.advanced.title
      </button>
      <div
        aria-label="search.advanced.title"
        class="filter-panel"
        data-open="true"
        role="region"
      >
        <div
          class="filter-header"
        >
          <h3>
            search.filters.title
          </h3>
          <button
            aria-label="Close"
            class="close-button"
          >
            <svg
              aria-hidden="true"
              class="close-icon"
              data-slot="icon"
              fill="none"
              role="img"
              stroke="currentColor"
              stroke-width="1.5"
              viewBox="0 0 24 24"
              xmlns="http://www.w3.org/2000/svg"
            >
              <path
                d="M6 18 18 6M6 6l12 12"
                stroke-linecap="round"
                stroke-linejoin="round"
              />
            </svg>
          </button>
        </div>
        <div
          class="filter-section"
        >
          <h4>
            search.presets.title
          </h4>
          <div
            class="presets-list"
            data-presets="true"
          >
            <button
              class="preset-button"
            >
              search.presets.highGrades
            </button>
            <button
              class="preset-button"
            >
              search.presets.passingOnly
            </button>
            <button
              class="preset-button"
            >
              search.presets.failing
            </button>
          </div>
        </div>
        <div
          class="filter-section"
        >
          <h4>
            search.filters.custom
          </h4>
          <div
            class="filters-grid"
          >
            <div
              class="filter-group"
            >
              <label>
                search.fields.gradeMin
              </label>
              <input
                max="100"
                min="0"
                placeholder="search.fields.gradeMin"
                type="number"
                value=""
              />
            </div>
            <div
              class="filter-group"
            >
              <label>
                search.fields.gradeMax
              </label>
              <input
                max="100"
                min="0"
                placeholder="search.fields.gradeMax"
                type="number"
                value=""
              />
            </div>
            <div
              class="filter-group"
            >
              <label>
                search.fields.studentId
              </label>
              <input
                placeholder="search.fields.studentId"
                type="number"
                value=""
              />
            </div>
            <div
              class="filter-group"
            >
              <label>
                search.fields.courseId
              </label>
              <input
                placeholder="search.fields.courseId"
                type="number"
                value=""
              />
            </div>
          </div>
        </div>
        <div
          class="filter-actions"
        >
          <button
            class="apply-button"
            disabled=""
          >
            search.advanced.apply
          </button>
          <button
            class="reset-button"
          >
            <svg
              aria-hidden="true"
              class="reset-icon"
              data-slot="icon"
              fill="none"
              role="img"
              stroke="currentColor"
              stroke-width="1.5"
              viewBox="0 0 24 24"
              xmlns="http://www.w3.org/2000/svg"
            >
              <path
                d="M16.023 9.348h4.992v-.001M2.985 19.644v-4.992m0 0h4.992m-4.993 0 3.181 3.183a8.25 8.25 0 0 0 13.803-3.7M4.031 9.865a8.25 8.25 0 0 1 13.803-3.7l3.181 3.182m0-4.991v4.99"
                stroke-linecap="round"
                stroke-linejoin="round"
              />
            </svg>
            search.advanced.reset
          </button>
        </div>
      </div>
    </div>
  </div>
</body>
 ❯ Object.getElementError node_modules/@testing-library/dom/dist/config.js:37:19
 ❯ node_modules/@testing-library/dom/dist/query-helpers.js:76:38
 ❯ node_modules/@testing-library/dom/dist/query-helpers.js:52:17
 ❯ node_modules/@testing-library/dom/dist/query-helpers.js:95:19
 ❯ src/components/__tests__/AdvancedFilters.test.tsx:397:36
    395|       renderAdvancedFilters({ searchType: 'grades' });
    396| 
    397|       const minGradeInput = screen.getByPlaceholderText(/min grade/i);
       |                                    ^
    398|       const maxGradeInput = screen.getByPlaceholderText(/max grade/i);
    399| 

⎯⎯⎯⎯⎯⎯⎯⎯⎯⎯⎯⎯⎯⎯⎯⎯⎯⎯⎯⎯⎯⎯[25/31]⎯

 FAIL  src/components/__tests__/AdvancedFilters.test.tsx > AdvancedFilters Component > Accessibility > should have proper labels for inputs
TestingLibraryElementError: Unable to find a label with the text of: /first name|first_name/i

Ignored nodes: comments, script, style
<body>
  <div>
    <div
      class="advanced-filters "
    >
      <button
        aria-expanded="true"
        aria-label="search.advanced.title"
        class="filter-toggle open"
      >
        <svg
          aria-hidden="true"
          class="toggle-icon"
          data-slot="icon"
          fill="none"
          role="img"
          stroke="currentColor"
          stroke-width="1.5"
          viewBox="0 0 24 24"
          xmlns="http://www.w3.org/2000/svg"
        >
          <path
            d="M12 3c2.755 0 5.455.232 8.083.678.533.09.917.556.917 1.096v1.044a2.25 2.25 0 0 1-.659 1.591l-5.432 5.432a2.25 2.25 0 0 0-.659 1.591v2.927a2.25 2.25 0 0 1-1.244 2.013L9.75 21v-6.568a2.25 2.25 0 0 0-.659-1.591L3.659 7.409A2.25 2.25 0 0 1 3 5.818V4.774c0-.54.384-1.006.917-1.096A48.32 48.32 0 0 1 12 3Z"
            stroke-linecap="round"
            stroke-linejoin="round"
          />
        </svg>
        search.advanced.title
      </button>
      <div
        aria-label="search.advanced.title"
        class="filter-panel"
        data-open="true"
        role="region"
      >
        <div
          class="filter-header"
        >
          <h3>
            search.filters.title
          </h3>
          <button
            aria-label="Close"
            class="close-button"
          >
            <svg
              aria-hidden="true"
              class="close-icon"
              data-slot="icon"
              fill="none"
              role="img"
              stroke="currentColor"
              stroke-width="1.5"
              viewBox="0 0 24 24"
              xmlns="http://www.w3.org/2000/svg"
            >
              <path
                d="M6 18 18 6M6 6l12 12"
                stroke-linecap="round"
                stroke-linejoin="round"
              />
            </svg>
          </button>
        </div>
        <div
          class="filter-section"
        >
          <h4>
            search.presets.title
          </h4>
          <div
            class="presets-list"
            data-presets="true"
          >
            <button
              class="preset-button"
            >
              search.presets.activeStudents
            </button>
            <button
              class="preset-button"
            >
              search.presets.recentEnrollments
            </button>
          </div>
        </div>
        <div
          class="filter-section"
        >
          <h4>
            search.filters.custom
          </h4>
          <div
            class="filters-grid"
          >
            <div
              class="filter-group"
            >
              <label>
                search.fields.firstName
              </label>
              <input
                placeholder="search.fields.firstName"
                type="text"
                value=""
              />
            </div>
            <div
              class="filter-group"
            >
              <label>
                search.fields.lastName
              </label>
              <input
                placeholder="search.fields.lastName"
                type="text"
                value=""
              />
            </div>
            <div
              class="filter-group"
            >
              <label>
                search.fields.email
              </label>
              <input
                placeholder="search.fields.email"
                type="email"
                value=""
              />
            </div>
            <div
              class="filter-group"
            >
              <label>
                search.fields.academicYear
              </label>
              <input
                placeholder="2026"
                type="number"
                value=""
              />
            </div>
          </div>
        </div>
        <div
          class="filter-actions"
        >
          <button
            class="apply-button"
            disabled=""
          >
            search.advanced.apply
          </button>
          <button
            class="reset-button"
          >
            <svg
              aria-hidden="true"
              class="reset-icon"
              data-slot="icon"
              fill="none"
              role="img"
              stroke="currentColor"
              stroke-width="1.5"
              viewBox="0 0 24 24"
              xmlns="http://www.w3.org/2000/svg"
            >
              <path
                d="M16.023 9.348h4.992v-.001M2.985 19.644v-4.992m0 0h4.992m-4.993 0 3.181 3.183a8.25 8.25 0 0 0 13.803-3.7M4.031 9.865a8.25 8.25 0 0 1 13.803-3.7l3.181 3.182m0-4.991v4.99"
                stroke-linecap="round"
                stroke-linejoin="round"
              />
            </svg>
            search.advanced.reset
          </button>
        </div>
      </div>
    </div>
  </div>
</body>
 ❯ Object.getElementError node_modules/@testing-library/dom/dist/config.js:37:19
 ❯ getAllByLabelText node_modules/@testing-library/dom/dist/queries/label-text.js:111:38
 ❯ node_modules/@testing-library/dom/dist/query-helpers.js:52:17
 ❯ node_modules/@testing-library/dom/dist/query-helpers.js:95:19
 ❯ src/components/__tests__/AdvancedFilters.test.tsx:413:37
    411|       renderAdvancedFilters({ searchType: 'students' });
    412| 
    413|       const firstNameLabel = screen.getByLabelText(/first name|first_n…
       |                                     ^
    414|       expect(firstNameLabel).toBeInTheDocument();
    415|     });

⎯⎯⎯⎯⎯⎯⎯⎯⎯⎯⎯⎯⎯⎯⎯⎯⎯⎯⎯⎯⎯⎯[26/31]⎯

 FAIL  src/components/__tests__/AdvancedFilters.test.tsx > AdvancedFilters Component > Accessibility > should be keyboard navigable
TestingLibraryElementError: Unable to find an element with the placeholder text of: /first name/i

Ignored nodes: comments, script, style
<body>
  <div>
    <div
      class="advanced-filters "
    >
      <button
        aria-expanded="true"
        aria-label="search.advanced.title"
        class="filter-toggle open"
      >
        <svg
          aria-hidden="true"
          class="toggle-icon"
          data-slot="icon"
          fill="none"
          role="img"
          stroke="currentColor"
          stroke-width="1.5"
          viewBox="0 0 24 24"
          xmlns="http://www.w3.org/2000/svg"
        >
          <path
            d="M12 3c2.755 0 5.455.232 8.083.678.533.09.917.556.917 1.096v1.044a2.25 2.25 0 0 1-.659 1.591l-5.432 5.432a2.25 2.25 0 0 0-.659 1.591v2.927a2.25 2.25 0 0 1-1.244 2.013L9.75 21v-6.568a2.25 2.25 0 0 0-.659-1.591L3.659 7.409A2.25 2.25 0 0 1 3 5.818V4.774c0-.54.384-1.006.917-1.096A48.32 48.32 0 0 1 12 3Z"
            stroke-linecap="round"
            stroke-linejoin="round"
          />
        </svg>
        search.advanced.title
      </button>
      <div
        aria-label="search.advanced.title"
        class="filter-panel"
        data-open="true"
        role="region"
      >
        <div
          class="filter-header"
        >
          <h3>
            search.filters.title
          </h3>
          <button
            aria-label="Close"
            class="close-button"
          >
            <svg
              aria-hidden="true"
              class="close-icon"
              data-slot="icon"
              fill="none"
              role="img"
              stroke="currentColor"
              stroke-width="1.5"
              viewBox="0 0 24 24"
              xmlns="http://www.w3.org/2000/svg"
            >
              <path
                d="M6 18 18 6M6 6l12 12"
                stroke-linecap="round"
                stroke-linejoin="round"
              />
            </svg>
          </button>
        </div>
        <div
          class="filter-section"
        >
          <h4>
            search.presets.title
          </h4>
          <div
            class="presets-list"
            data-presets="true"
          >
            <button
              class="preset-button"
            >
              search.presets.activeStudents
            </button>
            <button
              class="preset-button"
            >
              search.presets.recentEnrollments
            </button>
          </div>
        </div>
        <div
          class="filter-section"
        >
          <h4>
            search.filters.custom
          </h4>
          <div
            class="filters-grid"
          >
            <div
              class="filter-group"
            >
              <label>
                search.fields.firstName
              </label>
              <input
                placeholder="search.fields.firstName"
                type="text"
                value=""
              />
            </div>
            <div
              class="filter-group"
            >
              <label>
                search.fields.lastName
              </label>
              <input
                placeholder="search.fields.lastName"
                type="text"
                value=""
              />
            </div>
            <div
              class="filter-group"
            >
              <label>
                search.fields.email
              </label>
              <input
                placeholder="search.fields.email"
                type="email"
                value=""
              />
            </div>
            <div
              class="filter-group"
            >
              <label>
                search.fields.academicYear
              </label>
              <input
                placeholder="2026"
                type="number"
                value=""
              />
            </div>
          </div>
        </div>
        <div
          class="filter-actions"
        >
          <button
            class="apply-button"
            disabled=""
          >
            search.advanced.apply
          </button>
          <button
            class="reset-button"
          >
            <svg
              aria-hidden="true"
              class="reset-icon"
              data-slot="icon"
              fill="none"
              role="img"
              stroke="currentColor"
              stroke-width="1.5"
              viewBox="0 0 24 24"
              xmlns="http://www.w3.org/2000/svg"
            >
              <path
                d="M16.023 9.348h4.992v-.001M2.985 19.644v-4.992m0 0h4.992m-4.993 0 3.181 3.183a8.25 8.25 0 0 0 13.803-3.7M4.031 9.865a8.25 8.25 0 0 1 13.803-3.7l3.181 3.182m0-4.991v4.99"
                stroke-linecap="round"
                stroke-linejoin="round"
              />
            </svg>
            search.advanced.reset
          </button>
        </div>
      </div>
    </div>
  </div>
</body>
 ❯ Object.getElementError node_modules/@testing-library/dom/dist/config.js:37:19
 ❯ node_modules/@testing-library/dom/dist/query-helpers.js:76:38
 ❯ node_modules/@testing-library/dom/dist/query-helpers.js:52:17
 ❯ node_modules/@testing-library/dom/dist/query-helpers.js:95:19
 ❯ src/components/__tests__/AdvancedFilters.test.tsx:424:16
    422|       await user.tab();
    423|       expect(
    424|         screen.getByPlaceholderText(/first name/i)
       |                ^
    425|       ).toHaveFocus();
    426|     });

⎯⎯⎯⎯⎯⎯⎯⎯⎯⎯⎯⎯⎯⎯⎯⎯⎯⎯⎯⎯⎯⎯[27/31]⎯

 FAIL  src/components/__tests__/AdvancedFilters.test.tsx > AdvancedFilters Component > Different Search Types > should show student-specific filters for students
TestingLibraryElementError: Unable to find an element with the placeholder text of: /first name/i

Ignored nodes: comments, script, style
<body>
  <div>
    <div
      class="advanced-filters "
    >
      <button
        aria-expanded="true"
        aria-label="search.advanced.title"
        class="filter-toggle open"
      >
        <svg
          aria-hidden="true"
          class="toggle-icon"
          data-slot="icon"
          fill="none"
          role="img"
          stroke="currentColor"
          stroke-width="1.5"
          viewBox="0 0 24 24"
          xmlns="http://www.w3.org/2000/svg"
        >
          <path
            d="M12 3c2.755 0 5.455.232 8.083.678.533.09.917.556.917 1.096v1.044a2.25 2.25 0 0 1-.659 1.591l-5.432 5.432a2.25 2.25 0 0 0-.659 1.591v2.927a2.25 2.25 0 0 1-1.244 2.013L9.75 21v-6.568a2.25 2.25 0 0 0-.659-1.591L3.659 7.409A2.25 2.25 0 0 1 3 5.818V4.774c0-.54.384-1.006.917-1.096A48.32 48.32 0 0 1 12 3Z"
            stroke-linecap="round"
            stroke-linejoin="round"
          />
        </svg>
        search.advanced.title
      </button>
      <div
        aria-label="search.advanced.title"
        class="filter-panel"
        data-open="true"
        role="region"
      >
        <div
          class="filter-header"
        >
          <h3>
            search.filters.title
          </h3>
          <button
            aria-label="Close"
            class="close-button"
          >
            <svg
              aria-hidden="true"
              class="close-icon"
              data-slot="icon"
              fill="none"
              role="img"
              stroke="currentColor"
              stroke-width="1.5"
              viewBox="0 0 24 24"
              xmlns="http://www.w3.org/2000/svg"
            >
              <path
                d="M6 18 18 6M6 6l12 12"
                stroke-linecap="round"
                stroke-linejoin="round"
              />
            </svg>
          </button>
        </div>
        <div
          class="filter-section"
        >
          <h4>
            search.presets.title
          </h4>
          <div
            class="presets-list"
            data-presets="true"
          >
            <button
              class="preset-button"
            >
              search.presets.activeStudents
            </button>
            <button
              class="preset-button"
            >
              search.presets.recentEnrollments
            </button>
          </div>
        </div>
        <div
          class="filter-section"
        >
          <h4>
            search.filters.custom
          </h4>
          <div
            class="filters-grid"
          >
            <div
              class="filter-group"
            >
              <label>
                search.fields.firstName
              </label>
              <input
                placeholder="search.fields.firstName"
                type="text"
                value=""
              />
            </div>
            <div
              class="filter-group"
            >
              <label>
                search.fields.lastName
              </label>
              <input
                placeholder="search.fields.lastName"
                type="text"
                value=""
              />
            </div>
            <div
              class="filter-group"
            >
              <label>
                search.fields.email
              </label>
              <input
                placeholder="search.fields.email"
                type="email"
                value=""
              />
            </div>
            <div
              class="filter-group"
            >
              <label>
                search.fields.academicYear
              </label>
              <input
                placeholder="2026"
                type="number"
                value=""
              />
            </div>
          </div>
        </div>
        <div
          class="filter-actions"
        >
          <button
            class="apply-button"
            disabled=""
          >
            search.advanced.apply
          </button>
          <button
            class="reset-button"
          >
            <svg
              aria-hidden="true"
              class="reset-icon"
              data-slot="icon"
              fill="none"
              role="img"
              stroke="currentColor"
              stroke-width="1.5"
              viewBox="0 0 24 24"
              xmlns="http://www.w3.org/2000/svg"
            >
              <path
                d="M16.023 9.348h4.992v-.001M2.985 19.644v-4.992m0 0h4.992m-4.993 0 3.181 3.183a8.25 8.25 0 0 0 13.803-3.7M4.031 9.865a8.25 8.25 0 0 1 13.803-3.7l3.181 3.182m0-4.991v4.99"
                stroke-linecap="round"
                stroke-linejoin="round"
              />
            </svg>
            search.advanced.reset
          </button>
        </div>
      </div>
    </div>
  </div>
</body>
 ❯ Object.getElementError node_modules/@testing-library/dom/dist/config.js:37:19
 ❯ node_modules/@testing-library/dom/dist/query-helpers.js:76:38
 ❯ node_modules/@testing-library/dom/dist/query-helpers.js:52:17
 ❯ node_modules/@testing-library/dom/dist/query-helpers.js:95:19
 ❯ src/components/__tests__/AdvancedFilters.test.tsx:467:21
    465|       renderAdvancedFilters({ searchType: 'students' });
    466| 
    467|       expect(screen.getByPlaceholderText(/first name/i)).toBeInTheDocu…
       |                     ^
    468|       expect(screen.getByPlaceholderText(/email/i)).toBeInTheDocument(…
    469|     });

⎯⎯⎯⎯⎯⎯⎯⎯⎯⎯⎯⎯⎯⎯⎯⎯⎯⎯⎯⎯⎯⎯[28/31]⎯

 FAIL  src/components/__tests__/AdvancedFilters.test.tsx > AdvancedFilters Component > Different Search Types > should show course-specific filters for courses
TestingLibraryElementError: Unable to find an element with the placeholder text of: /course name/i

Ignored nodes: comments, script, style
<body>
  <div>
    <div
      class="advanced-filters "
    >
      <button
        aria-expanded="true"
        aria-label="search.advanced.title"
        class="filter-toggle open"
      >
        <svg
          aria-hidden="true"
          class="toggle-icon"
          data-slot="icon"
          fill="none"
          role="img"
          stroke="currentColor"
          stroke-width="1.5"
          viewBox="0 0 24 24"
          xmlns="http://www.w3.org/2000/svg"
        >
          <path
            d="M12 3c2.755 0 5.455.232 8.083.678.533.09.917.556.917 1.096v1.044a2.25 2.25 0 0 1-.659 1.591l-5.432 5.432a2.25 2.25 0 0 0-.659 1.591v2.927a2.25 2.25 0 0 1-1.244 2.013L9.75 21v-6.568a2.25 2.25 0 0 0-.659-1.591L3.659 7.409A2.25 2.25 0 0 1 3 5.818V4.774c0-.54.384-1.006.917-1.096A48.32 48.32 0 0 1 12 3Z"
            stroke-linecap="round"
            stroke-linejoin="round"
          />
        </svg>
        search.advanced.title
      </button>
      <div
        aria-label="search.advanced.title"
        class="filter-panel"
        data-open="true"
        role="region"
      >
        <div
          class="filter-header"
        >
          <h3>
            search.filters.title
          </h3>
          <button
            aria-label="Close"
            class="close-button"
          >
            <svg
              aria-hidden="true"
              class="close-icon"
              data-slot="icon"
              fill="none"
              role="img"
              stroke="currentColor"
              stroke-width="1.5"
              viewBox="0 0 24 24"
              xmlns="http://www.w3.org/2000/svg"
            >
              <path
                d="M6 18 18 6M6 6l12 12"
                stroke-linecap="round"
                stroke-linejoin="round"
              />
            </svg>
          </button>
        </div>
        <div
          class="filter-section"
        >
          <h4>
            search.presets.title
          </h4>
          <div
            class="presets-list"
            data-presets="true"
          >
            <button
              class="preset-button"
            >
              search.presets.highCredit
            </button>
            <button
              class="preset-button"
            >
              search.presets.coreCourses
            </button>
          </div>
        </div>
        <div
          class="filter-section"
        >
          <h4>
            search.filters.custom
          </h4>
          <div
            class="filters-grid"
          >
            <div
              class="filter-group"
            >
              <label>
                search.fields.courseName
              </label>
              <input
                placeholder="search.fields.courseName"
                type="text"
                value=""
              />
            </div>
            <div
              class="filter-group"
            >
              <label>
                search.fields.courseCode
              </label>
              <input
                placeholder="search.fields.courseCode"
                type="text"
                value=""
              />
            </div>
            <div
              class="filter-group"
            >
              <label>
                search.fields.credits
              </label>
              <input
                max="10"
                min="0"
                placeholder="0-10"
                type="number"
                value=""
              />
            </div>
            <div
              class="filter-group"
            >
              <label>
                search.fields.academicYear
              </label>
              <input
                placeholder="2026"
                type="number"
                value=""
              />
            </div>
          </div>
        </div>
        <div
          class="filter-actions"
        >
          <button
            class="apply-button"
            disabled=""
          >
            search.advanced.apply
          </button>
          <button
            class="reset-button"
          >
            <svg
              aria-hidden="true"
              class="reset-icon"
              data-slot="icon"
              fill="none"
              role="img"
              stroke="currentColor"
              stroke-width="1.5"
              viewBox="0 0 24 24"
              xmlns="http://www.w3.org/2000/svg"
            >
              <path
                d="M16.023 9.348h4.992v-.001M2.985 19.644v-4.992m0 0h4.992m-4.993 0 3.181 3.183a8.25 8.25 0 0 0 13.803-3.7M4.031 9.865a8.25 8.25 0 0 1 13.803-3.7l3.181 3.182m0-4.991v4.99"
                stroke-linecap="round"
                stroke-linejoin="round"
              />
            </svg>
            search.advanced.reset
          </button>
        </div>
      </div>
    </div>
  </div>
</body>
 ❯ Object.getElementError node_modules/@testing-library/dom/dist/config.js:37:19
 ❯ node_modules/@testing-library/dom/dist/query-helpers.js:76:38
 ❯ node_modules/@testing-library/dom/dist/query-helpers.js:52:17
 ❯ node_modules/@testing-library/dom/dist/query-helpers.js:95:19
 ❯ src/components/__tests__/AdvancedFilters.test.tsx:475:16
    473| 
    474|       expect(
    475|         screen.getByPlaceholderText(/course name/i)
       |                ^
    476|       ).toBeInTheDocument();
    477|       expect(

⎯⎯⎯⎯⎯⎯⎯⎯⎯⎯⎯⎯⎯⎯⎯⎯⎯⎯⎯⎯⎯⎯[29/31]⎯

 FAIL  src/components/__tests__/AdvancedFilters.test.tsx > AdvancedFilters Component > Different Search Types > should show grade-specific filters for grades
TestingLibraryElementError: Unable to find an element with the placeholder text of: /min grade/i

Ignored nodes: comments, script, style
<body>
  <div>
    <div
      class="advanced-filters "
    >
      <button
        aria-expanded="true"
        aria-label="search.advanced.title"
        class="filter-toggle open"
      >
        <svg
          aria-hidden="true"
          class="toggle-icon"
          data-slot="icon"
          fill="none"
          role="img"
          stroke="currentColor"
          stroke-width="1.5"
          viewBox="0 0 24 24"
          xmlns="http://www.w3.org/2000/svg"
        >
          <path
            d="M12 3c2.755 0 5.455.232 8.083.678.533.09.917.556.917 1.096v1.044a2.25 2.25 0 0 1-.659 1.591l-5.432 5.432a2.25 2.25 0 0 0-.659 1.591v2.927a2.25 2.25 0 0 1-1.244 2.013L9.75 21v-6.568a2.25 2.25 0 0 0-.659-1.591L3.659 7.409A2.25 2.25 0 0 1 3 5.818V4.774c0-.54.384-1.006.917-1.096A48.32 48.32 0 0 1 12 3Z"
            stroke-linecap="round"
            stroke-linejoin="round"
          />
        </svg>
        search.advanced.title
      </button>
      <div
        aria-label="search.advanced.title"
        class="filter-panel"
        data-open="true"
        role="region"
      >
        <div
          class="filter-header"
        >
          <h3>
            search.filters.title
          </h3>
          <button
            aria-label="Close"
            class="close-button"
          >
            <svg
              aria-hidden="true"
              class="close-icon"
              data-slot="icon"
              fill="none"
              role="img"
              stroke="currentColor"
              stroke-width="1.5"
              viewBox="0 0 24 24"
              xmlns="http://www.w3.org/2000/svg"
            >
              <path
                d="M6 18 18 6M6 6l12 12"
                stroke-linecap="round"
                stroke-linejoin="round"
              />
            </svg>
          </button>
        </div>
        <div
          class="filter-section"
        >
          <h4>
            search.presets.title
          </h4>
          <div
            class="presets-list"
            data-presets="true"
          >
            <button
              class="preset-button"
            >
              search.presets.highGrades
            </button>
            <button
              class="preset-button"
            >
              search.presets.passingOnly
            </button>
            <button
              class="preset-button"
            >
              search.presets.failing
            </button>
          </div>
        </div>
        <div
          class="filter-section"
        >
          <h4>
            search.filters.custom
          </h4>
          <div
            class="filters-grid"
          >
            <div
              class="filter-group"
            >
              <label>
                search.fields.gradeMin
              </label>
              <input
                max="100"
                min="0"
                placeholder="search.fields.gradeMin"
                type="number"
                value=""
              />
            </div>
            <div
              class="filter-group"
            >
              <label>
                search.fields.gradeMax
              </label>
              <input
                max="100"
                min="0"
                placeholder="search.fields.gradeMax"
                type="number"
                value=""
              />
            </div>
            <div
              class="filter-group"
            >
              <label>
                search.fields.studentId
              </label>
              <input
                placeholder="search.fields.studentId"
                type="number"
                value=""
              />
            </div>
            <div
              class="filter-group"
            >
              <label>
                search.fields.courseId
              </label>
              <input
                placeholder="search.fields.courseId"
                type="number"
                value=""
              />
            </div>
          </div>
        </div>
        <div
          class="filter-actions"
        >
          <button
            class="apply-button"
            disabled=""
          >
            search.advanced.apply
          </button>
          <button
            class="reset-button"
          >
            <svg
              aria-hidden="true"
              class="reset-icon"
              data-slot="icon"
              fill="none"
              role="img"
              stroke="currentColor"
              stroke-width="1.5"
              viewBox="0 0 24 24"
              xmlns="http://www.w3.org/2000/svg"
            >
              <path
                d="M16.023 9.348h4.992v-.001M2.985 19.644v-4.992m0 0h4.992m-4.993 0 3.181 3.183a8.25 8.25 0 0 0 13.803-3.7M4.031 9.865a8.25 8.25 0 0 1 13.803-3.7l3.181 3.182m0-4.991v4.99"
                stroke-linecap="round"
                stroke-linejoin="round"
              />
            </svg>
            search.advanced.reset
          </button>
        </div>
      </div>
    </div>
  </div>
</body>
 ❯ Object.getElementError node_modules/@testing-library/dom/dist/config.js:37:19
 ❯ node_modules/@testing-library/dom/dist/query-helpers.js:76:38
 ❯ node_modules/@testing-library/dom/dist/query-helpers.js:52:17
 ❯ node_modules/@testing-library/dom/dist/query-helpers.js:95:19
 ❯ src/components/__tests__/AdvancedFilters.test.tsx:486:16
    484| 
    485|       expect(
    486|         screen.getByPlaceholderText(/min grade/i)
       |                ^
    487|       ).toBeInTheDocument();
    488|       expect(

⎯⎯⎯⎯⎯⎯⎯⎯⎯⎯⎯⎯⎯⎯⎯⎯⎯⎯⎯⎯⎯⎯[30/31]⎯

 FAIL  src/components/__tests__/AdvancedFilters.test.tsx > AdvancedFilters Component > Different Search Types > should switch filters when search type changes
TestingLibraryElementError: Unable to find an element with the placeholder text of: /first name/i

Ignored nodes: comments, script, style
<body>
  <div>
    <div
      class="advanced-filters "
    >
      <button
        aria-expanded="true"
        aria-label="search.advanced.title"
        class="filter-toggle open"
      >
        <svg
          aria-hidden="true"
          class="toggle-icon"
          data-slot="icon"
          fill="none"
          role="img"
          stroke="currentColor"
          stroke-width="1.5"
          viewBox="0 0 24 24"
          xmlns="http://www.w3.org/2000/svg"
        >
          <path
            d="M12 3c2.755 0 5.455.232 8.083.678.533.09.917.556.917 1.096v1.044a2.25 2.25 0 0 1-.659 1.591l-5.432 5.432a2.25 2.25 0 0 0-.659 1.591v2.927a2.25 2.25 0 0 1-1.244 2.013L9.75 21v-6.568a2.25 2.25 0 0 0-.659-1.591L3.659 7.409A2.25 2.25 0 0 1 3 5.818V4.774c0-.54.384-1.006.917-1.096A48.32 48.32 0 0 1 12 3Z"
            stroke-linecap="round"
            stroke-linejoin="round"
          />
        </svg>
        search.advanced.title
      </button>
      <div
        aria-label="search.advanced.title"
        class="filter-panel"
        data-open="true"
        role="region"
      >
        <div
          class="filter-header"
        >
          <h3>
            search.filters.title
          </h3>
          <button
            aria-label="Close"
            class="close-button"
          >
            <svg
              aria-hidden="true"
              class="close-icon"
              data-slot="icon"
              fill="none"
              role="img"
              stroke="currentColor"
              stroke-width="1.5"
              viewBox="0 0 24 24"
              xmlns="http://www.w3.org/2000/svg"
            >
              <path
                d="M6 18 18 6M6 6l12 12"
                stroke-linecap="round"
                stroke-linejoin="round"
              />
            </svg>
          </button>
        </div>
        <div
          class="filter-section"
        >
          <h4>
            search.presets.title
          </h4>
          <div
            class="presets-list"
            data-presets="true"
          >
            <button
              class="preset-button"
            >
              search.presets.activeStudents
            </button>
            <button
              class="preset-button"
            >
              search.presets.recentEnrollments
            </button>
          </div>
        </div>
        <div
          class="filter-section"
        >
          <h4>
            search.filters.custom
          </h4>
          <div
            class="filters-grid"
          >
            <div
              class="filter-group"
            >
              <label>
                search.fields.firstName
              </label>
              <input
                placeholder="search.fields.firstName"
                type="text"
                value=""
              />
            </div>
            <div
              class="filter-group"
            >
              <label>
                search.fields.lastName
              </label>
              <input
                placeholder="search.fields.lastName"
                type="text"
                value=""
              />
            </div>
            <div
              class="filter-group"
            >
              <label>
                search.fields.email
              </label>
              <input
                placeholder="search.fields.email"
                type="email"
                value=""
              />
            </div>
            <div
              class="filter-group"
            >
              <label>
                search.fields.academicYear
              </label>
              <input
                placeholder="2026"
                type="number"
                value=""
              />
            </div>
          </div>
        </div>
        <div
          class="filter-actions"
        >
          <button
            class="apply-button"
            disabled=""
          >
            search.advanced.apply
          </button>
          <button
            class="reset-button"
          >
            <svg
              aria-hidden="true"
              class="reset-icon"
              data-slot="icon"
              fill="none"
              role="img"
              stroke="currentColor"
              stroke-width="1.5"
              viewBox="0 0 24 24"
              xmlns="http://www.w3.org/2000/svg"
            >
              <path
                d="M16.023 9.348h4.992v-.001M2.985 19.644v-4.992m0 0h4.992m-4.993 0 3.181 3.183a8.25 8.25 0 0 0 13.803-3.7M4.031 9.865a8.25 8.25 0 0 1 13.803-3.7l3.181 3.182m0-4.991v4.99"
                stroke-linecap="round"
                stroke-linejoin="round"
              />
            </svg>
            search.advanced.reset
          </button>
        </div>
      </div>
    </div>
  </div>
</body>
 ❯ Object.getElementError node_modules/@testing-library/dom/dist/config.js:37:19
 ❯ node_modules/@testing-library/dom/dist/query-helpers.js:76:38
 ❯ node_modules/@testing-library/dom/dist/query-helpers.js:52:17
 ❯ node_modules/@testing-library/dom/dist/query-helpers.js:95:19
 ❯ src/components/__tests__/AdvancedFilters.test.tsx:498:21
    496|       });
    497| 
    498|       expect(screen.getByPlaceholderText(/first name/i)).toBeInTheDocu…
       |                     ^
    499| 
    500|       unmount();

⎯⎯⎯⎯⎯⎯⎯⎯⎯⎯⎯⎯⎯⎯⎯⎯⎯⎯⎯⎯⎯⎯[31/31]⎯


[2m Test Files [22m [1m[31m1 failed[39m[22m[90m (1)[39m
[2m      Tests [22m [1m[31m31 failed[39m[22m[2m | [22m[1m[32m10 passed[39m[22m[90m (41)[39m
[2m   Start at [22m 13:45:29
[2m   Duration [22m 3.00s[2m (transform 227ms, setup 260ms, import 476ms, tests 1.50s, environment 603ms)[22m

[1m[41m FAIL [49m[22m [31mTests failed. Watching for file changes...[39m
       [2mpress [22m[1mh[22m[2m to show help[22m[2m, [22m[2mpress [22m[1mq[22m[2m to quit[22m
c[3J[1m[44m RERUN [49m[22m [34m[2mrerun all tests [22m[39m

[90mstdout[2m | src/hooks/__tests__/useNotifications.test.ts
[22m[39m[i18n] Initialized with English
[i18n] Found search translation keys: [ [32m'0'[39m, [32m'1'[39m, [32m'2'[39m, [32m'3'[39m, [32m'4'[39m, [32m'5'[39m ]

[90mstdout[2m | src/components/__tests__/AdvancedFilters.test.tsx
[22m[39m[i18n] Initialized with English
[i18n] Found search translation keys: [ [32m'0'[39m, [32m'1'[39m, [32m'2'[39m, [32m'3'[39m, [32m'4'[39m, [32m'5'[39m ]

[90mstdout[2m | src/features/analytics/components/__tests__/AnalyticsDashboard.test.tsx
[22m[39m[i18n] Initialized with English
[i18n] Found search translation keys: [ [32m'0'[39m, [32m'1'[39m, [32m'2'[39m, [32m'3'[39m, [32m'4'[39m, [32m'5'[39m ]

[90mstdout[2m | src/hooks/__tests__/useSearch.test.ts
[22m[39m[i18n] Initialized with English
[i18n] Found search translation keys: [ [32m'0'[39m, [32m'1'[39m, [32m'2'[39m, [32m'3'[39m, [32m'4'[39m, [32m'5'[39m ]

stderr | src/hooks/__tests__/useNotifications.test.ts > useNotifications Hook > fetchNotifications > should handle fetch errors
Failed to fetch notifications: Error: Failed to fetch
    at D:/SMS/student-management-system/frontend/src/hooks/__tests__/useNotifications.test.ts:123:21
    at file:///D:/SMS/student-management-system/frontend/node_modules/@vitest/runner/dist/index.js:145:11
    at file:///D:/SMS/student-management-system/frontend/node_modules/@vitest/runner/dist/index.js:915:26
    at file:///D:/SMS/student-management-system/frontend/node_modules/@vitest/runner/dist/index.js:1243:20
    at new Promise (<anonymous>)
    at runWithTimeout (file:///D:/SMS/student-management-system/frontend/node_modules/@vitest/runner/dist/index.js:1209:10)
    at file:///D:/SMS/student-management-system/frontend/node_modules/@vitest/runner/dist/index.js:1653:37
    at Traces.$ (file:///D:/SMS/student-management-system/frontend/node_modules/vitest/dist/chunks/traces.U4xDYhzZ.js:115:27)
    at trace (file:///D:/SMS/student-management-system/frontend/node_modules/vitest/dist/chunks/test.B8ej_ZHS.js:239:21)
    at runTest (file:///D:/SMS/student-management-system/frontend/node_modules/@vitest/runner/dist/index.js:1653:12)

stderr | src/hooks/__tests__/useNotifications.test.ts > useNotifications Hook > markAsRead > should handle mark as read errors
Failed to mark notification as read: Error: Failed to mark as read
    at D:/SMS/student-management-system/frontend/src/hooks/__tests__/useNotifications.test.ts:245:21
    at file:///D:/SMS/student-management-system/frontend/node_modules/@vitest/runner/dist/index.js:145:11
    at file:///D:/SMS/student-management-system/frontend/node_modules/@vitest/runner/dist/index.js:915:26
    at file:///D:/SMS/student-management-system/frontend/node_modules/@vitest/runner/dist/index.js:1243:20
    at new Promise (<anonymous>)
    at runWithTimeout (file:///D:/SMS/student-management-system/frontend/node_modules/@vitest/runner/dist/index.js:1209:10)
    at file:///D:/SMS/student-management-system/frontend/node_modules/@vitest/runner/dist/index.js:1653:37
    at Traces.$ (file:///D:/SMS/student-management-system/frontend/node_modules/vitest/dist/chunks/traces.U4xDYhzZ.js:115:27)
    at trace (file:///D:/SMS/student-management-system/frontend/node_modules/vitest/dist/chunks/test.B8ej_ZHS.js:239:21)
    at runTest (file:///D:/SMS/student-management-system/frontend/node_modules/@vitest/runner/dist/index.js:1653:12)

stderr | src/hooks/__tests__/useSearch.test.ts > useSearch Hook > Initialization > should support all search types
An update to TestComponent inside a test was not wrapped in act(...).

When testing, code that causes React state updates should be wrapped into act(...):

act(() => {
  /* fire events that update state */
});
/* assert on the output */

This ensures that you're testing the behavior the user would see in the browser. Learn more at https://react.dev/link/wrap-tests-with-act
An update to TestComponent inside a test was not wrapped in act(...).

When testing, code that causes React state updates should be wrapped into act(...):

act(() => {
  /* fire events that update state */
});
/* assert on the output */

This ensures that you're testing the behavior the user would see in the browser. Learn more at https://react.dev/link/wrap-tests-with-act
An update to TestComponent inside a test was not wrapped in act(...).

When testing, code that causes React state updates should be wrapped into act(...):

act(() => {
  /* fire events that update state */
});
/* assert on the output */

This ensures that you're testing the behavior the user would see in the browser. Learn more at https://react.dev/link/wrap-tests-with-act

stderr | src/hooks/__tests__/useNotifications.test.ts > useNotifications Hook > Error Handling > should set error state on API failure
Failed to fetch notifications: Error: API Error
    at D:/SMS/student-management-system/frontend/src/hooks/__tests__/useNotifications.test.ts:452:21
    at file:///D:/SMS/student-management-system/frontend/node_modules/@vitest/runner/dist/index.js:145:11
    at file:///D:/SMS/student-management-system/frontend/node_modules/@vitest/runner/dist/index.js:915:26
    at file:///D:/SMS/student-management-system/frontend/node_modules/@vitest/runner/dist/index.js:1243:20
    at new Promise (<anonymous>)
    at runWithTimeout (file:///D:/SMS/student-management-system/frontend/node_modules/@vitest/runner/dist/index.js:1209:10)
    at file:///D:/SMS/student-management-system/frontend/node_modules/@vitest/runner/dist/index.js:1653:37
    at Traces.$ (file:///D:/SMS/student-management-system/frontend/node_modules/vitest/dist/chunks/traces.U4xDYhzZ.js:115:27)
    at trace (file:///D:/SMS/student-management-system/frontend/node_modules/vitest/dist/chunks/test.B8ej_ZHS.js:239:21)
    at runTest (file:///D:/SMS/student-management-system/frontend/node_modules/@vitest/runner/dist/index.js:1653:12)

 [31m❯[39m src/hooks/__tests__/useNotifications.test.ts [2m([22m[2m15 tests[22m[2m | [22m[31m2 failed[39m[2m)[22m[32m 143[2mms[22m[39m
       [32m✓[39m should initialize with default state[32m 12[2mms[22m[39m
       [32m✓[39m should have all required methods[32m 1[2mms[22m[39m
       [32m✓[39m should fetch notifications and update state[32m 5[2mms[22m[39m
[31m       [31m×[31m should handle fetch errors[39m[32m 8[2mms[22m[39m
       [32m✓[39m should update unreadCount based on is_read status[32m 4[2mms[22m[39m
       [32m✓[39m should mark notification as read and update state[32m 15[2mms[22m[39m
       [32m✓[39m should handle mark as read errors[32m 2[2mms[22m[39m
       [32m✓[39m should mark all notifications as read[32m 13[2mms[22m[39m
       [32m✓[39m should delete notification from state[32m 16[2mms[22m[39m
       [32m✓[39m should decrement unreadCount when deleting unread notification[32m 17[2mms[22m[39m
       [32m✓[39m should refresh unread count from API[32m 15[2mms[22m[39m
       [32m✓[39m should handle connect event[32m 15[2mms[22m[39m
[31m       [31m×[31m should have proper cleanup on unmount[39m[32m 2[2mms[22m[39m
       [32m✓[39m should set error state on API failure[32m 2[2mms[22m[39m
       [32m✓[39m should maintain consistency between notifications and unreadCount[32m 14[2mms[22m[39m
 [31m❯[39m src/features/analytics/components/__tests__/AnalyticsDashboard.test.tsx [2m([22m[2m7 tests[22m[2m | [22m[31m2 failed[39m[2m)[22m[32m 193[2mms[22m[39m
     [32m✓[39m renders dashboard with title[32m 27[2mms[22m[39m
[31m     [31m×[31m renders loading state[39m[32m 9[2mms[22m[39m
     [32m✓[39m renders error state[32m 3[2mms[22m[39m
     [32m✓[39m renders all widget cards when data is present[32m 7[2mms[22m[39m
[31m     [31m×[31m handles refresh button click[39m[32m 125[2mms[22m[39m
     [32m✓[39m disables refresh button during loading[32m 18[2mms[22m[39m
     [32m✓[39m only renders widgets with data[32m 3[2mms[22m[39m
 [31m❯[39m src/hooks/__tests__/useSearch.test.ts [2m([22m[2m20 tests[22m[2m | [22m[31m2 failed[39m[2m)[22m[33m 373[2mms[22m[39m
       [32m✓[39m should initialize with default state[32m 12[2mms[22m[39m
       [32m✓[39m should load statistics on mount[32m 3[2mms[22m[39m
       [32m✓[39m should support all search types[32m 4[2mms[22m[39m
       [32m✓[39m should perform basic search[32m 2[2mms[22m[39m
       [32m✓[39m should set loading state during search[32m 133[2mms[22m[39m
       [32m✓[39m should handle search errors[32m 5[2mms[22m[39m
[31m       [31m×[31m should support pagination[39m[32m 8[2mms[22m[39m
       [32m✓[39m should fetch suggestions[32m 3[2mms[22m[39m
       [32m✓[39m should cache suggestions[32m 3[2mms[22m[39m
       [32m✓[39m should debounce suggestion requests[32m 166[2mms[22m[39m
       [32m✓[39m should handle suggestion errors[32m 1[2mms[22m[39m
       [32m✓[39m should perform advanced filtering[32m 1[2mms[22m[39m
       [32m✓[39m should support filter with pagination[32m 1[2mms[22m[39m
       [32m✓[39m should handle filtering errors[32m 1[2mms[22m[39m
[31m       [31m×[31m should load more results for search[39m[32m 2[2mms[22m[39m
       [32m✓[39m should load more results for filters[32m 1[2mms[22m[39m
       [32m✓[39m should clear all search state[32m 1[2mms[22m[39m
       [32m✓[39m should load statistics on initialization[32m 5[2mms[22m[39m
       [32m✓[39m should handle statistics loading errors[32m 16[2mms[22m[39m
       [32m✓[39m should cleanup on unmount[32m 1[2mms[22m[39m
[90mstdout[2m | src/LanguageContext.test.tsx
[22m[39m[i18n] Initialized with English
[i18n] Found search translation keys: [ [32m'0'[39m, [32m'1'[39m, [32m'2'[39m, [32m'3'[39m, [32m'4'[39m, [32m'5'[39m ]

 [31m❯[39m src/LanguageContext.test.tsx [2m([22m[2m14 tests[22m[2m | [22m[31m2 failed[39m[2m)[22m[32m 46[2mms[22m[39m
       [32m✓[39m initializes with language from i18n[32m 11[2mms[22m[39m
       [32m✓[39m provides translation function[32m 1[2mms[22m[39m
       [32m✓[39m changes language to Greek[32m 3[2mms[22m[39m
       [32m✓[39m changes language to English[32m 2[2mms[22m[39m
[31m       [31m×[31m persists language to localStorage via i18next[39m[32m 6[2mms[22m[39m
       [32m✓[39m maintains language across multiple switches[32m 3[2mms[22m[39m
       [32m✓[39m provides translation function from context[32m 1[2mms[22m[39m
       [32m✓[39m translation function returns key as fallback for missing keys[32m 2[2mms[22m[39m
       [32m✓[39m translation function handles interpolation format[32m 2[2mms[22m[39m
       [32m✓[39m throws error when used outside LanguageProvider[32m 4[2mms[22m[39m
       [32m✓[39m restores language from localStorage on mount[32m 1[2mms[22m[39m
[31m       [31m×[31m persists latest language to localStorage across switches[39m[32m 3[2mms[22m[39m
       [32m✓[39m context state reflects current i18n language[32m 2[2mms[22m[39m
       [32m✓[39m new hook instances reflect updated language[32m 3[2mms[22m[39m
[90mstdout[2m | src/hooks/usePerformanceMonitor.test.ts
[22m[39m[i18n] Initialized with English
[i18n] Found search translation keys: [ [32m'0'[39m, [32m'1'[39m, [32m'2'[39m, [32m'3'[39m, [32m'4'[39m, [32m'5'[39m ]

[90mstdout[2m | src/i18n/__tests__/translations.test.ts
[22m[39m[i18n] Initialized with English
[i18n] Found search translation keys: [ [32m'0'[39m, [32m'1'[39m, [32m'2'[39m, [32m'3'[39m, [32m'4'[39m, [32m'5'[39m ]

 [31m❯[39m src/i18n/__tests__/translations.test.ts [2m([22m[2m7 tests[22m[2m | [22m[31m2 failed[39m[2m)[22m[32m 43[2mms[22m[39m
[31m       [31m×[31m should have the same top-level keys in EN and EL[39m[32m 17[2mms[22m[39m
       [32m✓[39m should have no missing translation values (EN)[32m 1[2mms[22m[39m
       [32m✓[39m should have no missing translation values (EL)[32m 1[2mms[22m[39m
[31m       [31m×[31m should have matching nested structure in EN and EL[39m[32m 10[2mms[22m[39m
       [32m✓[39m should have common UI keys in both languages[32m 1[2mms[22m[39m
       [32m✓[39m should not have placeholder text like "TODO" or "FIXME"[32m 6[2mms[22m[39m
       [32m✓[39m should not have EN text in EL translations (basic check)[32m 7[2mms[22m[39m
stderr | src/hooks/usePerformanceMonitor.test.ts > usePerformanceMonitor hook > usePerformanceMonitor > should log warning when render time exceeds threshold
[Performance] TestComponent render #1 took 2850.00ms {
  component: 'TestComponent',
  duration: 2850,
  renderCount: 1,
  totalTime: '2850.00'
}

stderr | src/hooks/usePerformanceMonitor.test.ts > usePerformanceMonitor hook > usePerformanceMonitor > should include component name in warning message
[Performance] MyTestComponent render #1 took 2850.00ms {
  component: 'MyTestComponent',
  duration: 2850,
  renderCount: 1,
  totalTime: '2850.00'
}

stderr | src/hooks/usePerformanceMonitor.test.ts > usePerformanceMonitor hook > usePerformanceMonitor > should include render count in warning object
[Performance] TestComponent render #1 took 2850.00ms {
  component: 'TestComponent',
  duration: 2850,
  renderCount: 1,
  totalTime: '2850.00'
}

stderr | src/hooks/usePerformanceMonitor.test.ts > usePerformanceMonitor hook > usePerformanceMonitor > should track duration in warning object
[Performance] TestComponent render #1 took 2850.00ms {
  component: 'TestComponent',
  duration: 2850,
  renderCount: 1,
  totalTime: '2850.00'
}

stderr | src/hooks/usePerformanceMonitor.test.ts > usePerformanceMonitor hook > usePerformanceMonitor > should send analytics event when available
[Performance] TestComponent render #1 took 2850.00ms {
  component: 'TestComponent',
  duration: 2850,
  renderCount: 1,
  totalTime: '2850.00'
}

stderr | src/hooks/usePerformanceMonitor.test.ts > usePerformanceMonitor hook > usePerformanceMonitor > should not crash when analytics is not available
[Performance] TestComponent render #1 took 2850.00ms {
  component: 'TestComponent',
  duration: 2850,
  renderCount: 1,
  totalTime: '2850.00'
}

stderr | src/hooks/usePerformanceMonitor.test.ts > usePerformanceMonitor hook > usePerformanceMonitor > should use default threshold of 100ms
[Performance] TestComponent render #1 took 1919.00ms {
  component: 'TestComponent',
  duration: 1919,
  renderCount: 1,
  totalTime: '1919.00'
}

stderr | src/hooks/usePerformanceMonitor.test.ts > usePerformanceMonitor hook > usePerformanceMonitor > should handle multiple renders with different durations
[Performance] TestComponent render #1 took 1936879.29ms {
  component: 'TestComponent',
  duration: 1936879.2912,
  renderCount: 1,
  totalTime: '1936879.29'
}

stderr | src/hooks/usePerformanceMonitor.test.ts > usePerformanceMonitor hook > usePerformanceMonitor > should accumulate total time across multiple renders
[Performance] TestComponent render #1 took 440.00ms {
  component: 'TestComponent',
  duration: 440,
  renderCount: 1,
  totalTime: '440.00'
}

stderr | src/hooks/usePerformanceMonitor.test.ts > usePerformanceMonitor hook > useApiPerformance > should use default threshold of 1000ms
[API Performance] /api/students request took 1500.00ms {
  endpoint: '/api/students',
  duration: 1500,
  name: 'https://example.com/api/students'
}

stderr | src/hooks/usePerformanceMonitor.test.ts > usePerformanceMonitor hook > useApiPerformance > should log warning for slow API requests
[API Performance] /api/students request took 600.00ms {
  endpoint: '/api/students',
  duration: 600,
  name: 'https://example.com/api/students'
}

stderr | src/hooks/usePerformanceMonitor.test.ts > usePerformanceMonitor hook > useApiPerformance > should send analytics event for slow API requests
[API Performance] /api/students request took 600.00ms {
  endpoint: '/api/students',
  duration: 600,
  name: 'https://example.com/api/students'
}

stderr | src/hooks/usePerformanceMonitor.test.ts > usePerformanceMonitor hook > useApiPerformance > should handle multiple entries in single observation
[API Performance] /api/students request took 600.00ms {
  endpoint: '/api/students',
  duration: 600,
  name: 'https://example.com/api/students/1'
}
[API Performance] /api/students request took 700.00ms {
  endpoint: '/api/students',
  duration: 700,
  name: 'https://example.com/api/students/3'
}

 [31m❯[39m src/hooks/usePerformanceMonitor.test.ts [2m([22m[2m26 tests[22m[2m | [22m[31m1 failed[39m[2m)[22m[32m 51[2mms[22m[39m
       [32m✓[39m should return metrics object with correct properties[32m 11[2mms[22m[39m
       [32m✓[39m should initialize with zero values[32m 1[2mms[22m[39m
       [32m✓[39m should increment render count on re-render[32m 2[2mms[22m[39m
       [32m✓[39m should track total time across renders[32m 1[2mms[22m[39m
       [32m✓[39m should not log when render time is below threshold[32m 1[2mms[22m[39m
       [32m✓[39m should log warning when render time exceeds threshold[32m 2[2mms[22m[39m
       [32m✓[39m should include component name in warning message[32m 3[2mms[22m[39m
       [32m✓[39m should include render count in warning object[32m 2[2mms[22m[39m
       [32m✓[39m should track duration in warning object[32m 1[2mms[22m[39m
       [32m✓[39m should send analytics event when available[32m 3[2mms[22m[39m
       [32m✓[39m should not crash when analytics is not available[32m 3[2mms[22m[39m
       [32m✓[39m should use default threshold of 100ms[32m 1[2mms[22m[39m
[31m       [31m×[31m should handle multiple renders with different durations[39m[32m 6[2mms[22m[39m
       [32m✓[39m should calculate render time correctly[32m 1[2mms[22m[39m
       [32m✓[39m should accumulate total time across multiple renders[32m 1[2mms[22m[39m
       [32m✓[39m should set up performance observer if available[32m 1[2mms[22m[39m
       [32m✓[39m should not crash when PerformanceObserver is not available[32m 1[2mms[22m[39m
       [32m✓[39m should observe measure and resource entry types[32m 1[2mms[22m[39m
       [32m✓[39m should disconnect observer on cleanup[32m 1[2mms[22m[39m
       [32m✓[39m should use default threshold of 1000ms[32m 1[2mms[22m[39m
       [32m✓[39m should log warning for slow API requests[32m 1[2mms[22m[39m
       [32m✓[39m should not log warning for fast API requests[32m 1[2mms[22m[39m
       [32m✓[39m should filter entries by endpoint name[32m 1[2mms[22m[39m
       [32m✓[39m should send analytics event for slow API requests[32m 1[2mms[22m[39m
       [32m✓[39m should re-setup observer when endpoint changes[32m 1[2mms[22m[39m
       [32m✓[39m should handle multiple entries in single observation[32m 1[2mms[22m[39m
 [31m❯[39m src/components/__tests__/AdvancedFilters.test.tsx [2m([22m[2m41 tests[22m[2m | [22m[31m31 failed[39m[2m)[22m[33m 1766[2mms[22m[39m
       [32m✓[39m should render filter panel when open[32m 107[2mms[22m[39m
[31m       [31m×[31m should hide filter panel when closed[39m[32m 8[2mms[22m[39m
[31m       [31m×[31m should render toggle button[39m[32m 249[2mms[22m[39m
       [32m✓[39m should apply custom className[32m 9[2mms[22m[39m
[31m       [31m×[31m should render student filter fields[39m[32m 8[2mms[22m[39m
[31m       [31m×[31m should render student filter presets[39m[32m 7[2mms[22m[39m
[31m       [31m×[31m should allow entering first name[39m[32m 6[2mms[22m[39m
       [32m✓[39m should allow entering email[32m 285[2mms[22m[39m
[31m       [31m×[31m should render course filter fields[39m[32m 6[2mms[22m[39m
[31m       [31m×[31m should render course filter presets[39m[32m 5[2mms[22m[39m
[31m       [31m×[31m should render credits filter[39m[32m 5[2mms[22m[39m
[31m       [31m×[31m should render grade filter fields[39m[32m 5[2mms[22m[39m
[31m       [31m×[31m should render grade filter presets[39m[32m 5[2mms[22m[39m
[31m       [31m×[31m should allow entering min grade[39m[32m 5[2mms[22m[39m
[31m       [31m×[31m should allow entering max grade[39m[32m 5[2mms[22m[39m
[31m       [31m×[31m should apply preset when clicked[39m[32m 6[2mms[22m[39m
[31m       [31m×[31m should populate fields when preset selected[39m[32m 5[2mms[22m[39m
       [32m✓[39m should show preset buttons in visual group[32m 3[2mms[22m[39m
       [32m✓[39m should have distinct presets per search type[32m 7[2mms[22m[39m
[31m       [31m×[31m should render Apply button[39m[32m 170[2mms[22m[39m
[31m       [31m×[31m should render Reset button[39m[32m 174[2mms[22m[39m
[31m       [31m×[31m should call onApply when Apply clicked[39m[32m 164[2mms[22m[39m
[31m       [31m×[31m should call onReset when Reset clicked[39m[32m 144[2mms[22m[39m
[31m       [31m×[31m should clear all fields when Reset clicked[39m[32m 4[2mms[22m[39m
[31m       [31m×[31m should call onToggle when toggle clicked[39m[32m 136[2mms[22m[39m
       [32m✓[39m should show collapse/expand icon[32m 4[2mms[22m[39m
[31m       [31m×[31m should have aria-expanded attribute[39m[32m 125[2mms[22m[39m
[31m       [31m×[31m should maintain field values[39m[32m 4[2mms[22m[39m
[31m       [31m×[31m should handle multiple field entries[39m[32m 4[2mms[22m[39m
[31m       [31m×[31m should validate numeric input for grade ranges[39m[32m 4[2mms[22m[39m
[31m       [31m×[31m should handle grade range validation (min <= max)[39m[32m 4[2mms[22m[39m
[31m       [31m×[31m should have proper labels for inputs[39m[32m 5[2mms[22m[39m
[31m       [31m×[31m should be keyboard navigable[39m[32m 50[2mms[22m[39m
       [32m✓[39m should have role="region" for filter panel[32m 9[2mms[22m[39m
       [32m✓[39m should announce filter type[32m 7[2mms[22m[39m
       [32m✓[39m should render in mobile layout[32m 3[2mms[22m[39m
       [32m✓[39m should stack fields vertically on mobile[32m 2[2mms[22m[39m
[31m       [31m×[31m should show student-specific filters for students[39m[32m 4[2mms[22m[39m
[31m       [31m×[31m should show course-specific filters for courses[39m[32m 3[2mms[22m[39m
[31m       [31m×[31m should show grade-specific filters for grades[39m[32m 4[2mms[22m[39m
[31m       [31m×[31m should switch filters when search type changes[39m[32m 5[2mms[22m[39m
[90mstdout[2m | src/components/__tests__/SearchBar.test.tsx
[22m[39m[i18n] Initialized with English
[i18n] Found search translation keys: [ [32m'0'[39m, [32m'1'[39m, [32m'2'[39m, [32m'3'[39m, [32m'4'[39m, [32m'5'[39m ]

[90mstdout[2m | src/components/__tests__/SearchResults.test.tsx
[22m[39m[i18n] Initialized with English
[i18n] Found search translation keys: [ [32m'0'[39m, [32m'1'[39m, [32m'2'[39m, [32m'3'[39m, [32m'4'[39m, [32m'5'[39m ]

[90mstdout[2m | src/features/analytics/hooks/__tests__/useAnalytics.test.ts
[22m[39m[i18n] Initialized with English
[i18n] Found search translation keys: [ [32m'0'[39m, [32m'1'[39m, [32m'2'[39m, [32m'3'[39m, [32m'4'[39m, [32m'5'[39m ]

stderr | src/features/analytics/hooks/__tests__/useAnalytics.test.ts > useAnalytics Hook > returns initial state with loading true
An update to TestComponent inside a test was not wrapped in act(...).

When testing, code that causes React state updates should be wrapped into act(...):

act(() => {
  /* fire events that update state */
});
/* assert on the output */

This ensures that you're testing the behavior the user would see in the browser. Learn more at https://react.dev/link/wrap-tests-with-act
An update to TestComponent inside a test was not wrapped in act(...).

When testing, code that causes React state updates should be wrapped into act(...):

act(() => {
  /* fire events that update state */
});
/* assert on the output */

This ensures that you're testing the behavior the user would see in the browser. Learn more at https://react.dev/link/wrap-tests-with-act
An update to TestComponent inside a test was not wrapped in act(...).

When testing, code that causes React state updates should be wrapped into act(...):

act(() => {
  /* fire events that update state */
});
/* assert on the output */

This ensures that you're testing the behavior the user would see in the browser. Learn more at https://react.dev/link/wrap-tests-with-act

stderr | src/features/analytics/hooks/__tests__/useAnalytics.test.ts > useAnalytics Hook > returns initial state with loading true
An update to TestComponent inside a test was not wrapped in act(...).

When testing, code that causes React state updates should be wrapped into act(...):

act(() => {
  /* fire events that update state */
});
/* assert on the output */

This ensures that you're testing the behavior the user would see in the browser. Learn more at https://react.dev/link/wrap-tests-with-act

stderr | src/features/analytics/hooks/__tests__/useAnalytics.test.ts > useAnalytics Hook > handles error when fetching fails
Error fetching performance: Error: Network error
    at D:/SMS/student-management-system/frontend/src/features/analytics/hooks/__tests__/useAnalytics.test.ts:80:19
    at file:///D:/SMS/student-management-system/frontend/node_modules/@vitest/runner/dist/index.js:145:11
    at file:///D:/SMS/student-management-system/frontend/node_modules/@vitest/runner/dist/index.js:915:26
    at file:///D:/SMS/student-management-system/frontend/node_modules/@vitest/runner/dist/index.js:1243:20
    at new Promise (<anonymous>)
    at runWithTimeout (file:///D:/SMS/student-management-system/frontend/node_modules/@vitest/runner/dist/index.js:1209:10)
    at file:///D:/SMS/student-management-system/frontend/node_modules/@vitest/runner/dist/index.js:1653:37
    at Traces.$ (file:///D:/SMS/student-management-system/frontend/node_modules/vitest/dist/chunks/traces.U4xDYhzZ.js:115:27)
    at trace (file:///D:/SMS/student-management-system/frontend/node_modules/vitest/dist/chunks/test.B8ej_ZHS.js:239:21)
    at runTest (file:///D:/SMS/student-management-system/frontend/node_modules/@vitest/runner/dist/index.js:1653:12)
Error fetching trends: Error: Network error
    at D:/SMS/student-management-system/frontend/src/features/analytics/hooks/__tests__/useAnalytics.test.ts:80:19
    at file:///D:/SMS/student-management-system/frontend/node_modules/@vitest/runner/dist/index.js:145:11
    at file:///D:/SMS/student-management-system/frontend/node_modules/@vitest/runner/dist/index.js:915:26
    at file:///D:/SMS/student-management-system/frontend/node_modules/@vitest/runner/dist/index.js:1243:20
    at new Promise (<anonymous>)
    at runWithTimeout (file:///D:/SMS/student-management-system/frontend/node_modules/@vitest/runner/dist/index.js:1209:10)
    at file:///D:/SMS/student-management-system/frontend/node_modules/@vitest/runner/dist/index.js:1653:37
    at Traces.$ (file:///D:/SMS/student-management-system/frontend/node_modules/vitest/dist/chunks/traces.U4xDYhzZ.js:115:27)
    at trace (file:///D:/SMS/student-management-system/frontend/node_modules/vitest/dist/chunks/test.B8ej_ZHS.js:239:21)
    at runTest (file:///D:/SMS/student-management-system/frontend/node_modules/@vitest/runner/dist/index.js:1653:12)
Error fetching attendance: Error: Network error
    at D:/SMS/student-management-system/frontend/src/features/analytics/hooks/__tests__/useAnalytics.test.ts:80:19
    at file:///D:/SMS/student-management-system/frontend/node_modules/@vitest/runner/dist/index.js:145:11
    at file:///D:/SMS/student-management-system/frontend/node_modules/@vitest/runner/dist/index.js:915:26
    at file:///D:/SMS/student-management-system/frontend/node_modules/@vitest/runner/dist/index.js:1243:20
    at new Promise (<anonymous>)
    at runWithTimeout (file:///D:/SMS/student-management-system/frontend/node_modules/@vitest/runner/dist/index.js:1209:10)
    at file:///D:/SMS/student-management-system/frontend/node_modules/@vitest/runner/dist/index.js:1653:37
    at Traces.$ (file:///D:/SMS/student-management-system/frontend/node_modules/vitest/dist/chunks/traces.U4xDYhzZ.js:115:27)
    at trace (file:///D:/SMS/student-management-system/frontend/node_modules/vitest/dist/chunks/test.B8ej_ZHS.js:239:21)
    at runTest (file:///D:/SMS/student-management-system/frontend/node_modules/@vitest/runner/dist/index.js:1653:12)

stderr | src/features/analytics/hooks/__tests__/useAnalytics.test.ts > useAnalytics Hook > provides refetch function
An update to TestComponent inside a test was not wrapped in act(...).

When testing, code that causes React state updates should be wrapped into act(...):

act(() => {
  /* fire events that update state */
});
/* assert on the output */

This ensures that you're testing the behavior the user would see in the browser. Learn more at https://react.dev/link/wrap-tests-with-act
An update to TestComponent inside a test was not wrapped in act(...).

When testing, code that causes React state updates should be wrapped into act(...):

act(() => {
  /* fire events that update state */
});
/* assert on the output */

This ensures that you're testing the behavior the user would see in the browser. Learn more at https://react.dev/link/wrap-tests-with-act

stderr | src/features/analytics/hooks/__tests__/useAnalytics.test.ts > useAnalytics Hook > provides refetch function
An update to TestComponent inside a test was not wrapped in act(...).

When testing, code that causes React state updates should be wrapped into act(...):

act(() => {
  /* fire events that update state */
});
/* assert on the output */

This ensures that you're testing the behavior the user would see in the browser. Learn more at https://react.dev/link/wrap-tests-with-act
An update to TestComponent inside a test was not wrapped in act(...).

When testing, code that causes React state updates should be wrapped into act(...):

act(() => {
  /* fire events that update state */
});
/* assert on the output */

This ensures that you're testing the behavior the user would see in the browser. Learn more at https://react.dev/link/wrap-tests-with-act
An update to TestComponent inside a test was not wrapped in act(...).

When testing, code that causes React state updates should be wrapped into act(...):

act(() => {
  /* fire events that update state */
});
/* assert on the output */

This ensures that you're testing the behavior the user would see in the browser. Learn more at https://react.dev/link/wrap-tests-with-act

stderr | src/features/analytics/hooks/__tests__/useAnalytics.test.ts > useAnalytics Hook > provides refetch function
An update to TestComponent inside a test was not wrapped in act(...).

When testing, code that causes React state updates should be wrapped into act(...):

act(() => {
  /* fire events that update state */
});
/* assert on the output */

This ensures that you're testing the behavior the user would see in the browser. Learn more at https://react.dev/link/wrap-tests-with-act

[90mstdout[2m | src/features/students/components/AddStudentModal.test.tsx
[22m[39m[i18n] Initialized with English
[i18n] Found search translation keys: [ [32m'0'[39m, [32m'1'[39m, [32m'2'[39m, [32m'3'[39m, [32m'4'[39m, [32m'5'[39m ]

stderr | src/features/analytics/hooks/__tests__/useAnalytics.test.ts > useAnalytics Hook > handles partial data loading
Error fetching trends: Error: Trends API down
    at D:/SMS/student-management-system/frontend/src/features/analytics/hooks/__tests__/useAnalytics.test.ts:151:30
    at file:///D:/SMS/student-management-system/frontend/node_modules/@vitest/runner/dist/index.js:145:11
    at file:///D:/SMS/student-management-system/frontend/node_modules/@vitest/runner/dist/index.js:915:26
    at file:///D:/SMS/student-management-system/frontend/node_modules/@vitest/runner/dist/index.js:1243:20
    at new Promise (<anonymous>)
    at runWithTimeout (file:///D:/SMS/student-management-system/frontend/node_modules/@vitest/runner/dist/index.js:1209:10)
    at file:///D:/SMS/student-management-system/frontend/node_modules/@vitest/runner/dist/index.js:1653:37
    at Traces.$ (file:///D:/SMS/student-management-system/frontend/node_modules/vitest/dist/chunks/traces.U4xDYhzZ.js:115:27)
    at trace (file:///D:/SMS/student-management-system/frontend/node_modules/vitest/dist/chunks/test.B8ej_ZHS.js:239:21)
    at runTest (file:///D:/SMS/student-management-system/frontend/node_modules/@vitest/runner/dist/index.js:1653:12)
Error fetching attendance: Error: Attendance API down
    at D:/SMS/student-management-system/frontend/src/features/analytics/hooks/__tests__/useAnalytics.test.ts:152:30
    at file:///D:/SMS/student-management-system/frontend/node_modules/@vitest/runner/dist/index.js:145:11
    at file:///D:/SMS/student-management-system/frontend/node_modules/@vitest/runner/dist/index.js:915:26
    at file:///D:/SMS/student-management-system/frontend/node_modules/@vitest/runner/dist/index.js:1243:20
    at new Promise (<anonymous>)
    at runWithTimeout (file:///D:/SMS/student-management-system/frontend/node_modules/@vitest/runner/dist/index.js:1209:10)
    at file:///D:/SMS/student-management-system/frontend/node_modules/@vitest/runner/dist/index.js:1653:37
    at Traces.$ (file:///D:/SMS/student-management-system/frontend/node_modules/vitest/dist/chunks/traces.U4xDYhzZ.js:115:27)
    at trace (file:///D:/SMS/student-management-system/frontend/node_modules/vitest/dist/chunks/test.B8ej_ZHS.js:239:21)
    at runTest (file:///D:/SMS/student-management-system/frontend/node_modules/@vitest/runner/dist/index.js:1653:12)

 [31m❯[39m src/features/analytics/hooks/__tests__/useAnalytics.test.ts [2m([22m[2m8 tests[22m[2m | [22m[31m6 failed[39m[2m)[22m[33m 500[2mms[22m[39m
     [32m✓[39m returns initial state with loading true[32m 11[2mms[22m[39m
[31m     [31m×[31m fetches student analytics data[39m[32m 84[2mms[22m[39m
[31m     [31m×[31m fetches course analytics data[39m[32m 74[2mms[22m[39m
[31m     [31m×[31m handles error when fetching fails[39m[32m 79[2mms[22m[39m
     [32m✓[39m returns error when neither studentId nor courseId provided[32m 16[2mms[22m[39m
[31m     [31m×[31m provides refetch function[39m[32m 78[2mms[22m[39m
[31m     [31m×[31m combines student and course analytics when both IDs provided[39m[32m 78[2mms[22m[39m
[31m     [31m×[31m handles partial data loading[39m[32m 79[2mms[22m[39m
 [31m❯[39m src/components/__tests__/SearchResults.test.tsx [2m([22m[2m37 tests[22m[2m | [22m[31m3 failed[39m[2m)[22m[33m 507[2mms[22m[39m
       [32m✓[39m should render results table[32m 26[2mms[22m[39m
[31m       [31m×[31m should render table headers[39m[32m 19[2mms[22m[39m
       [32m✓[39m should render all results in rows[32m 6[2mms[22m[39m
       [32m✓[39m should display secondary info for each result[32m 6[2mms[22m[39m
       [32m✓[39m should display result type badges[32m 4[2mms[22m[39m
       [32m✓[39m should display type icons[32m 3[2mms[22m[39m
       [32m✓[39m should display empty message when no results[32m 2[2mms[22m[39m
       [32m✓[39m should display helpful text in empty state[32m 1[2mms[22m[39m
       [32m✓[39m should hide table when no results[32m 2[2mms[22m[39m
       [32m✓[39m should display loading spinner[32m 84[2mms[22m[39m
       [32m✓[39m should display loading message[32m 2[2mms[22m[39m
       [32m✓[39m should hide results during loading[32m 4[2mms[22m[39m
       [32m✓[39m should display error message[32m 2[2mms[22m[39m
       [32m✓[39m should display error icon[32m 2[2mms[22m[39m
       [32m✓[39m should hide results when error occurs[32m 1[2mms[22m[39m
       [32m✓[39m should display retry suggestion in error[32m 2[2mms[22m[39m
       [32m✓[39m should display pagination info[32m 7[2mms[22m[39m
       [32m✓[39m should display Previous button when not on first page[32m 27[2mms[22m[39m
[31m       [31m×[31m should disable Previous button on first page[39m[32m 25[2mms[22m[39m
       [32m✓[39m should display Next button when hasMore is true[32m 15[2mms[22m[39m
       [32m✓[39m should disable Next button when hasMore is false[32m 4[2mms[22m[39m
       [32m✓[39m should call onLoadMore when Next button clicked[32m 62[2mms[22m[39m
       [32m✓[39m should display student results correctly[32m 3[2mms[22m[39m
       [32m✓[39m should display course results correctly[32m 2[2mms[22m[39m
       [32m✓[39m should display grade results correctly[32m 3[2mms[22m[39m
       [32m✓[39m should display correct badge color per type[32m 3[2mms[22m[39m
       [32m✓[39m should call onResultClick when result clicked[32m 66[2mms[22m[39m
[31m       [31m×[31m should highlight row on hover[39m[32m 45[2mms[22m[39m
       [32m✓[39m should handle results with missing secondary_info[32m 2[2mms[22m[39m
       [32m✓[39m should handle very long result names[32m 2[2mms[22m[39m
       [32m✓[39m should handle results with special characters[32m 2[2mms[22m[39m
       [32m✓[39m should have semantic table structure[32m 3[2mms[22m[39m
       [32m✓[39m should have proper table headers with scope[32m 3[2mms[22m[39m
       [32m✓[39m should have ARIA labels for icon buttons[32m 4[2mms[22m[39m
       [32m✓[39m should be keyboard navigable[32m 52[2mms[22m[39m
       [32m✓[39m should accept custom pageSize prop[32m 3[2mms[22m[39m
       [32m✓[39m should display correct result count per page[32m 7[2mms[22m[39m
[90mstdout[2m | src/features/students/components/EditStudentModal.test.tsx
[22m[39m[i18n] Initialized with English
[i18n] Found search translation keys: [ [32m'0'[39m, [32m'1'[39m, [32m'2'[39m, [32m'3'[39m, [32m'4'[39m, [32m'5'[39m ]

[90mstdout[2m | src/components/__tests__/SavedSearches.test.tsx
[22m[39m[i18n] Initialized with English
[i18n] Found search translation keys: [ [32m'0'[39m, [32m'1'[39m, [32m'2'[39m, [32m'3'[39m, [32m'4'[39m, [32m'5'[39m ]

 [31m❯[39m src/components/__tests__/SearchBar.test.tsx [2m([22m[2m27 tests[22m[2m | [22m[31m1 failed[39m[2m)[22m[33m 2263[2mms[22m[39m
       [32m✓[39m should render search input[32m 106[2mms[22m[39m
       [32m✓[39m should render search button[32m 25[2mms[22m[39m
       [32m✓[39m should render with custom placeholder[32m 3[2mms[22m[39m
       [32m✓[39m should render clear button when input has value[32m 257[2mms[22m[39m
       [32m✓[39m should not render clear button when input is empty[32m 16[2mms[22m[39m
       [32m✓[39m should display statistics when enabled[32m 10[2mms[22m[39m
       [32m✓[39m should apply custom className[32m 4[2mms[22m[39m
       [32m✓[39m should update input value on change[32m 135[2mms[22m[39m
       [32m✓[39m should call getSuggestionsDebounced on input change[32m 110[2mms[22m[39m
       [32m✓[39m should not call getSuggestions for empty input[32m 93[2mms[22m[39m
       [32m✓[39m should display suggestions when available[32m 94[2mms[22m[39m
       [32m✓[39m should hide suggestions when input is empty[32m 172[2mms[22m[39m
       [32m✓[39m should highlight selected suggestion[32m 108[2mms[22m[39m
       [32m✓[39m should select next suggestion with ArrowDown[32m 78[2mms[22m[39m
       [32m✓[39m should select previous suggestion with ArrowUp[32m 107[2mms[22m[39m
       [32m✓[39m should select suggestion with Enter key[32m 93[2mms[22m[39m
       [32m✓[39m should close suggestions with Escape key[32m 77[2mms[22m[39m
       [32m✓[39m should call onSearch when search button clicked[32m 158[2mms[22m[39m
       [32m✓[39m should call onSearch when Enter pressed in input[32m 111[2mms[22m[39m
       [32m✓[39m should not search with empty query[32m 62[2mms[22m[39m
       [32m✓[39m should clear input when clear button clicked[32m 201[2mms[22m[39m
[31m       [31m×[31m should close suggestions when clicking outside[39m[32m 97[2mms[22m[39m
       [32m✓[39m should have proper ARIA labels[32m 10[2mms[22m[39m
       [32m✓[39m should support keyboard-only navigation[32m 101[2mms[22m[39m
       [32m✓[39m should work with students search type[32m 9[2mms[22m[39m
       [32m✓[39m should work with courses search type[32m 12[2mms[22m[39m
       [32m✓[39m should work with grades search type[32m 10[2mms[22m[39m
stderr | src/components/__tests__/SavedSearches.test.tsx > SavedSearches Component > Saving Searches > should limit to 10 saved searches per type
Each child in a list should have a unique "key" prop.

Check the render method of `SavedSearches`. See https://react.dev/link/warning-keys for more information.

[90mstdout[2m | src/features/courses/components/AddCourseModal.test.tsx
[22m[39m[i18n] Initialized with English
[i18n] Found search translation keys: [ [32m'0'[39m, [32m'1'[39m, [32m'2'[39m, [32m'3'[39m, [32m'4'[39m, [32m'5'[39m ]

 [2m[90m↓[39m[22m src/features/courses/components/AddCourseModal.test.tsx [2m([22m[2m26 tests[22m[2m)[22m
 [32m✓[39m src/components/__tests__/SavedSearches.test.tsx [2m([22m[2m25 tests[22m[2m)[22m[33m 1591[2mms[22m[39m
       [33m[2m✓[22m[39m should save search with custom name [33m 376[2mms[22m[39m
       [33m[2m✓[22m[39m should prevent saving empty name [33m 331[2mms[22m[39m
       [33m[2m✓[22m[39m should limit to 10 saved searches per type [33m 394[2mms[22m[39m
       [33m[2m✓[22m[39m should display success message after save [33m 327[2mms[22m[39m
 [32m✓[39m src/features/students/components/EditStudentModal.test.tsx [2m([22m[2m24 tests[22m[2m)[22m[33m 2091[2mms[22m[39m
       [33m[2m✓[22m[39m allows editing all text fields [33m 316[2mms[22m[39m
       [33m[2m✓[22m[39m shows validation error for invalid email format (schema validation) [33m 330[2mms[22m[39m
       [33m[2m✓[22m[39m validates phone number max length [33m 470[2mms[22m[39m
 [32m✓[39m src/features/students/components/AddStudentModal.test.tsx [2m([22m[2m26 tests[22m[2m)[22m[33m 3241[2mms[22m[39m
       [33m[2m✓[22m[39m allows typing in all text fields [33m 874[2mms[22m[39m
       [33m[2m✓[22m[39m allows typing in address textarea [33m 346[2mms[22m[39m
       [33m[2m✓[22m[39m shows validation error for invalid email (schema validation) [33m 692[2mms[22m[39m
       [33m[2m✓[22m[39m shows validation error for invalid student ID pattern [33m 688[2mms[22m[39m

⎯⎯⎯⎯⎯⎯ Failed Tests 52 ⎯⎯⎯⎯⎯⎯⎯

 FAIL  src/LanguageContext.test.tsx > LanguageContext > setLanguage > persists language to localStorage via i18next
AssertionError: expected null to be 'el' // Object.is equality

- Expected: 
"el"

+ Received: 
null

 ❯ src/LanguageContext.test.tsx:69:22
     67|       // i18next-browser-languagedetector persists to localStorage wit…
     68|       const stored = localStorage.getItem('i18nextLng');
     69|       expect(stored).toBe('el');
       |                      ^
     70|     });
     71| 

⎯⎯⎯⎯⎯⎯⎯⎯⎯⎯⎯⎯⎯⎯⎯⎯⎯⎯⎯⎯⎯⎯⎯[1/52]⎯

 FAIL  src/LanguageContext.test.tsx > LanguageContext > language persistence > persists latest language to localStorage across switches
AssertionError: expected null to be 'el' // Object.is equality

- Expected: 
"el"

+ Received: 
null

 ❯ src/LanguageContext.test.tsx:151:50
    149|         await result.current.setLanguage('el');
    150|       });
    151|       expect(localStorage.getItem('i18nextLng')).toBe('el');
       |                                                  ^
    152| 
    153|       await act(async () => {

⎯⎯⎯⎯⎯⎯⎯⎯⎯⎯⎯⎯⎯⎯⎯⎯⎯⎯⎯⎯⎯⎯⎯[2/52]⎯

 FAIL  src/hooks/usePerformanceMonitor.test.ts > usePerformanceMonitor hook > usePerformanceMonitor > should handle multiple renders with different durations
AssertionError: expected "warn" to be called at least once
 ❯ src/hooks/usePerformanceMonitor.test.ts:281:23
    279| 
    280|       // Second render should trigger warning
    281|       expect(warnSpy).toHaveBeenCalled();
       |                       ^
    282|     });
    283| 

⎯⎯⎯⎯⎯⎯⎯⎯⎯⎯⎯⎯⎯⎯⎯⎯⎯⎯⎯⎯⎯⎯⎯[3/52]⎯

 FAIL  src/components/__tests__/AdvancedFilters.test.tsx > AdvancedFilters Component > Rendering > should hide filter panel when closed
Error: expect(received).toBeInTheDocument()

received value must be an HTMLElement or an SVGElement.
Received has type:  Null
Received has value: null
 ❯ src/components/__tests__/AdvancedFilters.test.tsx:55:21
     53| 
     54|       const panel = container.querySelector('[data-open="false"]');
     55|       expect(panel).toBeInTheDocument();
       |                     ^
     56|       expect(screen.queryByRole('region')).not.toBeInTheDocument();
     57|     });

⎯⎯⎯⎯⎯⎯⎯⎯⎯⎯⎯⎯⎯⎯⎯⎯⎯⎯⎯⎯⎯⎯⎯[4/52]⎯

 FAIL  src/components/__tests__/AdvancedFilters.test.tsx > AdvancedFilters Component > Rendering > should render toggle button
TestingLibraryElementError: Unable to find an accessible element with the role "button" and name `/advanced filters/i`

Here are the accessible roles:

  button:

  Name "search.advanced.title":
  <button
    aria-expanded="true"
    aria-label="search.advanced.title"
    class="filter-toggle open"
  />

  Name "Close":
  <button
    aria-label="Close"
    class="close-button"
  />

  Name "search.presets.activeStudents":
  <button
    class="preset-button"
  />

  Name "search.presets.recentEnrollments":
  <button
    class="preset-button"
  />

  Name "search.advanced.apply":
  <button
    class="apply-button"
    disabled=""
  />

  Name "search.advanced.reset":
  <button
    class="reset-button"
  />

  --------------------------------------------------
  region:

  Name "search.advanced.title":
  <div
    aria-label="search.advanced.title"
    class="filter-panel"
    data-open="true"
    role="region"
  />

  --------------------------------------------------
  heading:

  Name "search.filters.title":
  <h3 />

  Name "search.presets.title":
  <h4 />

  Name "search.filters.custom":
  <h4 />

  --------------------------------------------------
  textbox:

  Name "":
  <input
    placeholder="search.fields.firstName"
    type="text"
    value=""
  />

  Name "":
  <input
    placeholder="search.fields.lastName"
    type="text"
    value=""
  />

  Name "":
  <input
    placeholder="search.fields.email"
    type="email"
    value=""
  />

  --------------------------------------------------
  spinbutton:

  Name "":
  <input
    placeholder="2026"
    type="number"
    value=""
  />

  --------------------------------------------------

Ignored nodes: comments, script, style
<body>
  <div>
    <div
      class="advanced-filters "
    >
      <button
        aria-expanded="true"
        aria-label="search.advanced.title"
        class="filter-toggle open"
      >
        <svg
          aria-hidden="true"
          class="toggle-icon"
          data-slot="icon"
          fill="none"
          role="img"
          stroke="currentColor"
          stroke-width="1.5"
          viewBox="0 0 24 24"
          xmlns="http://www.w3.org/2000/svg"
        >
          <path
            d="M12 3c2.755 0 5.455.232 8.083.678.533.09.917.556.917 1.096v1.044a2.25 2.25 0 0 1-.659 1.591l-5.432 5.432a2.25 2.25 0 0 0-.659 1.591v2.927a2.25 2.25 0 0 1-1.244 2.013L9.75 21v-6.568a2.25 2.25 0 0 0-.659-1.591L3.659 7.409A2.25 2.25 0 0 1 3 5.818V4.774c0-.54.384-1.006.917-1.096A48.32 48.32 0 0 1 12 3Z"
            stroke-linecap="round"
            stroke-linejoin="round"
          />
        </svg>
        search.advanced.title
      </button>
      <div
        aria-label="search.advanced.title"
        class="filter-panel"
        data-open="true"
        role="region"
      >
        <div
          class="filter-header"
        >
          <h3>
            search.filters.title
          </h3>
          <button
            aria-label="Close"
            class="close-button"
          >
            <svg
              aria-hidden="true"
              class="close-icon"
              data-slot="icon"
              fill="none"
              role="img"
              stroke="currentColor"
              stroke-width="1.5"
              viewBox="0 0 24 24"
              xmlns="http://www.w3.org/2000/svg"
            >
              <path
                d="M6 18 18 6M6 6l12 12"
                stroke-linecap="round"
                stroke-linejoin="round"
              />
            </svg>
          </button>
        </div>
        <div
          class="filter-section"
        >
          <h4>
            search.presets.title
          </h4>
          <div
            class="presets-list"
            data-presets="true"
          >
            <button
              class="preset-button"
            >
              search.presets.activeStudents
            </button>
            <button
              class="preset-button"
            >
              search.presets.recentEnrollments
            </button>
          </div>
        </div>
        <div
          class="filter-section"
        >
          <h4>
            search.filters.custom
          </h4>
          <div
            class="filters-grid"
          >
            <div
              class="filter-group"
            >
              <label>
                search.fields.firstName
              </label>
              <input
                placeholder="search.fields.firstName"
                type="text"
                value=""
              />
            </div>
            <div
              class="filter-group"
            >
              <label>
                search.fields.lastName
              </label>
              <input
                placeholder="search.fields.lastName"
                type="text"
                value=""
              />
            </div>
            <div
              class="filter-group"
            >
              <label>
                search.fields.email
              </label>
              <input
                placeholder="search.fields.email"
                type="email"
                value=""
              />
            </div>
            <div
              class="filter-group"
            >
              <label>
                search.fields.academicYear
              </label>
              <input
                placeholder="2026"
                type="number"
                value=""
              />
            </div>
          </div>
        </div>
        <div
          class="filter-actions"
        >
          <button
            class="apply-button"
            disabled=""
          >
            search.advanced.apply
          </button>
          <button
            class="reset-button"
          >
            <svg
              aria-hidden="true"
              class="reset-icon"
              data-slot="icon"
              fill="none"
              role="img"
              stroke="currentColor"
              stroke-width="1.5"
              viewBox="0 0 24 24"
              xmlns="http://www.w3.org/2000/svg"
            >
              <path
                d="M16.023 9.348h4.992v-.001M2.985 19.644v-4.992m0 0h4.992m-4.993 0 3.181 3.183a8.25 8.25 0 0 0 13.803-3.7M4.031 9.865a8.25 8.25 0 0 1 13.803-3.7l3.181 3.182m0-4.991v4.99"
                stroke-linecap="round"
                stroke-linejoin="round"
              />
            </svg>
            search.advanced.reset
          </button>
        </div>
      </div>
    </div>
  </div>
</body>
 ❯ Object.getElementError node_modules/@testing-library/dom/dist/config.js:37:19
 ❯ node_modules/@testing-library/dom/dist/query-helpers.js:76:38
 ❯ node_modules/@testing-library/dom/dist/query-helpers.js:52:17
 ❯ node_modules/@testing-library/dom/dist/query-helpers.js:95:19
 ❯ src/components/__tests__/AdvancedFilters.test.tsx:62:35
     60|       renderAdvancedFilters();
     61| 
     62|       const toggleButton = screen.getByRole('button', {
       |                                   ^
     63|         name: /advanced filters/i
     64|       });

⎯⎯⎯⎯⎯⎯⎯⎯⎯⎯⎯⎯⎯⎯⎯⎯⎯⎯⎯⎯⎯⎯⎯[5/52]⎯

 FAIL  src/components/__tests__/AdvancedFilters.test.tsx > AdvancedFilters Component > Student Filters > should render student filter fields
TestingLibraryElementError: Unable to find an element with the placeholder text of: /first name|first_name/i

Ignored nodes: comments, script, style
<body>
  <div>
    <div
      class="advanced-filters "
    >
      <button
        aria-expanded="true"
        aria-label="search.advanced.title"
        class="filter-toggle open"
      >
        <svg
          aria-hidden="true"
          class="toggle-icon"
          data-slot="icon"
          fill="none"
          role="img"
          stroke="currentColor"
          stroke-width="1.5"
          viewBox="0 0 24 24"
          xmlns="http://www.w3.org/2000/svg"
        >
          <path
            d="M12 3c2.755 0 5.455.232 8.083.678.533.09.917.556.917 1.096v1.044a2.25 2.25 0 0 1-.659 1.591l-5.432 5.432a2.25 2.25 0 0 0-.659 1.591v2.927a2.25 2.25 0 0 1-1.244 2.013L9.75 21v-6.568a2.25 2.25 0 0 0-.659-1.591L3.659 7.409A2.25 2.25 0 0 1 3 5.818V4.774c0-.54.384-1.006.917-1.096A48.32 48.32 0 0 1 12 3Z"
            stroke-linecap="round"
            stroke-linejoin="round"
          />
        </svg>
        search.advanced.title
      </button>
      <div
        aria-label="search.advanced.title"
        class="filter-panel"
        data-open="true"
        role="region"
      >
        <div
          class="filter-header"
        >
          <h3>
            search.filters.title
          </h3>
          <button
            aria-label="Close"
            class="close-button"
          >
            <svg
              aria-hidden="true"
              class="close-icon"
              data-slot="icon"
              fill="none"
              role="img"
              stroke="currentColor"
              stroke-width="1.5"
              viewBox="0 0 24 24"
              xmlns="http://www.w3.org/2000/svg"
            >
              <path
                d="M6 18 18 6M6 6l12 12"
                stroke-linecap="round"
                stroke-linejoin="round"
              />
            </svg>
          </button>
        </div>
        <div
          class="filter-section"
        >
          <h4>
            search.presets.title
          </h4>
          <div
            class="presets-list"
            data-presets="true"
          >
            <button
              class="preset-button"
            >
              search.presets.activeStudents
            </button>
            <button
              class="preset-button"
            >
              search.presets.recentEnrollments
            </button>
          </div>
        </div>
        <div
          class="filter-section"
        >
          <h4>
            search.filters.custom
          </h4>
          <div
            class="filters-grid"
          >
            <div
              class="filter-group"
            >
              <label>
                search.fields.firstName
              </label>
              <input
                placeholder="search.fields.firstName"
                type="text"
                value=""
              />
            </div>
            <div
              class="filter-group"
            >
              <label>
                search.fields.lastName
              </label>
              <input
                placeholder="search.fields.lastName"
                type="text"
                value=""
              />
            </div>
            <div
              class="filter-group"
            >
              <label>
                search.fields.email
              </label>
              <input
                placeholder="search.fields.email"
                type="email"
                value=""
              />
            </div>
            <div
              class="filter-group"
            >
              <label>
                search.fields.academicYear
              </label>
              <input
                placeholder="2026"
                type="number"
                value=""
              />
            </div>
          </div>
        </div>
        <div
          class="filter-actions"
        >
          <button
            class="apply-button"
            disabled=""
          >
            search.advanced.apply
          </button>
          <button
            class="reset-button"
          >
            <svg
              aria-hidden="true"
              class="reset-icon"
              data-slot="icon"
              fill="none"
              role="img"
              stroke="currentColor"
              stroke-width="1.5"
              viewBox="0 0 24 24"
              xmlns="http://www.w3.org/2000/svg"
            >
              <path
                d="M16.023 9.348h4.992v-.001M2.985 19.644v-4.992m0 0h4.992m-4.993 0 3.181 3.183a8.25 8.25 0 0 0 13.803-3.7M4.031 9.865a8.25 8.25 0 0 1 13.803-3.7l3.181 3.182m0-4.991v4.99"
                stroke-linecap="round"
                stroke-linejoin="round"
              />
            </svg>
            search.advanced.reset
          </button>
        </div>
      </div>
    </div>
  </div>
</body>
 ❯ Object.getElementError node_modules/@testing-library/dom/dist/config.js:37:19
 ❯ node_modules/@testing-library/dom/dist/query-helpers.js:76:38
 ❯ node_modules/@testing-library/dom/dist/query-helpers.js:52:17
 ❯ node_modules/@testing-library/dom/dist/query-helpers.js:95:19
 ❯ src/components/__tests__/AdvancedFilters.test.tsx:84:16
     82| 
     83|       expect(
     84|         screen.getByPlaceholderText(/first name|first_name/i)
       |                ^
     85|       ).toBeInTheDocument();
     86|       expect(

⎯⎯⎯⎯⎯⎯⎯⎯⎯⎯⎯⎯⎯⎯⎯⎯⎯⎯⎯⎯⎯⎯⎯[6/52]⎯

 FAIL  src/components/__tests__/AdvancedFilters.test.tsx > AdvancedFilters Component > Student Filters > should render student filter presets
TestingLibraryElementError: Unable to find an element with the text: /active students/i. This could be because the text is broken up by multiple elements. In this case, you can provide a function for your text matcher to make your matcher more flexible.

Ignored nodes: comments, script, style
<body>
  <div>
    <div
      class="advanced-filters "
    >
      <button
        aria-expanded="true"
        aria-label="search.advanced.title"
        class="filter-toggle open"
      >
        <svg
          aria-hidden="true"
          class="toggle-icon"
          data-slot="icon"
          fill="none"
          role="img"
          stroke="currentColor"
          stroke-width="1.5"
          viewBox="0 0 24 24"
          xmlns="http://www.w3.org/2000/svg"
        >
          <path
            d="M12 3c2.755 0 5.455.232 8.083.678.533.09.917.556.917 1.096v1.044a2.25 2.25 0 0 1-.659 1.591l-5.432 5.432a2.25 2.25 0 0 0-.659 1.591v2.927a2.25 2.25 0 0 1-1.244 2.013L9.75 21v-6.568a2.25 2.25 0 0 0-.659-1.591L3.659 7.409A2.25 2.25 0 0 1 3 5.818V4.774c0-.54.384-1.006.917-1.096A48.32 48.32 0 0 1 12 3Z"
            stroke-linecap="round"
            stroke-linejoin="round"
          />
        </svg>
        search.advanced.title
      </button>
      <div
        aria-label="search.advanced.title"
        class="filter-panel"
        data-open="true"
        role="region"
      >
        <div
          class="filter-header"
        >
          <h3>
            search.filters.title
          </h3>
          <button
            aria-label="Close"
            class="close-button"
          >
            <svg
              aria-hidden="true"
              class="close-icon"
              data-slot="icon"
              fill="none"
              role="img"
              stroke="currentColor"
              stroke-width="1.5"
              viewBox="0 0 24 24"
              xmlns="http://www.w3.org/2000/svg"
            >
              <path
                d="M6 18 18 6M6 6l12 12"
                stroke-linecap="round"
                stroke-linejoin="round"
              />
            </svg>
          </button>
        </div>
        <div
          class="filter-section"
        >
          <h4>
            search.presets.title
          </h4>
          <div
            class="presets-list"
            data-presets="true"
          >
            <button
              class="preset-button"
            >
              search.presets.activeStudents
            </button>
            <button
              class="preset-button"
            >
              search.presets.recentEnrollments
            </button>
          </div>
        </div>
        <div
          class="filter-section"
        >
          <h4>
            search.filters.custom
          </h4>
          <div
            class="filters-grid"
          >
            <div
              class="filter-group"
            >
              <label>
                search.fields.firstName
              </label>
              <input
                placeholder="search.fields.firstName"
                type="text"
                value=""
              />
            </div>
            <div
              class="filter-group"
            >
              <label>
                search.fields.lastName
              </label>
              <input
                placeholder="search.fields.lastName"
                type="text"
                value=""
              />
            </div>
            <div
              class="filter-group"
            >
              <label>
                search.fields.email
              </label>
              <input
                placeholder="search.fields.email"
                type="email"
                value=""
              />
            </div>
            <div
              class="filter-group"
            >
              <label>
                search.fields.academicYear
              </label>
              <input
                placeholder="2026"
                type="number"
                value=""
              />
            </div>
          </div>
        </div>
        <div
          class="filter-actions"
        >
          <button
            class="apply-button"
            disabled=""
          >
            search.advanced.apply
          </button>
          <button
            class="reset-button"
          >
            <svg
              aria-hidden="true"
              class="reset-icon"
              data-slot="icon"
              fill="none"
              role="img"
              stroke="currentColor"
              stroke-width="1.5"
              viewBox="0 0 24 24"
              xmlns="http://www.w3.org/2000/svg"
            >
              <path
                d="M16.023 9.348h4.992v-.001M2.985 19.644v-4.992m0 0h4.992m-4.993 0 3.181 3.183a8.25 8.25 0 0 0 13.803-3.7M4.031 9.865a8.25 8.25 0 0 1 13.803-3.7l3.181 3.182m0-4.991v4.99"
                stroke-linecap="round"
                stroke-linejoin="round"
              />
            </svg>
            search.advanced.reset
          </button>
        </div>
      </div>
    </div>
  </div>
</body>
 ❯ Object.getElementError node_modules/@testing-library/dom/dist/config.js:37:19
 ❯ node_modules/@testing-library/dom/dist/query-helpers.js:76:38
 ❯ node_modules/@testing-library/dom/dist/query-helpers.js:52:17
 ❯ node_modules/@testing-library/dom/dist/query-helpers.js:95:19
 ❯ src/components/__tests__/AdvancedFilters.test.tsx:98:16
     96| 
     97|       expect(
     98|         screen.getByText(/active students/i)
       |                ^
     99|       ).toBeInTheDocument();
    100|       expect(

⎯⎯⎯⎯⎯⎯⎯⎯⎯⎯⎯⎯⎯⎯⎯⎯⎯⎯⎯⎯⎯⎯⎯[7/52]⎯

 FAIL  src/components/__tests__/AdvancedFilters.test.tsx > AdvancedFilters Component > Student Filters > should allow entering first name
TestingLibraryElementError: Unable to find an element with the placeholder text of: /first name|first_name/i

Ignored nodes: comments, script, style
<body>
  <div>
    <div
      class="advanced-filters "
    >
      <button
        aria-expanded="true"
        aria-label="search.advanced.title"
        class="filter-toggle open"
      >
        <svg
          aria-hidden="true"
          class="toggle-icon"
          data-slot="icon"
          fill="none"
          role="img"
          stroke="currentColor"
          stroke-width="1.5"
          viewBox="0 0 24 24"
          xmlns="http://www.w3.org/2000/svg"
        >
          <path
            d="M12 3c2.755 0 5.455.232 8.083.678.533.09.917.556.917 1.096v1.044a2.25 2.25 0 0 1-.659 1.591l-5.432 5.432a2.25 2.25 0 0 0-.659 1.591v2.927a2.25 2.25 0 0 1-1.244 2.013L9.75 21v-6.568a2.25 2.25 0 0 0-.659-1.591L3.659 7.409A2.25 2.25 0 0 1 3 5.818V4.774c0-.54.384-1.006.917-1.096A48.32 48.32 0 0 1 12 3Z"
            stroke-linecap="round"
            stroke-linejoin="round"
          />
        </svg>
        search.advanced.title
      </button>
      <div
        aria-label="search.advanced.title"
        class="filter-panel"
        data-open="true"
        role="region"
      >
        <div
          class="filter-header"
        >
          <h3>
            search.filters.title
          </h3>
          <button
            aria-label="Close"
            class="close-button"
          >
            <svg
              aria-hidden="true"
              class="close-icon"
              data-slot="icon"
              fill="none"
              role="img"
              stroke="currentColor"
              stroke-width="1.5"
              viewBox="0 0 24 24"
              xmlns="http://www.w3.org/2000/svg"
            >
              <path
                d="M6 18 18 6M6 6l12 12"
                stroke-linecap="round"
                stroke-linejoin="round"
              />
            </svg>
          </button>
        </div>
        <div
          class="filter-section"
        >
          <h4>
            search.presets.title
          </h4>
          <div
            class="presets-list"
            data-presets="true"
          >
            <button
              class="preset-button"
            >
              search.presets.activeStudents
            </button>
            <button
              class="preset-button"
            >
              search.presets.recentEnrollments
            </button>
          </div>
        </div>
        <div
          class="filter-section"
        >
          <h4>
            search.filters.custom
          </h4>
          <div
            class="filters-grid"
          >
            <div
              class="filter-group"
            >
              <label>
                search.fields.firstName
              </label>
              <input
                placeholder="search.fields.firstName"
                type="text"
                value=""
              />
            </div>
            <div
              class="filter-group"
            >
              <label>
                search.fields.lastName
              </label>
              <input
                placeholder="search.fields.lastName"
                type="text"
                value=""
              />
            </div>
            <div
              class="filter-group"
            >
              <label>
                search.fields.email
              </label>
              <input
                placeholder="search.fields.email"
                type="email"
                value=""
              />
            </div>
            <div
              class="filter-group"
            >
              <label>
                search.fields.academicYear
              </label>
              <input
                placeholder="2026"
                type="number"
                value=""
              />
            </div>
          </div>
        </div>
        <div
          class="filter-actions"
        >
          <button
            class="apply-button"
            disabled=""
          >
            search.advanced.apply
          </button>
          <button
            class="reset-button"
          >
            <svg
              aria-hidden="true"
              class="reset-icon"
              data-slot="icon"
              fill="none"
              role="img"
              stroke="currentColor"
              stroke-width="1.5"
              viewBox="0 0 24 24"
              xmlns="http://www.w3.org/2000/svg"
            >
              <path
                d="M16.023 9.348h4.992v-.001M2.985 19.644v-4.992m0 0h4.992m-4.993 0 3.181 3.183a8.25 8.25 0 0 0 13.803-3.7M4.031 9.865a8.25 8.25 0 0 1 13.803-3.7l3.181 3.182m0-4.991v4.99"
                stroke-linecap="round"
                stroke-linejoin="round"
              />
            </svg>
            search.advanced.reset
          </button>
        </div>
      </div>
    </div>
  </div>
</body>
 ❯ Object.getElementError node_modules/@testing-library/dom/dist/config.js:37:19
 ❯ node_modules/@testing-library/dom/dist/query-helpers.js:76:38
 ❯ node_modules/@testing-library/dom/dist/query-helpers.js:52:17
 ❯ node_modules/@testing-library/dom/dist/query-helpers.js:95:19
 ❯ src/components/__tests__/AdvancedFilters.test.tsx:109:28
    107|       renderAdvancedFilters({ searchType: 'students' });
    108| 
    109|       const input = screen.getByPlaceholderText(/first name|first_name…
       |                            ^
    110|       await user.type(input, 'John');
    111| 

⎯⎯⎯⎯⎯⎯⎯⎯⎯⎯⎯⎯⎯⎯⎯⎯⎯⎯⎯⎯⎯⎯⎯[8/52]⎯

 FAIL  src/components/__tests__/AdvancedFilters.test.tsx > AdvancedFilters Component > Course Filters > should render course filter fields
TestingLibraryElementError: Unable to find an element with the placeholder text of: /course name|course_name/i

Ignored nodes: comments, script, style
<body>
  <div>
    <div
      class="advanced-filters "
    >
      <button
        aria-expanded="true"
        aria-label="search.advanced.title"
        class="filter-toggle open"
      >
        <svg
          aria-hidden="true"
          class="toggle-icon"
          data-slot="icon"
          fill="none"
          role="img"
          stroke="currentColor"
          stroke-width="1.5"
          viewBox="0 0 24 24"
          xmlns="http://www.w3.org/2000/svg"
        >
          <path
            d="M12 3c2.755 0 5.455.232 8.083.678.533.09.917.556.917 1.096v1.044a2.25 2.25 0 0 1-.659 1.591l-5.432 5.432a2.25 2.25 0 0 0-.659 1.591v2.927a2.25 2.25 0 0 1-1.244 2.013L9.75 21v-6.568a2.25 2.25 0 0 0-.659-1.591L3.659 7.409A2.25 2.25 0 0 1 3 5.818V4.774c0-.54.384-1.006.917-1.096A48.32 48.32 0 0 1 12 3Z"
            stroke-linecap="round"
            stroke-linejoin="round"
          />
        </svg>
        search.advanced.title
      </button>
      <div
        aria-label="search.advanced.title"
        class="filter-panel"
        data-open="true"
        role="region"
      >
        <div
          class="filter-header"
        >
          <h3>
            search.filters.title
          </h3>
          <button
            aria-label="Close"
            class="close-button"
          >
            <svg
              aria-hidden="true"
              class="close-icon"
              data-slot="icon"
              fill="none"
              role="img"
              stroke="currentColor"
              stroke-width="1.5"
              viewBox="0 0 24 24"
              xmlns="http://www.w3.org/2000/svg"
            >
              <path
                d="M6 18 18 6M6 6l12 12"
                stroke-linecap="round"
                stroke-linejoin="round"
              />
            </svg>
          </button>
        </div>
        <div
          class="filter-section"
        >
          <h4>
            search.presets.title
          </h4>
          <div
            class="presets-list"
            data-presets="true"
          >
            <button
              class="preset-button"
            >
              search.presets.highCredit
            </button>
            <button
              class="preset-button"
            >
              search.presets.coreCourses
            </button>
          </div>
        </div>
        <div
          class="filter-section"
        >
          <h4>
            search.filters.custom
          </h4>
          <div
            class="filters-grid"
          >
            <div
              class="filter-group"
            >
              <label>
                search.fields.courseName
              </label>
              <input
                placeholder="search.fields.courseName"
                type="text"
                value=""
              />
            </div>
            <div
              class="filter-group"
            >
              <label>
                search.fields.courseCode
              </label>
              <input
                placeholder="search.fields.courseCode"
                type="text"
                value=""
              />
            </div>
            <div
              class="filter-group"
            >
              <label>
                search.fields.credits
              </label>
              <input
                max="10"
                min="0"
                placeholder="0-10"
                type="number"
                value=""
              />
            </div>
            <div
              class="filter-group"
            >
              <label>
                search.fields.academicYear
              </label>
              <input
                placeholder="2026"
                type="number"
                value=""
              />
            </div>
          </div>
        </div>
        <div
          class="filter-actions"
        >
          <button
            class="apply-button"
            disabled=""
          >
            search.advanced.apply
          </button>
          <button
            class="reset-button"
          >
            <svg
              aria-hidden="true"
              class="reset-icon"
              data-slot="icon"
              fill="none"
              role="img"
              stroke="currentColor"
              stroke-width="1.5"
              viewBox="0 0 24 24"
              xmlns="http://www.w3.org/2000/svg"
            >
              <path
                d="M16.023 9.348h4.992v-.001M2.985 19.644v-4.992m0 0h4.992m-4.993 0 3.181 3.183a8.25 8.25 0 0 0 13.803-3.7M4.031 9.865a8.25 8.25 0 0 1 13.803-3.7l3.181 3.182m0-4.991v4.99"
                stroke-linecap="round"
                stroke-linejoin="round"
              />
            </svg>
            search.advanced.reset
          </button>
        </div>
      </div>
    </div>
  </div>
</body>
 ❯ Object.getElementError node_modules/@testing-library/dom/dist/config.js:37:19
 ❯ node_modules/@testing-library/dom/dist/query-helpers.js:76:38
 ❯ node_modules/@testing-library/dom/dist/query-helpers.js:52:17
 ❯ node_modules/@testing-library/dom/dist/query-helpers.js:95:19
 ❯ src/components/__tests__/AdvancedFilters.test.tsx:131:16
    129| 
    130|       expect(
    131|         screen.getByPlaceholderText(/course name|course_name/i)
       |                ^
    132|       ).toBeInTheDocument();
    133|       expect(

⎯⎯⎯⎯⎯⎯⎯⎯⎯⎯⎯⎯⎯⎯⎯⎯⎯⎯⎯⎯⎯⎯⎯[9/52]⎯

 FAIL  src/components/__tests__/AdvancedFilters.test.tsx > AdvancedFilters Component > Course Filters > should render course filter presets
TestingLibraryElementError: Unable to find an element with the text: /high credit/i. This could be because the text is broken up by multiple elements. In this case, you can provide a function for your text matcher to make your matcher more flexible.

Ignored nodes: comments, script, style
<body>
  <div>
    <div
      class="advanced-filters "
    >
      <button
        aria-expanded="true"
        aria-label="search.advanced.title"
        class="filter-toggle open"
      >
        <svg
          aria-hidden="true"
          class="toggle-icon"
          data-slot="icon"
          fill="none"
          role="img"
          stroke="currentColor"
          stroke-width="1.5"
          viewBox="0 0 24 24"
          xmlns="http://www.w3.org/2000/svg"
        >
          <path
            d="M12 3c2.755 0 5.455.232 8.083.678.533.09.917.556.917 1.096v1.044a2.25 2.25 0 0 1-.659 1.591l-5.432 5.432a2.25 2.25 0 0 0-.659 1.591v2.927a2.25 2.25 0 0 1-1.244 2.013L9.75 21v-6.568a2.25 2.25 0 0 0-.659-1.591L3.659 7.409A2.25 2.25 0 0 1 3 5.818V4.774c0-.54.384-1.006.917-1.096A48.32 48.32 0 0 1 12 3Z"
            stroke-linecap="round"
            stroke-linejoin="round"
          />
        </svg>
        search.advanced.title
      </button>
      <div
        aria-label="search.advanced.title"
        class="filter-panel"
        data-open="true"
        role="region"
      >
        <div
          class="filter-header"
        >
          <h3>
            search.filters.title
          </h3>
          <button
            aria-label="Close"
            class="close-button"
          >
            <svg
              aria-hidden="true"
              class="close-icon"
              data-slot="icon"
              fill="none"
              role="img"
              stroke="currentColor"
              stroke-width="1.5"
              viewBox="0 0 24 24"
              xmlns="http://www.w3.org/2000/svg"
            >
              <path
                d="M6 18 18 6M6 6l12 12"
                stroke-linecap="round"
                stroke-linejoin="round"
              />
            </svg>
          </button>
        </div>
        <div
          class="filter-section"
        >
          <h4>
            search.presets.title
          </h4>
          <div
            class="presets-list"
            data-presets="true"
          >
            <button
              class="preset-button"
            >
              search.presets.highCredit
            </button>
            <button
              class="preset-button"
            >
              search.presets.coreCourses
            </button>
          </div>
        </div>
        <div
          class="filter-section"
        >
          <h4>
            search.filters.custom
          </h4>
          <div
            class="filters-grid"
          >
            <div
              class="filter-group"
            >
              <label>
                search.fields.courseName
              </label>
              <input
                placeholder="search.fields.courseName"
                type="text"
                value=""
              />
            </div>
            <div
              class="filter-group"
            >
              <label>
                search.fields.courseCode
              </label>
              <input
                placeholder="search.fields.courseCode"
                type="text"
                value=""
              />
            </div>
            <div
              class="filter-group"
            >
              <label>
                search.fields.credits
              </label>
              <input
                max="10"
                min="0"
                placeholder="0-10"
                type="number"
                value=""
              />
            </div>
            <div
              class="filter-group"
            >
              <label>
                search.fields.academicYear
              </label>
              <input
                placeholder="2026"
                type="number"
                value=""
              />
            </div>
          </div>
        </div>
        <div
          class="filter-actions"
        >
          <button
            class="apply-button"
            disabled=""
          >
            search.advanced.apply
          </button>
          <button
            class="reset-button"
          >
            <svg
              aria-hidden="true"
              class="reset-icon"
              data-slot="icon"
              fill="none"
              role="img"
              stroke="currentColor"
              stroke-width="1.5"
              viewBox="0 0 24 24"
              xmlns="http://www.w3.org/2000/svg"
            >
              <path
                d="M16.023 9.348h4.992v-.001M2.985 19.644v-4.992m0 0h4.992m-4.993 0 3.181 3.183a8.25 8.25 0 0 0 13.803-3.7M4.031 9.865a8.25 8.25 0 0 1 13.803-3.7l3.181 3.182m0-4.991v4.99"
                stroke-linecap="round"
                stroke-linejoin="round"
              />
            </svg>
            search.advanced.reset
          </button>
        </div>
      </div>
    </div>
  </div>
</body>
 ❯ Object.getElementError node_modules/@testing-library/dom/dist/config.js:37:19
 ❯ node_modules/@testing-library/dom/dist/query-helpers.js:76:38
 ❯ node_modules/@testing-library/dom/dist/query-helpers.js:52:17
 ❯ node_modules/@testing-library/dom/dist/query-helpers.js:95:19
 ❯ src/components/__tests__/AdvancedFilters.test.tsx:142:16
    140| 
    141|       expect(
    142|         screen.getByText(/high credit/i)
       |                ^
    143|       ).toBeInTheDocument();
    144|       expect(

⎯⎯⎯⎯⎯⎯⎯⎯⎯⎯⎯⎯⎯⎯⎯⎯⎯⎯⎯⎯⎯⎯[10/52]⎯

 FAIL  src/components/__tests__/AdvancedFilters.test.tsx > AdvancedFilters Component > Course Filters > should render credits filter
TestingLibraryElementError: Found multiple elements with the text: /credits|credit/i

Here are the matching elements:

Ignored nodes: comments, script, style
<button
  class="preset-button"
>
  search.presets.highCredit
</button>

Ignored nodes: comments, script, style
<label>
  search.fields.credits
</label>

(If this is intentional, then use the `*AllBy*` variant of the query (like `queryAllByText`, `getAllByText`, or `findAllByText`)).

Ignored nodes: comments, script, style
<body>
  <div>
    <div
      class="advanced-filters "
    >
      <button
        aria-expanded="true"
        aria-label="search.advanced.title"
        class="filter-toggle open"
      >
        <svg
          aria-hidden="true"
          class="toggle-icon"
          data-slot="icon"
          fill="none"
          role="img"
          stroke="currentColor"
          stroke-width="1.5"
          viewBox="0 0 24 24"
          xmlns="http://www.w3.org/2000/svg"
        >
          <path
            d="M12 3c2.755 0 5.455.232 8.083.678.533.09.917.556.917 1.096v1.044a2.25 2.25 0 0 1-.659 1.591l-5.432 5.432a2.25 2.25 0 0 0-.659 1.591v2.927a2.25 2.25 0 0 1-1.244 2.013L9.75 21v-6.568a2.25 2.25 0 0 0-.659-1.591L3.659 7.409A2.25 2.25 0 0 1 3 5.818V4.774c0-.54.384-1.006.917-1.096A48.32 48.32 0 0 1 12 3Z"
            stroke-linecap="round"
            stroke-linejoin="round"
          />
        </svg>
        search.advanced.title
      </button>
      <div
        aria-label="search.advanced.title"
        class="filter-panel"
        data-open="true"
        role="region"
      >
        <div
          class="filter-header"
        >
          <h3>
            search.filters.title
          </h3>
          <button
            aria-label="Close"
            class="close-button"
          >
            <svg
              aria-hidden="true"
              class="close-icon"
              data-slot="icon"
              fill="none"
              role="img"
              stroke="currentColor"
              stroke-width="1.5"
              viewBox="0 0 24 24"
              xmlns="http://www.w3.org/2000/svg"
            >
              <path
                d="M6 18 18 6M6 6l12 12"
                stroke-linecap="round"
                stroke-linejoin="round"
              />
            </svg>
          </button>
        </div>
        <div
          class="filter-section"
        >
          <h4>
            search.presets.title
          </h4>
          <div
            class="presets-list"
            data-presets="true"
          >
            <button
              class="preset-button"
            >
              search.presets.highCredit
            </button>
            <button
              class="preset-button"
            >
              search.presets.coreCourses
            </button>
          </div>
        </div>
        <div
          class="filter-section"
        >
          <h4>
            search.filters.custom
          </h4>
          <div
            class="filters-grid"
          >
            <div
              class="filter-group"
            >
              <label>
                search.fields.courseName
              </label>
              <input
                placeholder="search.fields.courseName"
                type="text"
                value=""
              />
            </div>
            <div
              class="filter-group"
            >
              <label>
                search.fields.courseCode
              </label>
              <input
                placeholder="search.fields.courseCode"
                type="text"
                value=""
              />
            </div>
            <div
              class="filter-group"
            >
              <label>
                search.fields.credits
              </label>
              <input
                max="10"
                min="0"
                placeholder="0-10"
                type="number"
                value=""
              />
            </div>
            <div
              class="filter-group"
            >
              <label>
                search.fields.academicYear
              </label>
              <input
                placeholder="2026"
                type="number"
                value=""
              />
            </div>
          </div>
        </div>
        <div
          class="filter-actions"
        >
          <button
            class="apply-button"
            disabled=""
          >
            search.advanced.apply
          </button>
          <button
            class="reset-button"
          >
            <svg
              aria-hidden="true"
              class="reset-icon"
              data-slot="icon"
              fill="none"
              role="img"
              stroke="currentColor"
              stroke-width="1.5"
              viewBox="0 0 24 24"
              xmlns="http://www.w3.org/2000/svg"
            >
              <path
                d="M16.023 9.348h4.992v-.001M2.985 19.644v-4.992m0 0h4.992m-4.993 0 3.181 3.183a8.25 8.25 0 0 0 13.803-3.7M4.031 9.865a8.25 8.25 0 0 1 13.803-3.7l3.181 3.182m0-4.991v4.99"
                stroke-linecap="round"
                stroke-linejoin="round"
              />
            </svg>
            search.advanced.reset
          </button>
        </div>
      </div>
    </div>
  </div>
</body>
 ❯ Object.getElementError node_modules/@testing-library/dom/dist/config.js:37:19
 ❯ getElementError node_modules/@testing-library/dom/dist/query-helpers.js:20:35
 ❯ getMultipleElementsFoundError node_modules/@testing-library/dom/dist/query-helpers.js:23:10
 ❯ node_modules/@testing-library/dom/dist/query-helpers.js:55:13
 ❯ node_modules/@testing-library/dom/dist/query-helpers.js:95:19
 ❯ src/components/__tests__/AdvancedFilters.test.tsx:152:35
    150|       renderAdvancedFilters({ searchType: 'courses' });
    151| 
    152|       const creditsLabel = screen.getByText(/credits|credit/i);
       |                                   ^
    153|       expect(creditsLabel).toBeInTheDocument();
    154|     });

⎯⎯⎯⎯⎯⎯⎯⎯⎯⎯⎯⎯⎯⎯⎯⎯⎯⎯⎯⎯⎯⎯[11/52]⎯

 FAIL  src/components/__tests__/AdvancedFilters.test.tsx > AdvancedFilters Component > Grade Filters > should render grade filter fields
TestingLibraryElementError: Unable to find an element with the placeholder text of: /min grade|grade min/i

Ignored nodes: comments, script, style
<body>
  <div>
    <div
      class="advanced-filters "
    >
      <button
        aria-expanded="true"
        aria-label="search.advanced.title"
        class="filter-toggle open"
      >
        <svg
          aria-hidden="true"
          class="toggle-icon"
          data-slot="icon"
          fill="none"
          role="img"
          stroke="currentColor"
          stroke-width="1.5"
          viewBox="0 0 24 24"
          xmlns="http://www.w3.org/2000/svg"
        >
          <path
            d="M12 3c2.755 0 5.455.232 8.083.678.533.09.917.556.917 1.096v1.044a2.25 2.25 0 0 1-.659 1.591l-5.432 5.432a2.25 2.25 0 0 0-.659 1.591v2.927a2.25 2.25 0 0 1-1.244 2.013L9.75 21v-6.568a2.25 2.25 0 0 0-.659-1.591L3.659 7.409A2.25 2.25 0 0 1 3 5.818V4.774c0-.54.384-1.006.917-1.096A48.32 48.32 0 0 1 12 3Z"
            stroke-linecap="round"
            stroke-linejoin="round"
          />
        </svg>
        search.advanced.title
      </button>
      <div
        aria-label="search.advanced.title"
        class="filter-panel"
        data-open="true"
        role="region"
      >
        <div
          class="filter-header"
        >
          <h3>
            search.filters.title
          </h3>
          <button
            aria-label="Close"
            class="close-button"
          >
            <svg
              aria-hidden="true"
              class="close-icon"
              data-slot="icon"
              fill="none"
              role="img"
              stroke="currentColor"
              stroke-width="1.5"
              viewBox="0 0 24 24"
              xmlns="http://www.w3.org/2000/svg"
            >
              <path
                d="M6 18 18 6M6 6l12 12"
                stroke-linecap="round"
                stroke-linejoin="round"
              />
            </svg>
          </button>
        </div>
        <div
          class="filter-section"
        >
          <h4>
            search.presets.title
          </h4>
          <div
            class="presets-list"
            data-presets="true"
          >
            <button
              class="preset-button"
            >
              search.presets.highGrades
            </button>
            <button
              class="preset-button"
            >
              search.presets.passingOnly
            </button>
            <button
              class="preset-button"
            >
              search.presets.failing
            </button>
          </div>
        </div>
        <div
          class="filter-section"
        >
          <h4>
            search.filters.custom
          </h4>
          <div
            class="filters-grid"
          >
            <div
              class="filter-group"
            >
              <label>
                search.fields.gradeMin
              </label>
              <input
                max="100"
                min="0"
                placeholder="search.fields.gradeMin"
                type="number"
                value=""
              />
            </div>
            <div
              class="filter-group"
            >
              <label>
                search.fields.gradeMax
              </label>
              <input
                max="100"
                min="0"
                placeholder="search.fields.gradeMax"
                type="number"
                value=""
              />
            </div>
            <div
              class="filter-group"
            >
              <label>
                search.fields.studentId
              </label>
              <input
                placeholder="search.fields.studentId"
                type="number"
                value=""
              />
            </div>
            <div
              class="filter-group"
            >
              <label>
                search.fields.courseId
              </label>
              <input
                placeholder="search.fields.courseId"
                type="number"
                value=""
              />
            </div>
          </div>
        </div>
        <div
          class="filter-actions"
        >
          <button
            class="apply-button"
            disabled=""
          >
            search.advanced.apply
          </button>
          <button
            class="reset-button"
          >
            <svg
              aria-hidden="true"
              class="reset-icon"
              data-slot="icon"
              fill="none"
              role="img"
              stroke="currentColor"
              stroke-width="1.5"
              viewBox="0 0 24 24"
              xmlns="http://www.w3.org/2000/svg"
            >
              <path
                d="M16.023 9.348h4.992v-.001M2.985 19.644v-4.992m0 0h4.992m-4.993 0 3.181 3.183a8.25 8.25 0 0 0 13.803-3.7M4.031 9.865a8.25 8.25 0 0 1 13.803-3.7l3.181 3.182m0-4.991v4.99"
                stroke-linecap="round"
                stroke-linejoin="round"
              />
            </svg>
            search.advanced.reset
          </button>
        </div>
      </div>
    </div>
  </div>
</body>
 ❯ Object.getElementError node_modules/@testing-library/dom/dist/config.js:37:19
 ❯ node_modules/@testing-library/dom/dist/query-helpers.js:76:38
 ❯ node_modules/@testing-library/dom/dist/query-helpers.js:52:17
 ❯ node_modules/@testing-library/dom/dist/query-helpers.js:95:19
 ❯ src/components/__tests__/AdvancedFilters.test.tsx:162:16
    160| 
    161|       expect(
    162|         screen.getByPlaceholderText(/min grade|grade min/i)
       |                ^
    163|       ).toBeInTheDocument();
    164|       expect(

⎯⎯⎯⎯⎯⎯⎯⎯⎯⎯⎯⎯⎯⎯⎯⎯⎯⎯⎯⎯⎯⎯[12/52]⎯

 FAIL  src/components/__tests__/AdvancedFilters.test.tsx > AdvancedFilters Component > Grade Filters > should render grade filter presets
TestingLibraryElementError: Unable to find an element with the text: /high grades|above 80/i. This could be because the text is broken up by multiple elements. In this case, you can provide a function for your text matcher to make your matcher more flexible.

Ignored nodes: comments, script, style
<body>
  <div>
    <div
      class="advanced-filters "
    >
      <button
        aria-expanded="true"
        aria-label="search.advanced.title"
        class="filter-toggle open"
      >
        <svg
          aria-hidden="true"
          class="toggle-icon"
          data-slot="icon"
          fill="none"
          role="img"
          stroke="currentColor"
          stroke-width="1.5"
          viewBox="0 0 24 24"
          xmlns="http://www.w3.org/2000/svg"
        >
          <path
            d="M12 3c2.755 0 5.455.232 8.083.678.533.09.917.556.917 1.096v1.044a2.25 2.25 0 0 1-.659 1.591l-5.432 5.432a2.25 2.25 0 0 0-.659 1.591v2.927a2.25 2.25 0 0 1-1.244 2.013L9.75 21v-6.568a2.25 2.25 0 0 0-.659-1.591L3.659 7.409A2.25 2.25 0 0 1 3 5.818V4.774c0-.54.384-1.006.917-1.096A48.32 48.32 0 0 1 12 3Z"
            stroke-linecap="round"
            stroke-linejoin="round"
          />
        </svg>
        search.advanced.title
      </button>
      <div
        aria-label="search.advanced.title"
        class="filter-panel"
        data-open="true"
        role="region"
      >
        <div
          class="filter-header"
        >
          <h3>
            search.filters.title
          </h3>
          <button
            aria-label="Close"
            class="close-button"
          >
            <svg
              aria-hidden="true"
              class="close-icon"
              data-slot="icon"
              fill="none"
              role="img"
              stroke="currentColor"
              stroke-width="1.5"
              viewBox="0 0 24 24"
              xmlns="http://www.w3.org/2000/svg"
            >
              <path
                d="M6 18 18 6M6 6l12 12"
                stroke-linecap="round"
                stroke-linejoin="round"
              />
            </svg>
          </button>
        </div>
        <div
          class="filter-section"
        >
          <h4>
            search.presets.title
          </h4>
          <div
            class="presets-list"
            data-presets="true"
          >
            <button
              class="preset-button"
            >
              search.presets.highGrades
            </button>
            <button
              class="preset-button"
            >
              search.presets.passingOnly
            </button>
            <button
              class="preset-button"
            >
              search.presets.failing
            </button>
          </div>
        </div>
        <div
          class="filter-section"
        >
          <h4>
            search.filters.custom
          </h4>
          <div
            class="filters-grid"
          >
            <div
              class="filter-group"
            >
              <label>
                search.fields.gradeMin
              </label>
              <input
                max="100"
                min="0"
                placeholder="search.fields.gradeMin"
                type="number"
                value=""
              />
            </div>
            <div
              class="filter-group"
            >
              <label>
                search.fields.gradeMax
              </label>
              <input
                max="100"
                min="0"
                placeholder="search.fields.gradeMax"
                type="number"
                value=""
              />
            </div>
            <div
              class="filter-group"
            >
              <label>
                search.fields.studentId
              </label>
              <input
                placeholder="search.fields.studentId"
                type="number"
                value=""
              />
            </div>
            <div
              class="filter-group"
            >
              <label>
                search.fields.courseId
              </label>
              <input
                placeholder="search.fields.courseId"
                type="number"
                value=""
              />
            </div>
          </div>
        </div>
        <div
          class="filter-actions"
        >
          <button
            class="apply-button"
            disabled=""
          >
            search.advanced.apply
          </button>
          <button
            class="reset-button"
          >
            <svg
              aria-hidden="true"
              class="reset-icon"
              data-slot="icon"
              fill="none"
              role="img"
              stroke="currentColor"
              stroke-width="1.5"
              viewBox="0 0 24 24"
              xmlns="http://www.w3.org/2000/svg"
            >
              <path
                d="M16.023 9.348h4.992v-.001M2.985 19.644v-4.992m0 0h4.992m-4.993 0 3.181 3.183a8.25 8.25 0 0 0 13.803-3.7M4.031 9.865a8.25 8.25 0 0 1 13.803-3.7l3.181 3.182m0-4.991v4.99"
                stroke-linecap="round"
                stroke-linejoin="round"
              />
            </svg>
            search.advanced.reset
          </button>
        </div>
      </div>
    </div>
  </div>
</body>
 ❯ Object.getElementError node_modules/@testing-library/dom/dist/config.js:37:19
 ❯ node_modules/@testing-library/dom/dist/query-helpers.js:76:38
 ❯ node_modules/@testing-library/dom/dist/query-helpers.js:52:17
 ❯ node_modules/@testing-library/dom/dist/query-helpers.js:95:19
 ❯ src/components/__tests__/AdvancedFilters.test.tsx:173:16
    171| 
    172|       expect(
    173|         screen.getByText(/high grades|above 80/i)
       |                ^
    174|       ).toBeInTheDocument();
    175|       expect(

⎯⎯⎯⎯⎯⎯⎯⎯⎯⎯⎯⎯⎯⎯⎯⎯⎯⎯⎯⎯⎯⎯[13/52]⎯

 FAIL  src/components/__tests__/AdvancedFilters.test.tsx > AdvancedFilters Component > Grade Filters > should allow entering min grade
TestingLibraryElementError: Unable to find an element with the placeholder text of: /min grade|grade min/i

Ignored nodes: comments, script, style
<body>
  <div>
    <div
      class="advanced-filters "
    >
      <button
        aria-expanded="true"
        aria-label="search.advanced.title"
        class="filter-toggle open"
      >
        <svg
          aria-hidden="true"
          class="toggle-icon"
          data-slot="icon"
          fill="none"
          role="img"
          stroke="currentColor"
          stroke-width="1.5"
          viewBox="0 0 24 24"
          xmlns="http://www.w3.org/2000/svg"
        >
          <path
            d="M12 3c2.755 0 5.455.232 8.083.678.533.09.917.556.917 1.096v1.044a2.25 2.25 0 0 1-.659 1.591l-5.432 5.432a2.25 2.25 0 0 0-.659 1.591v2.927a2.25 2.25 0 0 1-1.244 2.013L9.75 21v-6.568a2.25 2.25 0 0 0-.659-1.591L3.659 7.409A2.25 2.25 0 0 1 3 5.818V4.774c0-.54.384-1.006.917-1.096A48.32 48.32 0 0 1 12 3Z"
            stroke-linecap="round"
            stroke-linejoin="round"
          />
        </svg>
        search.advanced.title
      </button>
      <div
        aria-label="search.advanced.title"
        class="filter-panel"
        data-open="true"
        role="region"
      >
        <div
          class="filter-header"
        >
          <h3>
            search.filters.title
          </h3>
          <button
            aria-label="Close"
            class="close-button"
          >
            <svg
              aria-hidden="true"
              class="close-icon"
              data-slot="icon"
              fill="none"
              role="img"
              stroke="currentColor"
              stroke-width="1.5"
              viewBox="0 0 24 24"
              xmlns="http://www.w3.org/2000/svg"
            >
              <path
                d="M6 18 18 6M6 6l12 12"
                stroke-linecap="round"
                stroke-linejoin="round"
              />
            </svg>
          </button>
        </div>
        <div
          class="filter-section"
        >
          <h4>
            search.presets.title
          </h4>
          <div
            class="presets-list"
            data-presets="true"
          >
            <button
              class="preset-button"
            >
              search.presets.highGrades
            </button>
            <button
              class="preset-button"
            >
              search.presets.passingOnly
            </button>
            <button
              class="preset-button"
            >
              search.presets.failing
            </button>
          </div>
        </div>
        <div
          class="filter-section"
        >
          <h4>
            search.filters.custom
          </h4>
          <div
            class="filters-grid"
          >
            <div
              class="filter-group"
            >
              <label>
                search.fields.gradeMin
              </label>
              <input
                max="100"
                min="0"
                placeholder="search.fields.gradeMin"
                type="number"
                value=""
              />
            </div>
            <div
              class="filter-group"
            >
              <label>
                search.fields.gradeMax
              </label>
              <input
                max="100"
                min="0"
                placeholder="search.fields.gradeMax"
                type="number"
                value=""
              />
            </div>
            <div
              class="filter-group"
            >
              <label>
                search.fields.studentId
              </label>
              <input
                placeholder="search.fields.studentId"
                type="number"
                value=""
              />
            </div>
            <div
              class="filter-group"
            >
              <label>
                search.fields.courseId
              </label>
              <input
                placeholder="search.fields.courseId"
                type="number"
                value=""
              />
            </div>
          </div>
        </div>
        <div
          class="filter-actions"
        >
          <button
            class="apply-button"
            disabled=""
          >
            search.advanced.apply
          </button>
          <button
            class="reset-button"
          >
            <svg
              aria-hidden="true"
              class="reset-icon"
              data-slot="icon"
              fill="none"
              role="img"
              stroke="currentColor"
              stroke-width="1.5"
              viewBox="0 0 24 24"
              xmlns="http://www.w3.org/2000/svg"
            >
              <path
                d="M16.023 9.348h4.992v-.001M2.985 19.644v-4.992m0 0h4.992m-4.993 0 3.181 3.183a8.25 8.25 0 0 0 13.803-3.7M4.031 9.865a8.25 8.25 0 0 1 13.803-3.7l3.181 3.182m0-4.991v4.99"
                stroke-linecap="round"
                stroke-linejoin="round"
              />
            </svg>
            search.advanced.reset
          </button>
        </div>
      </div>
    </div>
  </div>
</body>
 ❯ Object.getElementError node_modules/@testing-library/dom/dist/config.js:37:19
 ❯ node_modules/@testing-library/dom/dist/query-helpers.js:76:38
 ❯ node_modules/@testing-library/dom/dist/query-helpers.js:52:17
 ❯ node_modules/@testing-library/dom/dist/query-helpers.js:95:19
 ❯ src/components/__tests__/AdvancedFilters.test.tsx:184:28
    182|       renderAdvancedFilters({ searchType: 'grades' });
    183| 
    184|       const input = screen.getByPlaceholderText(/min grade|grade min/i…
       |                            ^
    185|       await user.type(input, '80');
    186| 

⎯⎯⎯⎯⎯⎯⎯⎯⎯⎯⎯⎯⎯⎯⎯⎯⎯⎯⎯⎯⎯⎯[14/52]⎯

 FAIL  src/components/__tests__/AdvancedFilters.test.tsx > AdvancedFilters Component > Grade Filters > should allow entering max grade
TestingLibraryElementError: Unable to find an element with the placeholder text of: /max grade|grade max/i

Ignored nodes: comments, script, style
<body>
  <div>
    <div
      class="advanced-filters "
    >
      <button
        aria-expanded="true"
        aria-label="search.advanced.title"
        class="filter-toggle open"
      >
        <svg
          aria-hidden="true"
          class="toggle-icon"
          data-slot="icon"
          fill="none"
          role="img"
          stroke="currentColor"
          stroke-width="1.5"
          viewBox="0 0 24 24"
          xmlns="http://www.w3.org/2000/svg"
        >
          <path
            d="M12 3c2.755 0 5.455.232 8.083.678.533.09.917.556.917 1.096v1.044a2.25 2.25 0 0 1-.659 1.591l-5.432 5.432a2.25 2.25 0 0 0-.659 1.591v2.927a2.25 2.25 0 0 1-1.244 2.013L9.75 21v-6.568a2.25 2.25 0 0 0-.659-1.591L3.659 7.409A2.25 2.25 0 0 1 3 5.818V4.774c0-.54.384-1.006.917-1.096A48.32 48.32 0 0 1 12 3Z"
            stroke-linecap="round"
            stroke-linejoin="round"
          />
        </svg>
        search.advanced.title
      </button>
      <div
        aria-label="search.advanced.title"
        class="filter-panel"
        data-open="true"
        role="region"
      >
        <div
          class="filter-header"
        >
          <h3>
            search.filters.title
          </h3>
          <button
            aria-label="Close"
            class="close-button"
          >
            <svg
              aria-hidden="true"
              class="close-icon"
              data-slot="icon"
              fill="none"
              role="img"
              stroke="currentColor"
              stroke-width="1.5"
              viewBox="0 0 24 24"
              xmlns="http://www.w3.org/2000/svg"
            >
              <path
                d="M6 18 18 6M6 6l12 12"
                stroke-linecap="round"
                stroke-linejoin="round"
              />
            </svg>
          </button>
        </div>
        <div
          class="filter-section"
        >
          <h4>
            search.presets.title
          </h4>
          <div
            class="presets-list"
            data-presets="true"
          >
            <button
              class="preset-button"
            >
              search.presets.highGrades
            </button>
            <button
              class="preset-button"
            >
              search.presets.passingOnly
            </button>
            <button
              class="preset-button"
            >
              search.presets.failing
            </button>
          </div>
        </div>
        <div
          class="filter-section"
        >
          <h4>
            search.filters.custom
          </h4>
          <div
            class="filters-grid"
          >
            <div
              class="filter-group"
            >
              <label>
                search.fields.gradeMin
              </label>
              <input
                max="100"
                min="0"
                placeholder="search.fields.gradeMin"
                type="number"
                value=""
              />
            </div>
            <div
              class="filter-group"
            >
              <label>
                search.fields.gradeMax
              </label>
              <input
                max="100"
                min="0"
                placeholder="search.fields.gradeMax"
                type="number"
                value=""
              />
            </div>
            <div
              class="filter-group"
            >
              <label>
                search.fields.studentId
              </label>
              <input
                placeholder="search.fields.studentId"
                type="number"
                value=""
              />
            </div>
            <div
              class="filter-group"
            >
              <label>
                search.fields.courseId
              </label>
              <input
                placeholder="search.fields.courseId"
                type="number"
                value=""
              />
            </div>
          </div>
        </div>
        <div
          class="filter-actions"
        >
          <button
            class="apply-button"
            disabled=""
          >
            search.advanced.apply
          </button>
          <button
            class="reset-button"
          >
            <svg
              aria-hidden="true"
              class="reset-icon"
              data-slot="icon"
              fill="none"
              role="img"
              stroke="currentColor"
              stroke-width="1.5"
              viewBox="0 0 24 24"
              xmlns="http://www.w3.org/2000/svg"
            >
              <path
                d="M16.023 9.348h4.992v-.001M2.985 19.644v-4.992m0 0h4.992m-4.993 0 3.181 3.183a8.25 8.25 0 0 0 13.803-3.7M4.031 9.865a8.25 8.25 0 0 1 13.803-3.7l3.181 3.182m0-4.991v4.99"
                stroke-linecap="round"
                stroke-linejoin="round"
              />
            </svg>
            search.advanced.reset
          </button>
        </div>
      </div>
    </div>
  </div>
</body>
 ❯ Object.getElementError node_modules/@testing-library/dom/dist/config.js:37:19
 ❯ node_modules/@testing-library/dom/dist/query-helpers.js:76:38
 ❯ node_modules/@testing-library/dom/dist/query-helpers.js:52:17
 ❯ node_modules/@testing-library/dom/dist/query-helpers.js:95:19
 ❯ src/components/__tests__/AdvancedFilters.test.tsx:194:28
    192|       renderAdvancedFilters({ searchType: 'grades' });
    193| 
    194|       const input = screen.getByPlaceholderText(/max grade|grade max/i…
       |                            ^
    195|       await user.type(input, '100');
    196| 

⎯⎯⎯⎯⎯⎯⎯⎯⎯⎯⎯⎯⎯⎯⎯⎯⎯⎯⎯⎯⎯⎯[15/52]⎯

 FAIL  src/components/__tests__/AdvancedFilters.test.tsx > AdvancedFilters Component > Filter Presets > should apply preset when clicked
TestingLibraryElementError: Unable to find an element with the text: /active students/i. This could be because the text is broken up by multiple elements. In this case, you can provide a function for your text matcher to make your matcher more flexible.

Ignored nodes: comments, script, style
<body>
  <div>
    <div
      class="advanced-filters "
    >
      <button
        aria-expanded="true"
        aria-label="search.advanced.title"
        class="filter-toggle open"
      >
        <svg
          aria-hidden="true"
          class="toggle-icon"
          data-slot="icon"
          fill="none"
          role="img"
          stroke="currentColor"
          stroke-width="1.5"
          viewBox="0 0 24 24"
          xmlns="http://www.w3.org/2000/svg"
        >
          <path
            d="M12 3c2.755 0 5.455.232 8.083.678.533.09.917.556.917 1.096v1.044a2.25 2.25 0 0 1-.659 1.591l-5.432 5.432a2.25 2.25 0 0 0-.659 1.591v2.927a2.25 2.25 0 0 1-1.244 2.013L9.75 21v-6.568a2.25 2.25 0 0 0-.659-1.591L3.659 7.409A2.25 2.25 0 0 1 3 5.818V4.774c0-.54.384-1.006.917-1.096A48.32 48.32 0 0 1 12 3Z"
            stroke-linecap="round"
            stroke-linejoin="round"
          />
        </svg>
        search.advanced.title
      </button>
      <div
        aria-label="search.advanced.title"
        class="filter-panel"
        data-open="true"
        role="region"
      >
        <div
          class="filter-header"
        >
          <h3>
            search.filters.title
          </h3>
          <button
            aria-label="Close"
            class="close-button"
          >
            <svg
              aria-hidden="true"
              class="close-icon"
              data-slot="icon"
              fill="none"
              role="img"
              stroke="currentColor"
              stroke-width="1.5"
              viewBox="0 0 24 24"
              xmlns="http://www.w3.org/2000/svg"
            >
              <path
                d="M6 18 18 6M6 6l12 12"
                stroke-linecap="round"
                stroke-linejoin="round"
              />
            </svg>
          </button>
        </div>
        <div
          class="filter-section"
        >
          <h4>
            search.presets.title
          </h4>
          <div
            class="presets-list"
            data-presets="true"
          >
            <button
              class="preset-button"
            >
              search.presets.activeStudents
            </button>
            <button
              class="preset-button"
            >
              search.presets.recentEnrollments
            </button>
          </div>
        </div>
        <div
          class="filter-section"
        >
          <h4>
            search.filters.custom
          </h4>
          <div
            class="filters-grid"
          >
            <div
              class="filter-group"
            >
              <label>
                search.fields.firstName
              </label>
              <input
                placeholder="search.fields.firstName"
                type="text"
                value=""
              />
            </div>
            <div
              class="filter-group"
            >
              <label>
                search.fields.lastName
              </label>
              <input
                placeholder="search.fields.lastName"
                type="text"
                value=""
              />
            </div>
            <div
              class="filter-group"
            >
              <label>
                search.fields.email
              </label>
              <input
                placeholder="search.fields.email"
                type="email"
                value=""
              />
            </div>
            <div
              class="filter-group"
            >
              <label>
                search.fields.academicYear
              </label>
              <input
                placeholder="2026"
                type="number"
                value=""
              />
            </div>
          </div>
        </div>
        <div
          class="filter-actions"
        >
          <button
            class="apply-button"
            disabled=""
          >
            search.advanced.apply
          </button>
          <button
            class="reset-button"
          >
            <svg
              aria-hidden="true"
              class="reset-icon"
              data-slot="icon"
              fill="none"
              role="img"
              stroke="currentColor"
              stroke-width="1.5"
              viewBox="0 0 24 24"
              xmlns="http://www.w3.org/2000/svg"
            >
              <path
                d="M16.023 9.348h4.992v-.001M2.985 19.644v-4.992m0 0h4.992m-4.993 0 3.181 3.183a8.25 8.25 0 0 0 13.803-3.7M4.031 9.865a8.25 8.25 0 0 1 13.803-3.7l3.181 3.182m0-4.991v4.99"
                stroke-linecap="round"
                stroke-linejoin="round"
              />
            </svg>
            search.advanced.reset
          </button>
        </div>
      </div>
    </div>
  </div>
</body>
 ❯ Object.getElementError node_modules/@testing-library/dom/dist/config.js:37:19
 ❯ node_modules/@testing-library/dom/dist/query-helpers.js:76:38
 ❯ node_modules/@testing-library/dom/dist/query-helpers.js:52:17
 ❯ node_modules/@testing-library/dom/dist/query-helpers.js:95:19
 ❯ src/components/__tests__/AdvancedFilters.test.tsx:211:35
    209|       });
    210| 
    211|       const presetButton = screen.getByText(/active students/i);
       |                                   ^
    212|       await user.click(presetButton);
    213| 

⎯⎯⎯⎯⎯⎯⎯⎯⎯⎯⎯⎯⎯⎯⎯⎯⎯⎯⎯⎯⎯⎯[16/52]⎯

 FAIL  src/components/__tests__/AdvancedFilters.test.tsx > AdvancedFilters Component > Filter Presets > should populate fields when preset selected
TestingLibraryElementError: Unable to find an element with the text: /high grades|above 80/i. This could be because the text is broken up by multiple elements. In this case, you can provide a function for your text matcher to make your matcher more flexible.

Ignored nodes: comments, script, style
<body>
  <div>
    <div
      class="advanced-filters "
    >
      <button
        aria-expanded="true"
        aria-label="search.advanced.title"
        class="filter-toggle open"
      >
        <svg
          aria-hidden="true"
          class="toggle-icon"
          data-slot="icon"
          fill="none"
          role="img"
          stroke="currentColor"
          stroke-width="1.5"
          viewBox="0 0 24 24"
          xmlns="http://www.w3.org/2000/svg"
        >
          <path
            d="M12 3c2.755 0 5.455.232 8.083.678.533.09.917.556.917 1.096v1.044a2.25 2.25 0 0 1-.659 1.591l-5.432 5.432a2.25 2.25 0 0 0-.659 1.591v2.927a2.25 2.25 0 0 1-1.244 2.013L9.75 21v-6.568a2.25 2.25 0 0 0-.659-1.591L3.659 7.409A2.25 2.25 0 0 1 3 5.818V4.774c0-.54.384-1.006.917-1.096A48.32 48.32 0 0 1 12 3Z"
            stroke-linecap="round"
            stroke-linejoin="round"
          />
        </svg>
        search.advanced.title
      </button>
      <div
        aria-label="search.advanced.title"
        class="filter-panel"
        data-open="true"
        role="region"
      >
        <div
          class="filter-header"
        >
          <h3>
            search.filters.title
          </h3>
          <button
            aria-label="Close"
            class="close-button"
          >
            <svg
              aria-hidden="true"
              class="close-icon"
              data-slot="icon"
              fill="none"
              role="img"
              stroke="currentColor"
              stroke-width="1.5"
              viewBox="0 0 24 24"
              xmlns="http://www.w3.org/2000/svg"
            >
              <path
                d="M6 18 18 6M6 6l12 12"
                stroke-linecap="round"
                stroke-linejoin="round"
              />
            </svg>
          </button>
        </div>
        <div
          class="filter-section"
        >
          <h4>
            search.presets.title
          </h4>
          <div
            class="presets-list"
            data-presets="true"
          >
            <button
              class="preset-button"
            >
              search.presets.highGrades
            </button>
            <button
              class="preset-button"
            >
              search.presets.passingOnly
            </button>
            <button
              class="preset-button"
            >
              search.presets.failing
            </button>
          </div>
        </div>
        <div
          class="filter-section"
        >
          <h4>
            search.filters.custom
          </h4>
          <div
            class="filters-grid"
          >
            <div
              class="filter-group"
            >
              <label>
                search.fields.gradeMin
              </label>
              <input
                max="100"
                min="0"
                placeholder="search.fields.gradeMin"
                type="number"
                value=""
              />
            </div>
            <div
              class="filter-group"
            >
              <label>
                search.fields.gradeMax
              </label>
              <input
                max="100"
                min="0"
                placeholder="search.fields.gradeMax"
                type="number"
                value=""
              />
            </div>
            <div
              class="filter-group"
            >
              <label>
                search.fields.studentId
              </label>
              <input
                placeholder="search.fields.studentId"
                type="number"
                value=""
              />
            </div>
            <div
              class="filter-group"
            >
              <label>
                search.fields.courseId
              </label>
              <input
                placeholder="search.fields.courseId"
                type="number"
                value=""
              />
            </div>
          </div>
        </div>
        <div
          class="filter-actions"
        >
          <button
            class="apply-button"
            disabled=""
          >
            search.advanced.apply
          </button>
          <button
            class="reset-button"
          >
            <svg
              aria-hidden="true"
              class="reset-icon"
              data-slot="icon"
              fill="none"
              role="img"
              stroke="currentColor"
              stroke-width="1.5"
              viewBox="0 0 24 24"
              xmlns="http://www.w3.org/2000/svg"
            >
              <path
                d="M16.023 9.348h4.992v-.001M2.985 19.644v-4.992m0 0h4.992m-4.993 0 3.181 3.183a8.25 8.25 0 0 0 13.803-3.7M4.031 9.865a8.25 8.25 0 0 1 13.803-3.7l3.181 3.182m0-4.991v4.99"
                stroke-linecap="round"
                stroke-linejoin="round"
              />
            </svg>
            search.advanced.reset
          </button>
        </div>
      </div>
    </div>
  </div>
</body>
 ❯ Object.getElementError node_modules/@testing-library/dom/dist/config.js:37:19
 ❯ node_modules/@testing-library/dom/dist/query-helpers.js:76:38
 ❯ node_modules/@testing-library/dom/dist/query-helpers.js:52:17
 ❯ node_modules/@testing-library/dom/dist/query-helpers.js:95:19
 ❯ src/components/__tests__/AdvancedFilters.test.tsx:221:35
    219|       renderAdvancedFilters({ searchType: 'grades' });
    220| 
    221|       const presetButton = screen.getByText(/high grades|above 80/i);
       |                                   ^
    222|       await user.click(presetButton);
    223| 

⎯⎯⎯⎯⎯⎯⎯⎯⎯⎯⎯⎯⎯⎯⎯⎯⎯⎯⎯⎯⎯⎯[17/52]⎯

 FAIL  src/components/__tests__/AdvancedFilters.test.tsx > AdvancedFilters Component > Apply/Reset > should render Apply button
TestingLibraryElementError: Unable to find an accessible element with the role "button" and name `/apply filters/i`

Here are the accessible roles:

  button:

  Name "search.advanced.title":
  <button
    aria-expanded="true"
    aria-label="search.advanced.title"
    class="filter-toggle open"
  />

  Name "Close":
  <button
    aria-label="Close"
    class="close-button"
  />

  Name "search.presets.activeStudents":
  <button
    class="preset-button"
  />

  Name "search.presets.recentEnrollments":
  <button
    class="preset-button"
  />

  Name "search.advanced.apply":
  <button
    class="apply-button"
    disabled=""
  />

  Name "search.advanced.reset":
  <button
    class="reset-button"
  />

  --------------------------------------------------
  region:

  Name "search.advanced.title":
  <div
    aria-label="search.advanced.title"
    class="filter-panel"
    data-open="true"
    role="region"
  />

  --------------------------------------------------
  heading:

  Name "search.filters.title":
  <h3 />

  Name "search.presets.title":
  <h4 />

  Name "search.filters.custom":
  <h4 />

  --------------------------------------------------
  textbox:

  Name "":
  <input
    placeholder="search.fields.firstName"
    type="text"
    value=""
  />

  Name "":
  <input
    placeholder="search.fields.lastName"
    type="text"
    value=""
  />

  Name "":
  <input
    placeholder="search.fields.email"
    type="email"
    value=""
  />

  --------------------------------------------------
  spinbutton:

  Name "":
  <input
    placeholder="2026"
    type="number"
    value=""
  />

  --------------------------------------------------

Ignored nodes: comments, script, style
<body>
  <div>
    <div
      class="advanced-filters "
    >
      <button
        aria-expanded="true"
        aria-label="search.advanced.title"
        class="filter-toggle open"
      >
        <svg
          aria-hidden="true"
          class="toggle-icon"
          data-slot="icon"
          fill="none"
          role="img"
          stroke="currentColor"
          stroke-width="1.5"
          viewBox="0 0 24 24"
          xmlns="http://www.w3.org/2000/svg"
        >
          <path
            d="M12 3c2.755 0 5.455.232 8.083.678.533.09.917.556.917 1.096v1.044a2.25 2.25 0 0 1-.659 1.591l-5.432 5.432a2.25 2.25 0 0 0-.659 1.591v2.927a2.25 2.25 0 0 1-1.244 2.013L9.75 21v-6.568a2.25 2.25 0 0 0-.659-1.591L3.659 7.409A2.25 2.25 0 0 1 3 5.818V4.774c0-.54.384-1.006.917-1.096A48.32 48.32 0 0 1 12 3Z"
            stroke-linecap="round"
            stroke-linejoin="round"
          />
        </svg>
        search.advanced.title
      </button>
      <div
        aria-label="search.advanced.title"
        class="filter-panel"
        data-open="true"
        role="region"
      >
        <div
          class="filter-header"
        >
          <h3>
            search.filters.title
          </h3>
          <button
            aria-label="Close"
            class="close-button"
          >
            <svg
              aria-hidden="true"
              class="close-icon"
              data-slot="icon"
              fill="none"
              role="img"
              stroke="currentColor"
              stroke-width="1.5"
              viewBox="0 0 24 24"
              xmlns="http://www.w3.org/2000/svg"
            >
              <path
                d="M6 18 18 6M6 6l12 12"
                stroke-linecap="round"
                stroke-linejoin="round"
              />
            </svg>
          </button>
        </div>
        <div
          class="filter-section"
        >
          <h4>
            search.presets.title
          </h4>
          <div
            class="presets-list"
            data-presets="true"
          >
            <button
              class="preset-button"
            >
              search.presets.activeStudents
            </button>
            <button
              class="preset-button"
            >
              search.presets.recentEnrollments
            </button>
          </div>
        </div>
        <div
          class="filter-section"
        >
          <h4>
            search.filters.custom
          </h4>
          <div
            class="filters-grid"
          >
            <div
              class="filter-group"
            >
              <label>
                search.fields.firstName
              </label>
              <input
                placeholder="search.fields.firstName"
                type="text"
                value=""
              />
            </div>
            <div
              class="filter-group"
            >
              <label>
                search.fields.lastName
              </label>
              <input
                placeholder="search.fields.lastName"
                type="text"
                value=""
              />
            </div>
            <div
              class="filter-group"
            >
              <label>
                search.fields.email
              </label>
              <input
                placeholder="search.fields.email"
                type="email"
                value=""
              />
            </div>
            <div
              class="filter-group"
            >
              <label>
                search.fields.academicYear
              </label>
              <input
                placeholder="2026"
                type="number"
                value=""
              />
            </div>
          </div>
        </div>
        <div
          class="filter-actions"
        >
          <button
            class="apply-button"
            disabled=""
          >
            search.advanced.apply
          </button>
          <button
            class="reset-button"
          >
            <svg
              aria-hidden="true"
              class="reset-icon"
              data-slot="icon"
              fill="none"
              role="img"
              stroke="currentColor"
              stroke-width="1.5"
              viewBox="0 0 24 24"
              xmlns="http://www.w3.org/2000/svg"
            >
              <path
                d="M16.023 9.348h4.992v-.001M2.985 19.644v-4.992m0 0h4.992m-4.993 0 3.181 3.183a8.25 8.25 0 0 0 13.803-3.7M4.031 9.865a8.25 8.25 0 0 1 13.803-3.7l3.181 3.182m0-4.991v4.99"
                stroke-linecap="round"
                stroke-linejoin="round"
              />
            </svg>
            search.advanced.reset
          </button>
        </div>
      </div>
    </div>
  </div>
</body>
 ❯ Object.getElementError node_modules/@testing-library/dom/dist/config.js:37:19
 ❯ node_modules/@testing-library/dom/dist/query-helpers.js:76:38
 ❯ node_modules/@testing-library/dom/dist/query-helpers.js:52:17
 ❯ node_modules/@testing-library/dom/dist/query-helpers.js:95:19
 ❯ src/components/__tests__/AdvancedFilters.test.tsx:261:16
    259| 
    260|       expect(
    261|         screen.getByRole('button', { name: /apply filters/i })
       |                ^
    262|       ).toBeInTheDocument();
    263|     });

⎯⎯⎯⎯⎯⎯⎯⎯⎯⎯⎯⎯⎯⎯⎯⎯⎯⎯⎯⎯⎯⎯[18/52]⎯

 FAIL  src/components/__tests__/AdvancedFilters.test.tsx > AdvancedFilters Component > Apply/Reset > should render Reset button
TestingLibraryElementError: Unable to find an accessible element with the role "button" and name `/reset filters/i`

Here are the accessible roles:

  button:

  Name "search.advanced.title":
  <button
    aria-expanded="true"
    aria-label="search.advanced.title"
    class="filter-toggle open"
  />

  Name "Close":
  <button
    aria-label="Close"
    class="close-button"
  />

  Name "search.presets.activeStudents":
  <button
    class="preset-button"
  />

  Name "search.presets.recentEnrollments":
  <button
    class="preset-button"
  />

  Name "search.advanced.apply":
  <button
    class="apply-button"
    disabled=""
  />

  Name "search.advanced.reset":
  <button
    class="reset-button"
  />

  --------------------------------------------------
  region:

  Name "search.advanced.title":
  <div
    aria-label="search.advanced.title"
    class="filter-panel"
    data-open="true"
    role="region"
  />

  --------------------------------------------------
  heading:

  Name "search.filters.title":
  <h3 />

  Name "search.presets.title":
  <h4 />

  Name "search.filters.custom":
  <h4 />

  --------------------------------------------------
  textbox:

  Name "":
  <input
    placeholder="search.fields.firstName"
    type="text"
    value=""
  />

  Name "":
  <input
    placeholder="search.fields.lastName"
    type="text"
    value=""
  />

  Name "":
  <input
    placeholder="search.fields.email"
    type="email"
    value=""
  />

  --------------------------------------------------
  spinbutton:

  Name "":
  <input
    placeholder="2026"
    type="number"
    value=""
  />

  --------------------------------------------------

Ignored nodes: comments, script, style
<body>
  <div>
    <div
      class="advanced-filters "
    >
      <button
        aria-expanded="true"
        aria-label="search.advanced.title"
        class="filter-toggle open"
      >
        <svg
          aria-hidden="true"
          class="toggle-icon"
          data-slot="icon"
          fill="none"
          role="img"
          stroke="currentColor"
          stroke-width="1.5"
          viewBox="0 0 24 24"
          xmlns="http://www.w3.org/2000/svg"
        >
          <path
            d="M12 3c2.755 0 5.455.232 8.083.678.533.09.917.556.917 1.096v1.044a2.25 2.25 0 0 1-.659 1.591l-5.432 5.432a2.25 2.25 0 0 0-.659 1.591v2.927a2.25 2.25 0 0 1-1.244 2.013L9.75 21v-6.568a2.25 2.25 0 0 0-.659-1.591L3.659 7.409A2.25 2.25 0 0 1 3 5.818V4.774c0-.54.384-1.006.917-1.096A48.32 48.32 0 0 1 12 3Z"
            stroke-linecap="round"
            stroke-linejoin="round"
          />
        </svg>
        search.advanced.title
      </button>
      <div
        aria-label="search.advanced.title"
        class="filter-panel"
        data-open="true"
        role="region"
      >
        <div
          class="filter-header"
        >
          <h3>
            search.filters.title
          </h3>
          <button
            aria-label="Close"
            class="close-button"
          >
            <svg
              aria-hidden="true"
              class="close-icon"
              data-slot="icon"
              fill="none"
              role="img"
              stroke="currentColor"
              stroke-width="1.5"
              viewBox="0 0 24 24"
              xmlns="http://www.w3.org/2000/svg"
            >
              <path
                d="M6 18 18 6M6 6l12 12"
                stroke-linecap="round"
                stroke-linejoin="round"
              />
            </svg>
          </button>
        </div>
        <div
          class="filter-section"
        >
          <h4>
            search.presets.title
          </h4>
          <div
            class="presets-list"
            data-presets="true"
          >
            <button
              class="preset-button"
            >
              search.presets.activeStudents
            </button>
            <button
              class="preset-button"
            >
              search.presets.recentEnrollments
            </button>
          </div>
        </div>
        <div
          class="filter-section"
        >
          <h4>
            search.filters.custom
          </h4>
          <div
            class="filters-grid"
          >
            <div
              class="filter-group"
            >
              <label>
                search.fields.firstName
              </label>
              <input
                placeholder="search.fields.firstName"
                type="text"
                value=""
              />
            </div>
            <div
              class="filter-group"
            >
              <label>
                search.fields.lastName
              </label>
              <input
                placeholder="search.fields.lastName"
                type="text"
                value=""
              />
            </div>
            <div
              class="filter-group"
            >
              <label>
                search.fields.email
              </label>
              <input
                placeholder="search.fields.email"
                type="email"
                value=""
              />
            </div>
            <div
              class="filter-group"
            >
              <label>
                search.fields.academicYear
              </label>
              <input
                placeholder="2026"
                type="number"
                value=""
              />
            </div>
          </div>
        </div>
        <div
          class="filter-actions"
        >
          <button
            class="apply-button"
            disabled=""
          >
            search.advanced.apply
          </button>
          <button
            class="reset-button"
          >
            <svg
              aria-hidden="true"
              class="reset-icon"
              data-slot="icon"
              fill="none"
              role="img"
              stroke="currentColor"
              stroke-width="1.5"
              viewBox="0 0 24 24"
              xmlns="http://www.w3.org/2000/svg"
            >
              <path
                d="M16.023 9.348h4.992v-.001M2.985 19.644v-4.992m0 0h4.992m-4.993 0 3.181 3.183a8.25 8.25 0 0 0 13.803-3.7M4.031 9.865a8.25 8.25 0 0 1 13.803-3.7l3.181 3.182m0-4.991v4.99"
                stroke-linecap="round"
                stroke-linejoin="round"
              />
            </svg>
            search.advanced.reset
          </button>
        </div>
      </div>
    </div>
  </div>
</body>
 ❯ Object.getElementError node_modules/@testing-library/dom/dist/config.js:37:19
 ❯ node_modules/@testing-library/dom/dist/query-helpers.js:76:38
 ❯ node_modules/@testing-library/dom/dist/query-helpers.js:52:17
 ❯ node_modules/@testing-library/dom/dist/query-helpers.js:95:19
 ❯ src/components/__tests__/AdvancedFilters.test.tsx:269:16
    267| 
    268|       expect(
    269|         screen.getByRole('button', { name: /reset filters/i })
       |                ^
    270|       ).toBeInTheDocument();
    271|     });

⎯⎯⎯⎯⎯⎯⎯⎯⎯⎯⎯⎯⎯⎯⎯⎯⎯⎯⎯⎯⎯⎯[19/52]⎯

 FAIL  src/components/__tests__/AdvancedFilters.test.tsx > AdvancedFilters Component > Apply/Reset > should call onApply when Apply clicked
TestingLibraryElementError: Unable to find an accessible element with the role "button" and name `/apply filters/i`

Here are the accessible roles:

  button:

  Name "search.advanced.title":
  <button
    aria-expanded="true"
    aria-label="search.advanced.title"
    class="filter-toggle open"
  />

  Name "Close":
  <button
    aria-label="Close"
    class="close-button"
  />

  Name "search.presets.activeStudents":
  <button
    class="preset-button"
  />

  Name "search.presets.recentEnrollments":
  <button
    class="preset-button"
  />

  Name "search.advanced.apply":
  <button
    class="apply-button"
    disabled=""
  />

  Name "search.advanced.reset":
  <button
    class="reset-button"
  />

  --------------------------------------------------
  region:

  Name "search.advanced.title":
  <div
    aria-label="search.advanced.title"
    class="filter-panel"
    data-open="true"
    role="region"
  />

  --------------------------------------------------
  heading:

  Name "search.filters.title":
  <h3 />

  Name "search.presets.title":
  <h4 />

  Name "search.filters.custom":
  <h4 />

  --------------------------------------------------
  textbox:

  Name "":
  <input
    placeholder="search.fields.firstName"
    type="text"
    value=""
  />

  Name "":
  <input
    placeholder="search.fields.lastName"
    type="text"
    value=""
  />

  Name "":
  <input
    placeholder="search.fields.email"
    type="email"
    value=""
  />

  --------------------------------------------------
  spinbutton:

  Name "":
  <input
    placeholder="2026"
    type="number"
    value=""
  />

  --------------------------------------------------

Ignored nodes: comments, script, style
<body>
  <div>
    <div
      class="advanced-filters "
    >
      <button
        aria-expanded="true"
        aria-label="search.advanced.title"
        class="filter-toggle open"
      >
        <svg
          aria-hidden="true"
          class="toggle-icon"
          data-slot="icon"
          fill="none"
          role="img"
          stroke="currentColor"
          stroke-width="1.5"
          viewBox="0 0 24 24"
          xmlns="http://www.w3.org/2000/svg"
        >
          <path
            d="M12 3c2.755 0 5.455.232 8.083.678.533.09.917.556.917 1.096v1.044a2.25 2.25 0 0 1-.659 1.591l-5.432 5.432a2.25 2.25 0 0 0-.659 1.591v2.927a2.25 2.25 0 0 1-1.244 2.013L9.75 21v-6.568a2.25 2.25 0 0 0-.659-1.591L3.659 7.409A2.25 2.25 0 0 1 3 5.818V4.774c0-.54.384-1.006.917-1.096A48.32 48.32 0 0 1 12 3Z"
            stroke-linecap="round"
            stroke-linejoin="round"
          />
        </svg>
        search.advanced.title
      </button>
      <div
        aria-label="search.advanced.title"
        class="filter-panel"
        data-open="true"
        role="region"
      >
        <div
          class="filter-header"
        >
          <h3>
            search.filters.title
          </h3>
          <button
            aria-label="Close"
            class="close-button"
          >
            <svg
              aria-hidden="true"
              class="close-icon"
              data-slot="icon"
              fill="none"
              role="img"
              stroke="currentColor"
              stroke-width="1.5"
              viewBox="0 0 24 24"
              xmlns="http://www.w3.org/2000/svg"
            >
              <path
                d="M6 18 18 6M6 6l12 12"
                stroke-linecap="round"
                stroke-linejoin="round"
              />
            </svg>
          </button>
        </div>
        <div
          class="filter-section"
        >
          <h4>
            search.presets.title
          </h4>
          <div
            class="presets-list"
            data-presets="true"
          >
            <button
              class="preset-button"
            >
              search.presets.activeStudents
            </button>
            <button
              class="preset-button"
            >
              search.presets.recentEnrollments
            </button>
          </div>
        </div>
        <div
          class="filter-section"
        >
          <h4>
            search.filters.custom
          </h4>
          <div
            class="filters-grid"
          >
            <div
              class="filter-group"
            >
              <label>
                search.fields.firstName
              </label>
              <input
                placeholder="search.fields.firstName"
                type="text"
                value=""
              />
            </div>
            <div
              class="filter-group"
            >
              <label>
                search.fields.lastName
              </label>
              <input
                placeholder="search.fields.lastName"
                type="text"
                value=""
              />
            </div>
            <div
              class="filter-group"
            >
              <label>
                search.fields.email
              </label>
              <input
                placeholder="search.fields.email"
                type="email"
                value=""
              />
            </div>
            <div
              class="filter-group"
            >
              <label>
                search.fields.academicYear
              </label>
              <input
                placeholder="2026"
                type="number"
                value=""
              />
            </div>
          </div>
        </div>
        <div
          class="filter-actions"
        >
          <button
            class="apply-button"
            disabled=""
          >
            search.advanced.apply
          </button>
          <button
            class="reset-button"
          >
            <svg
              aria-hidden="true"
              class="reset-icon"
              data-slot="icon"
              fill="none"
              role="img"
              stroke="currentColor"
              stroke-width="1.5"
              viewBox="0 0 24 24"
              xmlns="http://www.w3.org/2000/svg"
            >
              <path
                d="M16.023 9.348h4.992v-.001M2.985 19.644v-4.992m0 0h4.992m-4.993 0 3.181 3.183a8.25 8.25 0 0 0 13.803-3.7M4.031 9.865a8.25 8.25 0 0 1 13.803-3.7l3.181 3.182m0-4.991v4.99"
                stroke-linecap="round"
                stroke-linejoin="round"
              />
            </svg>
            search.advanced.reset
          </button>
        </div>
      </div>
    </div>
  </div>
</body>
 ❯ Object.getElementError node_modules/@testing-library/dom/dist/config.js:37:19
 ❯ node_modules/@testing-library/dom/dist/query-helpers.js:76:38
 ❯ node_modules/@testing-library/dom/dist/query-helpers.js:52:17
 ❯ node_modules/@testing-library/dom/dist/query-helpers.js:95:19
 ❯ src/components/__tests__/AdvancedFilters.test.tsx:282:34
    280|       });
    281| 
    282|       const applyButton = screen.getByRole('button', {
       |                                  ^
    283|         name: /apply filters/i
    284|       });

⎯⎯⎯⎯⎯⎯⎯⎯⎯⎯⎯⎯⎯⎯⎯⎯⎯⎯⎯⎯⎯⎯[20/52]⎯

 FAIL  src/components/__tests__/AdvancedFilters.test.tsx > AdvancedFilters Component > Apply/Reset > should call onReset when Reset clicked
TestingLibraryElementError: Unable to find an accessible element with the role "button" and name `/reset filters/i`

Here are the accessible roles:

  button:

  Name "search.advanced.title":
  <button
    aria-expanded="true"
    aria-label="search.advanced.title"
    class="filter-toggle open"
  />

  Name "Close":
  <button
    aria-label="Close"
    class="close-button"
  />

  Name "search.presets.activeStudents":
  <button
    class="preset-button"
  />

  Name "search.presets.recentEnrollments":
  <button
    class="preset-button"
  />

  Name "search.advanced.apply":
  <button
    class="apply-button"
    disabled=""
  />

  Name "search.advanced.reset":
  <button
    class="reset-button"
  />

  --------------------------------------------------
  region:

  Name "search.advanced.title":
  <div
    aria-label="search.advanced.title"
    class="filter-panel"
    data-open="true"
    role="region"
  />

  --------------------------------------------------
  heading:

  Name "search.filters.title":
  <h3 />

  Name "search.presets.title":
  <h4 />

  Name "search.filters.custom":
  <h4 />

  --------------------------------------------------
  textbox:

  Name "":
  <input
    placeholder="search.fields.firstName"
    type="text"
    value=""
  />

  Name "":
  <input
    placeholder="search.fields.lastName"
    type="text"
    value=""
  />

  Name "":
  <input
    placeholder="search.fields.email"
    type="email"
    value=""
  />

  --------------------------------------------------
  spinbutton:

  Name "":
  <input
    placeholder="2026"
    type="number"
    value=""
  />

  --------------------------------------------------

Ignored nodes: comments, script, style
<body>
  <div>
    <div
      class="advanced-filters "
    >
      <button
        aria-expanded="true"
        aria-label="search.advanced.title"
        class="filter-toggle open"
      >
        <svg
          aria-hidden="true"
          class="toggle-icon"
          data-slot="icon"
          fill="none"
          role="img"
          stroke="currentColor"
          stroke-width="1.5"
          viewBox="0 0 24 24"
          xmlns="http://www.w3.org/2000/svg"
        >
          <path
            d="M12 3c2.755 0 5.455.232 8.083.678.533.09.917.556.917 1.096v1.044a2.25 2.25 0 0 1-.659 1.591l-5.432 5.432a2.25 2.25 0 0 0-.659 1.591v2.927a2.25 2.25 0 0 1-1.244 2.013L9.75 21v-6.568a2.25 2.25 0 0 0-.659-1.591L3.659 7.409A2.25 2.25 0 0 1 3 5.818V4.774c0-.54.384-1.006.917-1.096A48.32 48.32 0 0 1 12 3Z"
            stroke-linecap="round"
            stroke-linejoin="round"
          />
        </svg>
        search.advanced.title
      </button>
      <div
        aria-label="search.advanced.title"
        class="filter-panel"
        data-open="true"
        role="region"
      >
        <div
          class="filter-header"
        >
          <h3>
            search.filters.title
          </h3>
          <button
            aria-label="Close"
            class="close-button"
          >
            <svg
              aria-hidden="true"
              class="close-icon"
              data-slot="icon"
              fill="none"
              role="img"
              stroke="currentColor"
              stroke-width="1.5"
              viewBox="0 0 24 24"
              xmlns="http://www.w3.org/2000/svg"
            >
              <path
                d="M6 18 18 6M6 6l12 12"
                stroke-linecap="round"
                stroke-linejoin="round"
              />
            </svg>
          </button>
        </div>
        <div
          class="filter-section"
        >
          <h4>
            search.presets.title
          </h4>
          <div
            class="presets-list"
            data-presets="true"
          >
            <button
              class="preset-button"
            >
              search.presets.activeStudents
            </button>
            <button
              class="preset-button"
            >
              search.presets.recentEnrollments
            </button>
          </div>
        </div>
        <div
          class="filter-section"
        >
          <h4>
            search.filters.custom
          </h4>
          <div
            class="filters-grid"
          >
            <div
              class="filter-group"
            >
              <label>
                search.fields.firstName
              </label>
              <input
                placeholder="search.fields.firstName"
                type="text"
                value=""
              />
            </div>
            <div
              class="filter-group"
            >
              <label>
                search.fields.lastName
              </label>
              <input
                placeholder="search.fields.lastName"
                type="text"
                value=""
              />
            </div>
            <div
              class="filter-group"
            >
              <label>
                search.fields.email
              </label>
              <input
                placeholder="search.fields.email"
                type="email"
                value=""
              />
            </div>
            <div
              class="filter-group"
            >
              <label>
                search.fields.academicYear
              </label>
              <input
                placeholder="2026"
                type="number"
                value=""
              />
            </div>
          </div>
        </div>
        <div
          class="filter-actions"
        >
          <button
            class="apply-button"
            disabled=""
          >
            search.advanced.apply
          </button>
          <button
            class="reset-button"
          >
            <svg
              aria-hidden="true"
              class="reset-icon"
              data-slot="icon"
              fill="none"
              role="img"
              stroke="currentColor"
              stroke-width="1.5"
              viewBox="0 0 24 24"
              xmlns="http://www.w3.org/2000/svg"
            >
              <path
                d="M16.023 9.348h4.992v-.001M2.985 19.644v-4.992m0 0h4.992m-4.993 0 3.181 3.183a8.25 8.25 0 0 0 13.803-3.7M4.031 9.865a8.25 8.25 0 0 1 13.803-3.7l3.181 3.182m0-4.991v4.99"
                stroke-linecap="round"
                stroke-linejoin="round"
              />
            </svg>
            search.advanced.reset
          </button>
        </div>
      </div>
    </div>
  </div>
</body>
 ❯ Object.getElementError node_modules/@testing-library/dom/dist/config.js:37:19
 ❯ node_modules/@testing-library/dom/dist/query-helpers.js:76:38
 ❯ node_modules/@testing-library/dom/dist/query-helpers.js:52:17
 ❯ node_modules/@testing-library/dom/dist/query-helpers.js:95:19
 ❯ src/components/__tests__/AdvancedFilters.test.tsx:299:34
    297|       });
    298| 
    299|       const resetButton = screen.getByRole('button', {
       |                                  ^
    300|         name: /reset filters/i
    301|       });

⎯⎯⎯⎯⎯⎯⎯⎯⎯⎯⎯⎯⎯⎯⎯⎯⎯⎯⎯⎯⎯⎯[21/52]⎯

 FAIL  src/components/__tests__/AdvancedFilters.test.tsx > AdvancedFilters Component > Apply/Reset > should clear all fields when Reset clicked
TestingLibraryElementError: Unable to find an element with the placeholder text of: /first name/i

Ignored nodes: comments, script, style
<body>
  <div>
    <div
      class="advanced-filters "
    >
      <button
        aria-expanded="true"
        aria-label="search.advanced.title"
        class="filter-toggle open"
      >
        <svg
          aria-hidden="true"
          class="toggle-icon"
          data-slot="icon"
          fill="none"
          role="img"
          stroke="currentColor"
          stroke-width="1.5"
          viewBox="0 0 24 24"
          xmlns="http://www.w3.org/2000/svg"
        >
          <path
            d="M12 3c2.755 0 5.455.232 8.083.678.533.09.917.556.917 1.096v1.044a2.25 2.25 0 0 1-.659 1.591l-5.432 5.432a2.25 2.25 0 0 0-.659 1.591v2.927a2.25 2.25 0 0 1-1.244 2.013L9.75 21v-6.568a2.25 2.25 0 0 0-.659-1.591L3.659 7.409A2.25 2.25 0 0 1 3 5.818V4.774c0-.54.384-1.006.917-1.096A48.32 48.32 0 0 1 12 3Z"
            stroke-linecap="round"
            stroke-linejoin="round"
          />
        </svg>
        search.advanced.title
      </button>
      <div
        aria-label="search.advanced.title"
        class="filter-panel"
        data-open="true"
        role="region"
      >
        <div
          class="filter-header"
        >
          <h3>
            search.filters.title
          </h3>
          <button
            aria-label="Close"
            class="close-button"
          >
            <svg
              aria-hidden="true"
              class="close-icon"
              data-slot="icon"
              fill="none"
              role="img"
              stroke="currentColor"
              stroke-width="1.5"
              viewBox="0 0 24 24"
              xmlns="http://www.w3.org/2000/svg"
            >
              <path
                d="M6 18 18 6M6 6l12 12"
                stroke-linecap="round"
                stroke-linejoin="round"
              />
            </svg>
          </button>
        </div>
        <div
          class="filter-section"
        >
          <h4>
            search.presets.title
          </h4>
          <div
            class="presets-list"
            data-presets="true"
          >
            <button
              class="preset-button"
            >
              search.presets.activeStudents
            </button>
            <button
              class="preset-button"
            >
              search.presets.recentEnrollments
            </button>
          </div>
        </div>
        <div
          class="filter-section"
        >
          <h4>
            search.filters.custom
          </h4>
          <div
            class="filters-grid"
          >
            <div
              class="filter-group"
            >
              <label>
                search.fields.firstName
              </label>
              <input
                placeholder="search.fields.firstName"
                type="text"
                value=""
              />
            </div>
            <div
              class="filter-group"
            >
              <label>
                search.fields.lastName
              </label>
              <input
                placeholder="search.fields.lastName"
                type="text"
                value=""
              />
            </div>
            <div
              class="filter-group"
            >
              <label>
                search.fields.email
              </label>
              <input
                placeholder="search.fields.email"
                type="email"
                value=""
              />
            </div>
            <div
              class="filter-group"
            >
              <label>
                search.fields.academicYear
              </label>
              <input
                placeholder="2026"
                type="number"
                value=""
              />
            </div>
          </div>
        </div>
        <div
          class="filter-actions"
        >
          <button
            class="apply-button"
            disabled=""
          >
            search.advanced.apply
          </button>
          <button
            class="reset-button"
          >
            <svg
              aria-hidden="true"
              class="reset-icon"
              data-slot="icon"
              fill="none"
              role="img"
              stroke="currentColor"
              stroke-width="1.5"
              viewBox="0 0 24 24"
              xmlns="http://www.w3.org/2000/svg"
            >
              <path
                d="M16.023 9.348h4.992v-.001M2.985 19.644v-4.992m0 0h4.992m-4.993 0 3.181 3.183a8.25 8.25 0 0 0 13.803-3.7M4.031 9.865a8.25 8.25 0 0 1 13.803-3.7l3.181 3.182m0-4.991v4.99"
                stroke-linecap="round"
                stroke-linejoin="round"
              />
            </svg>
            search.advanced.reset
          </button>
        </div>
      </div>
    </div>
  </div>
</body>
 ❯ Object.getElementError node_modules/@testing-library/dom/dist/config.js:37:19
 ❯ node_modules/@testing-library/dom/dist/query-helpers.js:76:38
 ❯ node_modules/@testing-library/dom/dist/query-helpers.js:52:17
 ❯ node_modules/@testing-library/dom/dist/query-helpers.js:95:19
 ❯ src/components/__tests__/AdvancedFilters.test.tsx:311:37
    309|       renderAdvancedFilters({ searchType: 'students' });
    310| 
    311|       const firstNameInput = screen.getByPlaceholderText(/first name/i…
       |                                     ^
    312|       await user.type(firstNameInput, 'John');
    313| 

⎯⎯⎯⎯⎯⎯⎯⎯⎯⎯⎯⎯⎯⎯⎯⎯⎯⎯⎯⎯⎯⎯[22/52]⎯

 FAIL  src/components/__tests__/AdvancedFilters.test.tsx > AdvancedFilters Component > Panel Toggle > should call onToggle when toggle clicked
TestingLibraryElementError: Unable to find an accessible element with the role "button" and name `/advanced filters/i`

Here are the accessible roles:

  button:

  Name "search.advanced.title":
  <button
    aria-expanded="true"
    aria-label="search.advanced.title"
    class="filter-toggle open"
  />

  Name "Close":
  <button
    aria-label="Close"
    class="close-button"
  />

  Name "search.presets.activeStudents":
  <button
    class="preset-button"
  />

  Name "search.presets.recentEnrollments":
  <button
    class="preset-button"
  />

  Name "search.advanced.apply":
  <button
    class="apply-button"
    disabled=""
  />

  Name "search.advanced.reset":
  <button
    class="reset-button"
  />

  --------------------------------------------------
  region:

  Name "search.advanced.title":
  <div
    aria-label="search.advanced.title"
    class="filter-panel"
    data-open="true"
    role="region"
  />

  --------------------------------------------------
  heading:

  Name "search.filters.title":
  <h3 />

  Name "search.presets.title":
  <h4 />

  Name "search.filters.custom":
  <h4 />

  --------------------------------------------------
  textbox:

  Name "":
  <input
    placeholder="search.fields.firstName"
    type="text"
    value=""
  />

  Name "":
  <input
    placeholder="search.fields.lastName"
    type="text"
    value=""
  />

  Name "":
  <input
    placeholder="search.fields.email"
    type="email"
    value=""
  />

  --------------------------------------------------
  spinbutton:

  Name "":
  <input
    placeholder="2026"
    type="number"
    value=""
  />

  --------------------------------------------------

Ignored nodes: comments, script, style
<body>
  <div>
    <div
      class="advanced-filters "
    >
      <button
        aria-expanded="true"
        aria-label="search.advanced.title"
        class="filter-toggle open"
      >
        <svg
          aria-hidden="true"
          class="toggle-icon"
          data-slot="icon"
          fill="none"
          role="img"
          stroke="currentColor"
          stroke-width="1.5"
          viewBox="0 0 24 24"
          xmlns="http://www.w3.org/2000/svg"
        >
          <path
            d="M12 3c2.755 0 5.455.232 8.083.678.533.09.917.556.917 1.096v1.044a2.25 2.25 0 0 1-.659 1.591l-5.432 5.432a2.25 2.25 0 0 0-.659 1.591v2.927a2.25 2.25 0 0 1-1.244 2.013L9.75 21v-6.568a2.25 2.25 0 0 0-.659-1.591L3.659 7.409A2.25 2.25 0 0 1 3 5.818V4.774c0-.54.384-1.006.917-1.096A48.32 48.32 0 0 1 12 3Z"
            stroke-linecap="round"
            stroke-linejoin="round"
          />
        </svg>
        search.advanced.title
      </button>
      <div
        aria-label="search.advanced.title"
        class="filter-panel"
        data-open="true"
        role="region"
      >
        <div
          class="filter-header"
        >
          <h3>
            search.filters.title
          </h3>
          <button
            aria-label="Close"
            class="close-button"
          >
            <svg
              aria-hidden="true"
              class="close-icon"
              data-slot="icon"
              fill="none"
              role="img"
              stroke="currentColor"
              stroke-width="1.5"
              viewBox="0 0 24 24"
              xmlns="http://www.w3.org/2000/svg"
            >
              <path
                d="M6 18 18 6M6 6l12 12"
                stroke-linecap="round"
                stroke-linejoin="round"
              />
            </svg>
          </button>
        </div>
        <div
          class="filter-section"
        >
          <h4>
            search.presets.title
          </h4>
          <div
            class="presets-list"
            data-presets="true"
          >
            <button
              class="preset-button"
            >
              search.presets.activeStudents
            </button>
            <button
              class="preset-button"
            >
              search.presets.recentEnrollments
            </button>
          </div>
        </div>
        <div
          class="filter-section"
        >
          <h4>
            search.filters.custom
          </h4>
          <div
            class="filters-grid"
          >
            <div
              class="filter-group"
            >
              <label>
                search.fields.firstName
              </label>
              <input
                placeholder="search.fields.firstName"
                type="text"
                value=""
              />
            </div>
            <div
              class="filter-group"
            >
              <label>
                search.fields.lastName
              </label>
              <input
                placeholder="search.fields.lastName"
                type="text"
                value=""
              />
            </div>
            <div
              class="filter-group"
            >
              <label>
                search.fields.email
              </label>
              <input
                placeholder="search.fields.email"
                type="email"
                value=""
              />
            </div>
            <div
              class="filter-group"
            >
              <label>
                search.fields.academicYear
              </label>
              <input
                placeholder="2026"
                type="number"
                value=""
              />
            </div>
          </div>
        </div>
        <div
          class="filter-actions"
        >
          <button
            class="apply-button"
            disabled=""
          >
            search.advanced.apply
          </button>
          <button
            class="reset-button"
          >
            <svg
              aria-hidden="true"
              class="reset-icon"
              data-slot="icon"
              fill="none"
              role="img"
              stroke="currentColor"
              stroke-width="1.5"
              viewBox="0 0 24 24"
              xmlns="http://www.w3.org/2000/svg"
            >
              <path
                d="M16.023 9.348h4.992v-.001M2.985 19.644v-4.992m0 0h4.992m-4.993 0 3.181 3.183a8.25 8.25 0 0 0 13.803-3.7M4.031 9.865a8.25 8.25 0 0 1 13.803-3.7l3.181 3.182m0-4.991v4.99"
                stroke-linecap="round"
                stroke-linejoin="round"
              />
            </svg>
            search.advanced.reset
          </button>
        </div>
      </div>
    </div>
  </div>
</body>
 ❯ Object.getElementError node_modules/@testing-library/dom/dist/config.js:37:19
 ❯ node_modules/@testing-library/dom/dist/query-helpers.js:76:38
 ❯ node_modules/@testing-library/dom/dist/query-helpers.js:52:17
 ❯ node_modules/@testing-library/dom/dist/query-helpers.js:95:19
 ❯ src/components/__tests__/AdvancedFilters.test.tsx:332:35
    330|       renderAdvancedFilters({ onToggle });
    331| 
    332|       const toggleButton = screen.getByRole('button', {
       |                                   ^
    333|         name: /advanced filters/i
    334|       });

⎯⎯⎯⎯⎯⎯⎯⎯⎯⎯⎯⎯⎯⎯⎯⎯⎯⎯⎯⎯⎯⎯[23/52]⎯

 FAIL  src/components/__tests__/AdvancedFilters.test.tsx > AdvancedFilters Component > Panel Toggle > should have aria-expanded attribute
TestingLibraryElementError: Unable to find an accessible element with the role "button" and name `/advanced filters/i`

Here are the accessible roles:

  button:

  Name "search.advanced.title":
  <button
    aria-expanded="true"
    aria-label="search.advanced.title"
    class="filter-toggle open"
  />

  Name "Close":
  <button
    aria-label="Close"
    class="close-button"
  />

  Name "search.presets.activeStudents":
  <button
    class="preset-button"
  />

  Name "search.presets.recentEnrollments":
  <button
    class="preset-button"
  />

  Name "search.advanced.apply":
  <button
    class="apply-button"
    disabled=""
  />

  Name "search.advanced.reset":
  <button
    class="reset-button"
  />

  --------------------------------------------------
  region:

  Name "search.advanced.title":
  <div
    aria-label="search.advanced.title"
    class="filter-panel"
    data-open="true"
    role="region"
  />

  --------------------------------------------------
  heading:

  Name "search.filters.title":
  <h3 />

  Name "search.presets.title":
  <h4 />

  Name "search.filters.custom":
  <h4 />

  --------------------------------------------------
  textbox:

  Name "":
  <input
    placeholder="search.fields.firstName"
    type="text"
    value=""
  />

  Name "":
  <input
    placeholder="search.fields.lastName"
    type="text"
    value=""
  />

  Name "":
  <input
    placeholder="search.fields.email"
    type="email"
    value=""
  />

  --------------------------------------------------
  spinbutton:

  Name "":
  <input
    placeholder="2026"
    type="number"
    value=""
  />

  --------------------------------------------------

Ignored nodes: comments, script, style
<body>
  <div>
    <div
      class="advanced-filters "
    >
      <button
        aria-expanded="true"
        aria-label="search.advanced.title"
        class="filter-toggle open"
      >
        <svg
          aria-hidden="true"
          class="toggle-icon"
          data-slot="icon"
          fill="none"
          role="img"
          stroke="currentColor"
          stroke-width="1.5"
          viewBox="0 0 24 24"
          xmlns="http://www.w3.org/2000/svg"
        >
          <path
            d="M12 3c2.755 0 5.455.232 8.083.678.533.09.917.556.917 1.096v1.044a2.25 2.25 0 0 1-.659 1.591l-5.432 5.432a2.25 2.25 0 0 0-.659 1.591v2.927a2.25 2.25 0 0 1-1.244 2.013L9.75 21v-6.568a2.25 2.25 0 0 0-.659-1.591L3.659 7.409A2.25 2.25 0 0 1 3 5.818V4.774c0-.54.384-1.006.917-1.096A48.32 48.32 0 0 1 12 3Z"
            stroke-linecap="round"
            stroke-linejoin="round"
          />
        </svg>
        search.advanced.title
      </button>
      <div
        aria-label="search.advanced.title"
        class="filter-panel"
        data-open="true"
        role="region"
      >
        <div
          class="filter-header"
        >
          <h3>
            search.filters.title
          </h3>
          <button
            aria-label="Close"
            class="close-button"
          >
            <svg
              aria-hidden="true"
              class="close-icon"
              data-slot="icon"
              fill="none"
              role="img"
              stroke="currentColor"
              stroke-width="1.5"
              viewBox="0 0 24 24"
              xmlns="http://www.w3.org/2000/svg"
            >
              <path
                d="M6 18 18 6M6 6l12 12"
                stroke-linecap="round"
                stroke-linejoin="round"
              />
            </svg>
          </button>
        </div>
        <div
          class="filter-section"
        >
          <h4>
            search.presets.title
          </h4>
          <div
            class="presets-list"
            data-presets="true"
          >
            <button
              class="preset-button"
            >
              search.presets.activeStudents
            </button>
            <button
              class="preset-button"
            >
              search.presets.recentEnrollments
            </button>
          </div>
        </div>
        <div
          class="filter-section"
        >
          <h4>
            search.filters.custom
          </h4>
          <div
            class="filters-grid"
          >
            <div
              class="filter-group"
            >
              <label>
                search.fields.firstName
              </label>
              <input
                placeholder="search.fields.firstName"
                type="text"
                value=""
              />
            </div>
            <div
              class="filter-group"
            >
              <label>
                search.fields.lastName
              </label>
              <input
                placeholder="search.fields.lastName"
                type="text"
                value=""
              />
            </div>
            <div
              class="filter-group"
            >
              <label>
                search.fields.email
              </label>
              <input
                placeholder="search.fields.email"
                type="email"
                value=""
              />
            </div>
            <div
              class="filter-group"
            >
              <label>
                search.fields.academicYear
              </label>
              <input
                placeholder="2026"
                type="number"
                value=""
              />
            </div>
          </div>
        </div>
        <div
          class="filter-actions"
        >
          <button
            class="apply-button"
            disabled=""
          >
            search.advanced.apply
          </button>
          <button
            class="reset-button"
          >
            <svg
              aria-hidden="true"
              class="reset-icon"
              data-slot="icon"
              fill="none"
              role="img"
              stroke="currentColor"
              stroke-width="1.5"
              viewBox="0 0 24 24"
              xmlns="http://www.w3.org/2000/svg"
            >
              <path
                d="M16.023 9.348h4.992v-.001M2.985 19.644v-4.992m0 0h4.992m-4.993 0 3.181 3.183a8.25 8.25 0 0 0 13.803-3.7M4.031 9.865a8.25 8.25 0 0 1 13.803-3.7l3.181 3.182m0-4.991v4.99"
                stroke-linecap="round"
                stroke-linejoin="round"
              />
            </svg>
            search.advanced.reset
          </button>
        </div>
      </div>
    </div>
  </div>
</body>
 ❯ Object.getElementError node_modules/@testing-library/dom/dist/config.js:37:19
 ❯ node_modules/@testing-library/dom/dist/query-helpers.js:76:38
 ❯ node_modules/@testing-library/dom/dist/query-helpers.js:52:17
 ❯ node_modules/@testing-library/dom/dist/query-helpers.js:95:19
 ❯ src/components/__tests__/AdvancedFilters.test.tsx:350:35
    348|       renderAdvancedFilters({ isOpen: true });
    349| 
    350|       const toggleButton = screen.getByRole('button', {
       |                                   ^
    351|         name: /advanced filters/i
    352|       });

⎯⎯⎯⎯⎯⎯⎯⎯⎯⎯⎯⎯⎯⎯⎯⎯⎯⎯⎯⎯⎯⎯[24/52]⎯

 FAIL  src/components/__tests__/AdvancedFilters.test.tsx > AdvancedFilters Component > Form State > should maintain field values
TestingLibraryElementError: Unable to find an element with the placeholder text of: /first name/i

Ignored nodes: comments, script, style
<body>
  <div>
    <div
      class="advanced-filters "
    >
      <button
        aria-expanded="true"
        aria-label="search.advanced.title"
        class="filter-toggle open"
      >
        <svg
          aria-hidden="true"
          class="toggle-icon"
          data-slot="icon"
          fill="none"
          role="img"
          stroke="currentColor"
          stroke-width="1.5"
          viewBox="0 0 24 24"
          xmlns="http://www.w3.org/2000/svg"
        >
          <path
            d="M12 3c2.755 0 5.455.232 8.083.678.533.09.917.556.917 1.096v1.044a2.25 2.25 0 0 1-.659 1.591l-5.432 5.432a2.25 2.25 0 0 0-.659 1.591v2.927a2.25 2.25 0 0 1-1.244 2.013L9.75 21v-6.568a2.25 2.25 0 0 0-.659-1.591L3.659 7.409A2.25 2.25 0 0 1 3 5.818V4.774c0-.54.384-1.006.917-1.096A48.32 48.32 0 0 1 12 3Z"
            stroke-linecap="round"
            stroke-linejoin="round"
          />
        </svg>
        search.advanced.title
      </button>
      <div
        aria-label="search.advanced.title"
        class="filter-panel"
        data-open="true"
        role="region"
      >
        <div
          class="filter-header"
        >
          <h3>
            search.filters.title
          </h3>
          <button
            aria-label="Close"
            class="close-button"
          >
            <svg
              aria-hidden="true"
              class="close-icon"
              data-slot="icon"
              fill="none"
              role="img"
              stroke="currentColor"
              stroke-width="1.5"
              viewBox="0 0 24 24"
              xmlns="http://www.w3.org/2000/svg"
            >
              <path
                d="M6 18 18 6M6 6l12 12"
                stroke-linecap="round"
                stroke-linejoin="round"
              />
            </svg>
          </button>
        </div>
        <div
          class="filter-section"
        >
          <h4>
            search.presets.title
          </h4>
          <div
            class="presets-list"
            data-presets="true"
          >
            <button
              class="preset-button"
            >
              search.presets.activeStudents
            </button>
            <button
              class="preset-button"
            >
              search.presets.recentEnrollments
            </button>
          </div>
        </div>
        <div
          class="filter-section"
        >
          <h4>
            search.filters.custom
          </h4>
          <div
            class="filters-grid"
          >
            <div
              class="filter-group"
            >
              <label>
                search.fields.firstName
              </label>
              <input
                placeholder="search.fields.firstName"
                type="text"
                value=""
              />
            </div>
            <div
              class="filter-group"
            >
              <label>
                search.fields.lastName
              </label>
              <input
                placeholder="search.fields.lastName"
                type="text"
                value=""
              />
            </div>
            <div
              class="filter-group"
            >
              <label>
                search.fields.email
              </label>
              <input
                placeholder="search.fields.email"
                type="email"
                value=""
              />
            </div>
            <div
              class="filter-group"
            >
              <label>
                search.fields.academicYear
              </label>
              <input
                placeholder="2026"
                type="number"
                value=""
              />
            </div>
          </div>
        </div>
        <div
          class="filter-actions"
        >
          <button
            class="apply-button"
            disabled=""
          >
            search.advanced.apply
          </button>
          <button
            class="reset-button"
          >
            <svg
              aria-hidden="true"
              class="reset-icon"
              data-slot="icon"
              fill="none"
              role="img"
              stroke="currentColor"
              stroke-width="1.5"
              viewBox="0 0 24 24"
              xmlns="http://www.w3.org/2000/svg"
            >
              <path
                d="M16.023 9.348h4.992v-.001M2.985 19.644v-4.992m0 0h4.992m-4.993 0 3.181 3.183a8.25 8.25 0 0 0 13.803-3.7M4.031 9.865a8.25 8.25 0 0 1 13.803-3.7l3.181 3.182m0-4.991v4.99"
                stroke-linecap="round"
                stroke-linejoin="round"
              />
            </svg>
            search.advanced.reset
          </button>
        </div>
      </div>
    </div>
  </div>
</body>
 ❯ Object.getElementError node_modules/@testing-library/dom/dist/config.js:37:19
 ❯ node_modules/@testing-library/dom/dist/query-helpers.js:76:38
 ❯ node_modules/@testing-library/dom/dist/query-helpers.js:52:17
 ❯ node_modules/@testing-library/dom/dist/query-helpers.js:95:19
 ❯ src/components/__tests__/AdvancedFilters.test.tsx:362:37
    360|       renderAdvancedFilters({ searchType: 'students' });
    361| 
    362|       const firstNameInput = screen.getByPlaceholderText(/first name/i…
       |                                     ^
    363|       await user.type(firstNameInput, 'John');
    364| 

⎯⎯⎯⎯⎯⎯⎯⎯⎯⎯⎯⎯⎯⎯⎯⎯⎯⎯⎯⎯⎯⎯[25/52]⎯

 FAIL  src/components/__tests__/AdvancedFilters.test.tsx > AdvancedFilters Component > Form State > should handle multiple field entries
TestingLibraryElementError: Unable to find an element with the placeholder text of: /first name/i

Ignored nodes: comments, script, style
<body>
  <div>
    <div
      class="advanced-filters "
    >
      <button
        aria-expanded="true"
        aria-label="search.advanced.title"
        class="filter-toggle open"
      >
        <svg
          aria-hidden="true"
          class="toggle-icon"
          data-slot="icon"
          fill="none"
          role="img"
          stroke="currentColor"
          stroke-width="1.5"
          viewBox="0 0 24 24"
          xmlns="http://www.w3.org/2000/svg"
        >
          <path
            d="M12 3c2.755 0 5.455.232 8.083.678.533.09.917.556.917 1.096v1.044a2.25 2.25 0 0 1-.659 1.591l-5.432 5.432a2.25 2.25 0 0 0-.659 1.591v2.927a2.25 2.25 0 0 1-1.244 2.013L9.75 21v-6.568a2.25 2.25 0 0 0-.659-1.591L3.659 7.409A2.25 2.25 0 0 1 3 5.818V4.774c0-.54.384-1.006.917-1.096A48.32 48.32 0 0 1 12 3Z"
            stroke-linecap="round"
            stroke-linejoin="round"
          />
        </svg>
        search.advanced.title
      </button>
      <div
        aria-label="search.advanced.title"
        class="filter-panel"
        data-open="true"
        role="region"
      >
        <div
          class="filter-header"
        >
          <h3>
            search.filters.title
          </h3>
          <button
            aria-label="Close"
            class="close-button"
          >
            <svg
              aria-hidden="true"
              class="close-icon"
              data-slot="icon"
              fill="none"
              role="img"
              stroke="currentColor"
              stroke-width="1.5"
              viewBox="0 0 24 24"
              xmlns="http://www.w3.org/2000/svg"
            >
              <path
                d="M6 18 18 6M6 6l12 12"
                stroke-linecap="round"
                stroke-linejoin="round"
              />
            </svg>
          </button>
        </div>
        <div
          class="filter-section"
        >
          <h4>
            search.presets.title
          </h4>
          <div
            class="presets-list"
            data-presets="true"
          >
            <button
              class="preset-button"
            >
              search.presets.activeStudents
            </button>
            <button
              class="preset-button"
            >
              search.presets.recentEnrollments
            </button>
          </div>
        </div>
        <div
          class="filter-section"
        >
          <h4>
            search.filters.custom
          </h4>
          <div
            class="filters-grid"
          >
            <div
              class="filter-group"
            >
              <label>
                search.fields.firstName
              </label>
              <input
                placeholder="search.fields.firstName"
                type="text"
                value=""
              />
            </div>
            <div
              class="filter-group"
            >
              <label>
                search.fields.lastName
              </label>
              <input
                placeholder="search.fields.lastName"
                type="text"
                value=""
              />
            </div>
            <div
              class="filter-group"
            >
              <label>
                search.fields.email
              </label>
              <input
                placeholder="search.fields.email"
                type="email"
                value=""
              />
            </div>
            <div
              class="filter-group"
            >
              <label>
                search.fields.academicYear
              </label>
              <input
                placeholder="2026"
                type="number"
                value=""
              />
            </div>
          </div>
        </div>
        <div
          class="filter-actions"
        >
          <button
            class="apply-button"
            disabled=""
          >
            search.advanced.apply
          </button>
          <button
            class="reset-button"
          >
            <svg
              aria-hidden="true"
              class="reset-icon"
              data-slot="icon"
              fill="none"
              role="img"
              stroke="currentColor"
              stroke-width="1.5"
              viewBox="0 0 24 24"
              xmlns="http://www.w3.org/2000/svg"
            >
              <path
                d="M16.023 9.348h4.992v-.001M2.985 19.644v-4.992m0 0h4.992m-4.993 0 3.181 3.183a8.25 8.25 0 0 0 13.803-3.7M4.031 9.865a8.25 8.25 0 0 1 13.803-3.7l3.181 3.182m0-4.991v4.99"
                stroke-linecap="round"
                stroke-linejoin="round"
              />
            </svg>
            search.advanced.reset
          </button>
        </div>
      </div>
    </div>
  </div>
</body>
 ❯ Object.getElementError node_modules/@testing-library/dom/dist/config.js:37:19
 ❯ node_modules/@testing-library/dom/dist/query-helpers.js:76:38
 ❯ node_modules/@testing-library/dom/dist/query-helpers.js:52:17
 ❯ node_modules/@testing-library/dom/dist/query-helpers.js:95:19
 ❯ src/components/__tests__/AdvancedFilters.test.tsx:372:37
    370|       renderAdvancedFilters({ searchType: 'students' });
    371| 
    372|       const firstNameInput = screen.getByPlaceholderText(/first name/i…
       |                                     ^
    373|       const emailInput = screen.getByPlaceholderText(/email/i) as HTML…
    374| 

⎯⎯⎯⎯⎯⎯⎯⎯⎯⎯⎯⎯⎯⎯⎯⎯⎯⎯⎯⎯⎯⎯[26/52]⎯

 FAIL  src/components/__tests__/AdvancedFilters.test.tsx > AdvancedFilters Component > Form State > should validate numeric input for grade ranges
TestingLibraryElementError: Unable to find an element with the placeholder text of: /min grade/i

Ignored nodes: comments, script, style
<body>
  <div>
    <div
      class="advanced-filters "
    >
      <button
        aria-expanded="true"
        aria-label="search.advanced.title"
        class="filter-toggle open"
      >
        <svg
          aria-hidden="true"
          class="toggle-icon"
          data-slot="icon"
          fill="none"
          role="img"
          stroke="currentColor"
          stroke-width="1.5"
          viewBox="0 0 24 24"
          xmlns="http://www.w3.org/2000/svg"
        >
          <path
            d="M12 3c2.755 0 5.455.232 8.083.678.533.09.917.556.917 1.096v1.044a2.25 2.25 0 0 1-.659 1.591l-5.432 5.432a2.25 2.25 0 0 0-.659 1.591v2.927a2.25 2.25 0 0 1-1.244 2.013L9.75 21v-6.568a2.25 2.25 0 0 0-.659-1.591L3.659 7.409A2.25 2.25 0 0 1 3 5.818V4.774c0-.54.384-1.006.917-1.096A48.32 48.32 0 0 1 12 3Z"
            stroke-linecap="round"
            stroke-linejoin="round"
          />
        </svg>
        search.advanced.title
      </button>
      <div
        aria-label="search.advanced.title"
        class="filter-panel"
        data-open="true"
        role="region"
      >
        <div
          class="filter-header"
        >
          <h3>
            search.filters.title
          </h3>
          <button
            aria-label="Close"
            class="close-button"
          >
            <svg
              aria-hidden="true"
              class="close-icon"
              data-slot="icon"
              fill="none"
              role="img"
              stroke="currentColor"
              stroke-width="1.5"
              viewBox="0 0 24 24"
              xmlns="http://www.w3.org/2000/svg"
            >
              <path
                d="M6 18 18 6M6 6l12 12"
                stroke-linecap="round"
                stroke-linejoin="round"
              />
            </svg>
          </button>
        </div>
        <div
          class="filter-section"
        >
          <h4>
            search.presets.title
          </h4>
          <div
            class="presets-list"
            data-presets="true"
          >
            <button
              class="preset-button"
            >
              search.presets.highGrades
            </button>
            <button
              class="preset-button"
            >
              search.presets.passingOnly
            </button>
            <button
              class="preset-button"
            >
              search.presets.failing
            </button>
          </div>
        </div>
        <div
          class="filter-section"
        >
          <h4>
            search.filters.custom
          </h4>
          <div
            class="filters-grid"
          >
            <div
              class="filter-group"
            >
              <label>
                search.fields.gradeMin
              </label>
              <input
                max="100"
                min="0"
                placeholder="search.fields.gradeMin"
                type="number"
                value=""
              />
            </div>
            <div
              class="filter-group"
            >
              <label>
                search.fields.gradeMax
              </label>
              <input
                max="100"
                min="0"
                placeholder="search.fields.gradeMax"
                type="number"
                value=""
              />
            </div>
            <div
              class="filter-group"
            >
              <label>
                search.fields.studentId
              </label>
              <input
                placeholder="search.fields.studentId"
                type="number"
                value=""
              />
            </div>
            <div
              class="filter-group"
            >
              <label>
                search.fields.courseId
              </label>
              <input
                placeholder="search.fields.courseId"
                type="number"
                value=""
              />
            </div>
          </div>
        </div>
        <div
          class="filter-actions"
        >
          <button
            class="apply-button"
            disabled=""
          >
            search.advanced.apply
          </button>
          <button
            class="reset-button"
          >
            <svg
              aria-hidden="true"
              class="reset-icon"
              data-slot="icon"
              fill="none"
              role="img"
              stroke="currentColor"
              stroke-width="1.5"
              viewBox="0 0 24 24"
              xmlns="http://www.w3.org/2000/svg"
            >
              <path
                d="M16.023 9.348h4.992v-.001M2.985 19.644v-4.992m0 0h4.992m-4.993 0 3.181 3.183a8.25 8.25 0 0 0 13.803-3.7M4.031 9.865a8.25 8.25 0 0 1 13.803-3.7l3.181 3.182m0-4.991v4.99"
                stroke-linecap="round"
                stroke-linejoin="round"
              />
            </svg>
            search.advanced.reset
          </button>
        </div>
      </div>
    </div>
  </div>
</body>
 ❯ Object.getElementError node_modules/@testing-library/dom/dist/config.js:37:19
 ❯ node_modules/@testing-library/dom/dist/query-helpers.js:76:38
 ❯ node_modules/@testing-library/dom/dist/query-helpers.js:52:17
 ❯ node_modules/@testing-library/dom/dist/query-helpers.js:95:19
 ❯ src/components/__tests__/AdvancedFilters.test.tsx:386:36
    384|       renderAdvancedFilters({ searchType: 'grades' });
    385| 
    386|       const minGradeInput = screen.getByPlaceholderText(/min grade/i);
       |                                    ^
    387|       await user.type(minGradeInput, 'abc');
    388| 

⎯⎯⎯⎯⎯⎯⎯⎯⎯⎯⎯⎯⎯⎯⎯⎯⎯⎯⎯⎯⎯⎯[27/52]⎯

 FAIL  src/components/__tests__/AdvancedFilters.test.tsx > AdvancedFilters Component > Form State > should handle grade range validation (min <= max)
TestingLibraryElementError: Unable to find an element with the placeholder text of: /min grade/i

Ignored nodes: comments, script, style
<body>
  <div>
    <div
      class="advanced-filters "
    >
      <button
        aria-expanded="true"
        aria-label="search.advanced.title"
        class="filter-toggle open"
      >
        <svg
          aria-hidden="true"
          class="toggle-icon"
          data-slot="icon"
          fill="none"
          role="img"
          stroke="currentColor"
          stroke-width="1.5"
          viewBox="0 0 24 24"
          xmlns="http://www.w3.org/2000/svg"
        >
          <path
            d="M12 3c2.755 0 5.455.232 8.083.678.533.09.917.556.917 1.096v1.044a2.25 2.25 0 0 1-.659 1.591l-5.432 5.432a2.25 2.25 0 0 0-.659 1.591v2.927a2.25 2.25 0 0 1-1.244 2.013L9.75 21v-6.568a2.25 2.25 0 0 0-.659-1.591L3.659 7.409A2.25 2.25 0 0 1 3 5.818V4.774c0-.54.384-1.006.917-1.096A48.32 48.32 0 0 1 12 3Z"
            stroke-linecap="round"
            stroke-linejoin="round"
          />
        </svg>
        search.advanced.title
      </button>
      <div
        aria-label="search.advanced.title"
        class="filter-panel"
        data-open="true"
        role="region"
      >
        <div
          class="filter-header"
        >
          <h3>
            search.filters.title
          </h3>
          <button
            aria-label="Close"
            class="close-button"
          >
            <svg
              aria-hidden="true"
              class="close-icon"
              data-slot="icon"
              fill="none"
              role="img"
              stroke="currentColor"
              stroke-width="1.5"
              viewBox="0 0 24 24"
              xmlns="http://www.w3.org/2000/svg"
            >
              <path
                d="M6 18 18 6M6 6l12 12"
                stroke-linecap="round"
                stroke-linejoin="round"
              />
            </svg>
          </button>
        </div>
        <div
          class="filter-section"
        >
          <h4>
            search.presets.title
          </h4>
          <div
            class="presets-list"
            data-presets="true"
          >
            <button
              class="preset-button"
            >
              search.presets.highGrades
            </button>
            <button
              class="preset-button"
            >
              search.presets.passingOnly
            </button>
            <button
              class="preset-button"
            >
              search.presets.failing
            </button>
          </div>
        </div>
        <div
          class="filter-section"
        >
          <h4>
            search.filters.custom
          </h4>
          <div
            class="filters-grid"
          >
            <div
              class="filter-group"
            >
              <label>
                search.fields.gradeMin
              </label>
              <input
                max="100"
                min="0"
                placeholder="search.fields.gradeMin"
                type="number"
                value=""
              />
            </div>
            <div
              class="filter-group"
            >
              <label>
                search.fields.gradeMax
              </label>
              <input
                max="100"
                min="0"
                placeholder="search.fields.gradeMax"
                type="number"
                value=""
              />
            </div>
            <div
              class="filter-group"
            >
              <label>
                search.fields.studentId
              </label>
              <input
                placeholder="search.fields.studentId"
                type="number"
                value=""
              />
            </div>
            <div
              class="filter-group"
            >
              <label>
                search.fields.courseId
              </label>
              <input
                placeholder="search.fields.courseId"
                type="number"
                value=""
              />
            </div>
          </div>
        </div>
        <div
          class="filter-actions"
        >
          <button
            class="apply-button"
            disabled=""
          >
            search.advanced.apply
          </button>
          <button
            class="reset-button"
          >
            <svg
              aria-hidden="true"
              class="reset-icon"
              data-slot="icon"
              fill="none"
              role="img"
              stroke="currentColor"
              stroke-width="1.5"
              viewBox="0 0 24 24"
              xmlns="http://www.w3.org/2000/svg"
            >
              <path
                d="M16.023 9.348h4.992v-.001M2.985 19.644v-4.992m0 0h4.992m-4.993 0 3.181 3.183a8.25 8.25 0 0 0 13.803-3.7M4.031 9.865a8.25 8.25 0 0 1 13.803-3.7l3.181 3.182m0-4.991v4.99"
                stroke-linecap="round"
                stroke-linejoin="round"
              />
            </svg>
            search.advanced.reset
          </button>
        </div>
      </div>
    </div>
  </div>
</body>
 ❯ Object.getElementError node_modules/@testing-library/dom/dist/config.js:37:19
 ❯ node_modules/@testing-library/dom/dist/query-helpers.js:76:38
 ❯ node_modules/@testing-library/dom/dist/query-helpers.js:52:17
 ❯ node_modules/@testing-library/dom/dist/query-helpers.js:95:19
 ❯ src/components/__tests__/AdvancedFilters.test.tsx:397:36
    395|       renderAdvancedFilters({ searchType: 'grades' });
    396| 
    397|       const minGradeInput = screen.getByPlaceholderText(/min grade/i);
       |                                    ^
    398|       const maxGradeInput = screen.getByPlaceholderText(/max grade/i);
    399| 

⎯⎯⎯⎯⎯⎯⎯⎯⎯⎯⎯⎯⎯⎯⎯⎯⎯⎯⎯⎯⎯⎯[28/52]⎯

 FAIL  src/components/__tests__/AdvancedFilters.test.tsx > AdvancedFilters Component > Accessibility > should have proper labels for inputs
TestingLibraryElementError: Unable to find a label with the text of: /first name|first_name/i

Ignored nodes: comments, script, style
<body>
  <div>
    <div
      class="advanced-filters "
    >
      <button
        aria-expanded="true"
        aria-label="search.advanced.title"
        class="filter-toggle open"
      >
        <svg
          aria-hidden="true"
          class="toggle-icon"
          data-slot="icon"
          fill="none"
          role="img"
          stroke="currentColor"
          stroke-width="1.5"
          viewBox="0 0 24 24"
          xmlns="http://www.w3.org/2000/svg"
        >
          <path
            d="M12 3c2.755 0 5.455.232 8.083.678.533.09.917.556.917 1.096v1.044a2.25 2.25 0 0 1-.659 1.591l-5.432 5.432a2.25 2.25 0 0 0-.659 1.591v2.927a2.25 2.25 0 0 1-1.244 2.013L9.75 21v-6.568a2.25 2.25 0 0 0-.659-1.591L3.659 7.409A2.25 2.25 0 0 1 3 5.818V4.774c0-.54.384-1.006.917-1.096A48.32 48.32 0 0 1 12 3Z"
            stroke-linecap="round"
            stroke-linejoin="round"
          />
        </svg>
        search.advanced.title
      </button>
      <div
        aria-label="search.advanced.title"
        class="filter-panel"
        data-open="true"
        role="region"
      >
        <div
          class="filter-header"
        >
          <h3>
            search.filters.title
          </h3>
          <button
            aria-label="Close"
            class="close-button"
          >
            <svg
              aria-hidden="true"
              class="close-icon"
              data-slot="icon"
              fill="none"
              role="img"
              stroke="currentColor"
              stroke-width="1.5"
              viewBox="0 0 24 24"
              xmlns="http://www.w3.org/2000/svg"
            >
              <path
                d="M6 18 18 6M6 6l12 12"
                stroke-linecap="round"
                stroke-linejoin="round"
              />
            </svg>
          </button>
        </div>
        <div
          class="filter-section"
        >
          <h4>
            search.presets.title
          </h4>
          <div
            class="presets-list"
            data-presets="true"
          >
            <button
              class="preset-button"
            >
              search.presets.activeStudents
            </button>
            <button
              class="preset-button"
            >
              search.presets.recentEnrollments
            </button>
          </div>
        </div>
        <div
          class="filter-section"
        >
          <h4>
            search.filters.custom
          </h4>
          <div
            class="filters-grid"
          >
            <div
              class="filter-group"
            >
              <label>
                search.fields.firstName
              </label>
              <input
                placeholder="search.fields.firstName"
                type="text"
                value=""
              />
            </div>
            <div
              class="filter-group"
            >
              <label>
                search.fields.lastName
              </label>
              <input
                placeholder="search.fields.lastName"
                type="text"
                value=""
              />
            </div>
            <div
              class="filter-group"
            >
              <label>
                search.fields.email
              </label>
              <input
                placeholder="search.fields.email"
                type="email"
                value=""
              />
            </div>
            <div
              class="filter-group"
            >
              <label>
                search.fields.academicYear
              </label>
              <input
                placeholder="2026"
                type="number"
                value=""
              />
            </div>
          </div>
        </div>
        <div
          class="filter-actions"
        >
          <button
            class="apply-button"
            disabled=""
          >
            search.advanced.apply
          </button>
          <button
            class="reset-button"
          >
            <svg
              aria-hidden="true"
              class="reset-icon"
              data-slot="icon"
              fill="none"
              role="img"
              stroke="currentColor"
              stroke-width="1.5"
              viewBox="0 0 24 24"
              xmlns="http://www.w3.org/2000/svg"
            >
              <path
                d="M16.023 9.348h4.992v-.001M2.985 19.644v-4.992m0 0h4.992m-4.993 0 3.181 3.183a8.25 8.25 0 0 0 13.803-3.7M4.031 9.865a8.25 8.25 0 0 1 13.803-3.7l3.181 3.182m0-4.991v4.99"
                stroke-linecap="round"
                stroke-linejoin="round"
              />
            </svg>
            search.advanced.reset
          </button>
        </div>
      </div>
    </div>
  </div>
</body>
 ❯ Object.getElementError node_modules/@testing-library/dom/dist/config.js:37:19
 ❯ getAllByLabelText node_modules/@testing-library/dom/dist/queries/label-text.js:111:38
 ❯ node_modules/@testing-library/dom/dist/query-helpers.js:52:17
 ❯ node_modules/@testing-library/dom/dist/query-helpers.js:95:19
 ❯ src/components/__tests__/AdvancedFilters.test.tsx:413:37
    411|       renderAdvancedFilters({ searchType: 'students' });
    412| 
    413|       const firstNameLabel = screen.getByLabelText(/first name|first_n…
       |                                     ^
    414|       expect(firstNameLabel).toBeInTheDocument();
    415|     });

⎯⎯⎯⎯⎯⎯⎯⎯⎯⎯⎯⎯⎯⎯⎯⎯⎯⎯⎯⎯⎯⎯[29/52]⎯

 FAIL  src/components/__tests__/AdvancedFilters.test.tsx > AdvancedFilters Component > Accessibility > should be keyboard navigable
TestingLibraryElementError: Unable to find an element with the placeholder text of: /first name/i

Ignored nodes: comments, script, style
<body>
  <div>
    <div
      class="advanced-filters "
    >
      <button
        aria-expanded="true"
        aria-label="search.advanced.title"
        class="filter-toggle open"
      >
        <svg
          aria-hidden="true"
          class="toggle-icon"
          data-slot="icon"
          fill="none"
          role="img"
          stroke="currentColor"
          stroke-width="1.5"
          viewBox="0 0 24 24"
          xmlns="http://www.w3.org/2000/svg"
        >
          <path
            d="M12 3c2.755 0 5.455.232 8.083.678.533.09.917.556.917 1.096v1.044a2.25 2.25 0 0 1-.659 1.591l-5.432 5.432a2.25 2.25 0 0 0-.659 1.591v2.927a2.25 2.25 0 0 1-1.244 2.013L9.75 21v-6.568a2.25 2.25 0 0 0-.659-1.591L3.659 7.409A2.25 2.25 0 0 1 3 5.818V4.774c0-.54.384-1.006.917-1.096A48.32 48.32 0 0 1 12 3Z"
            stroke-linecap="round"
            stroke-linejoin="round"
          />
        </svg>
        search.advanced.title
      </button>
      <div
        aria-label="search.advanced.title"
        class="filter-panel"
        data-open="true"
        role="region"
      >
        <div
          class="filter-header"
        >
          <h3>
            search.filters.title
          </h3>
          <button
            aria-label="Close"
            class="close-button"
          >
            <svg
              aria-hidden="true"
              class="close-icon"
              data-slot="icon"
              fill="none"
              role="img"
              stroke="currentColor"
              stroke-width="1.5"
              viewBox="0 0 24 24"
              xmlns="http://www.w3.org/2000/svg"
            >
              <path
                d="M6 18 18 6M6 6l12 12"
                stroke-linecap="round"
                stroke-linejoin="round"
              />
            </svg>
          </button>
        </div>
        <div
          class="filter-section"
        >
          <h4>
            search.presets.title
          </h4>
          <div
            class="presets-list"
            data-presets="true"
          >
            <button
              class="preset-button"
            >
              search.presets.activeStudents
            </button>
            <button
              class="preset-button"
            >
              search.presets.recentEnrollments
            </button>
          </div>
        </div>
        <div
          class="filter-section"
        >
          <h4>
            search.filters.custom
          </h4>
          <div
            class="filters-grid"
          >
            <div
              class="filter-group"
            >
              <label>
                search.fields.firstName
              </label>
              <input
                placeholder="search.fields.firstName"
                type="text"
                value=""
              />
            </div>
            <div
              class="filter-group"
            >
              <label>
                search.fields.lastName
              </label>
              <input
                placeholder="search.fields.lastName"
                type="text"
                value=""
              />
            </div>
            <div
              class="filter-group"
            >
              <label>
                search.fields.email
              </label>
              <input
                placeholder="search.fields.email"
                type="email"
                value=""
              />
            </div>
            <div
              class="filter-group"
            >
              <label>
                search.fields.academicYear
              </label>
              <input
                placeholder="2026"
                type="number"
                value=""
              />
            </div>
          </div>
        </div>
        <div
          class="filter-actions"
        >
          <button
            class="apply-button"
            disabled=""
          >
            search.advanced.apply
          </button>
          <button
            class="reset-button"
          >
            <svg
              aria-hidden="true"
              class="reset-icon"
              data-slot="icon"
              fill="none"
              role="img"
              stroke="currentColor"
              stroke-width="1.5"
              viewBox="0 0 24 24"
              xmlns="http://www.w3.org/2000/svg"
            >
              <path
                d="M16.023 9.348h4.992v-.001M2.985 19.644v-4.992m0 0h4.992m-4.993 0 3.181 3.183a8.25 8.25 0 0 0 13.803-3.7M4.031 9.865a8.25 8.25 0 0 1 13.803-3.7l3.181 3.182m0-4.991v4.99"
                stroke-linecap="round"
                stroke-linejoin="round"
              />
            </svg>
            search.advanced.reset
          </button>
        </div>
      </div>
    </div>
  </div>
</body>
 ❯ Object.getElementError node_modules/@testing-library/dom/dist/config.js:37:19
 ❯ node_modules/@testing-library/dom/dist/query-helpers.js:76:38
 ❯ node_modules/@testing-library/dom/dist/query-helpers.js:52:17
 ❯ node_modules/@testing-library/dom/dist/query-helpers.js:95:19
 ❯ src/components/__tests__/AdvancedFilters.test.tsx:424:16
    422|       await user.tab();
    423|       expect(
    424|         screen.getByPlaceholderText(/first name/i)
       |                ^
    425|       ).toHaveFocus();
    426|     });

⎯⎯⎯⎯⎯⎯⎯⎯⎯⎯⎯⎯⎯⎯⎯⎯⎯⎯⎯⎯⎯⎯[30/52]⎯

 FAIL  src/components/__tests__/AdvancedFilters.test.tsx > AdvancedFilters Component > Different Search Types > should show student-specific filters for students
TestingLibraryElementError: Unable to find an element with the placeholder text of: /first name/i

Ignored nodes: comments, script, style
<body>
  <div>
    <div
      class="advanced-filters "
    >
      <button
        aria-expanded="true"
        aria-label="search.advanced.title"
        class="filter-toggle open"
      >
        <svg
          aria-hidden="true"
          class="toggle-icon"
          data-slot="icon"
          fill="none"
          role="img"
          stroke="currentColor"
          stroke-width="1.5"
          viewBox="0 0 24 24"
          xmlns="http://www.w3.org/2000/svg"
        >
          <path
            d="M12 3c2.755 0 5.455.232 8.083.678.533.09.917.556.917 1.096v1.044a2.25 2.25 0 0 1-.659 1.591l-5.432 5.432a2.25 2.25 0 0 0-.659 1.591v2.927a2.25 2.25 0 0 1-1.244 2.013L9.75 21v-6.568a2.25 2.25 0 0 0-.659-1.591L3.659 7.409A2.25 2.25 0 0 1 3 5.818V4.774c0-.54.384-1.006.917-1.096A48.32 48.32 0 0 1 12 3Z"
            stroke-linecap="round"
            stroke-linejoin="round"
          />
        </svg>
        search.advanced.title
      </button>
      <div
        aria-label="search.advanced.title"
        class="filter-panel"
        data-open="true"
        role="region"
      >
        <div
          class="filter-header"
        >
          <h3>
            search.filters.title
          </h3>
          <button
            aria-label="Close"
            class="close-button"
          >
            <svg
              aria-hidden="true"
              class="close-icon"
              data-slot="icon"
              fill="none"
              role="img"
              stroke="currentColor"
              stroke-width="1.5"
              viewBox="0 0 24 24"
              xmlns="http://www.w3.org/2000/svg"
            >
              <path
                d="M6 18 18 6M6 6l12 12"
                stroke-linecap="round"
                stroke-linejoin="round"
              />
            </svg>
          </button>
        </div>
        <div
          class="filter-section"
        >
          <h4>
            search.presets.title
          </h4>
          <div
            class="presets-list"
            data-presets="true"
          >
            <button
              class="preset-button"
            >
              search.presets.activeStudents
            </button>
            <button
              class="preset-button"
            >
              search.presets.recentEnrollments
            </button>
          </div>
        </div>
        <div
          class="filter-section"
        >
          <h4>
            search.filters.custom
          </h4>
          <div
            class="filters-grid"
          >
            <div
              class="filter-group"
            >
              <label>
                search.fields.firstName
              </label>
              <input
                placeholder="search.fields.firstName"
                type="text"
                value=""
              />
            </div>
            <div
              class="filter-group"
            >
              <label>
                search.fields.lastName
              </label>
              <input
                placeholder="search.fields.lastName"
                type="text"
                value=""
              />
            </div>
            <div
              class="filter-group"
            >
              <label>
                search.fields.email
              </label>
              <input
                placeholder="search.fields.email"
                type="email"
                value=""
              />
            </div>
            <div
              class="filter-group"
            >
              <label>
                search.fields.academicYear
              </label>
              <input
                placeholder="2026"
                type="number"
                value=""
              />
            </div>
          </div>
        </div>
        <div
          class="filter-actions"
        >
          <button
            class="apply-button"
            disabled=""
          >
            search.advanced.apply
          </button>
          <button
            class="reset-button"
          >
            <svg
              aria-hidden="true"
              class="reset-icon"
              data-slot="icon"
              fill="none"
              role="img"
              stroke="currentColor"
              stroke-width="1.5"
              viewBox="0 0 24 24"
              xmlns="http://www.w3.org/2000/svg"
            >
              <path
                d="M16.023 9.348h4.992v-.001M2.985 19.644v-4.992m0 0h4.992m-4.993 0 3.181 3.183a8.25 8.25 0 0 0 13.803-3.7M4.031 9.865a8.25 8.25 0 0 1 13.803-3.7l3.181 3.182m0-4.991v4.99"
                stroke-linecap="round"
                stroke-linejoin="round"
              />
            </svg>
            search.advanced.reset
          </button>
        </div>
      </div>
    </div>
  </div>
</body>
 ❯ Object.getElementError node_modules/@testing-library/dom/dist/config.js:37:19
 ❯ node_modules/@testing-library/dom/dist/query-helpers.js:76:38
 ❯ node_modules/@testing-library/dom/dist/query-helpers.js:52:17
 ❯ node_modules/@testing-library/dom/dist/query-helpers.js:95:19
 ❯ src/components/__tests__/AdvancedFilters.test.tsx:467:21
    465|       renderAdvancedFilters({ searchType: 'students' });
    466| 
    467|       expect(screen.getByPlaceholderText(/first name/i)).toBeInTheDocu…
       |                     ^
    468|       expect(screen.getByPlaceholderText(/email/i)).toBeInTheDocument(…
    469|     });

⎯⎯⎯⎯⎯⎯⎯⎯⎯⎯⎯⎯⎯⎯⎯⎯⎯⎯⎯⎯⎯⎯[31/52]⎯

 FAIL  src/components/__tests__/AdvancedFilters.test.tsx > AdvancedFilters Component > Different Search Types > should show course-specific filters for courses
TestingLibraryElementError: Unable to find an element with the placeholder text of: /course name/i

Ignored nodes: comments, script, style
<body>
  <div>
    <div
      class="advanced-filters "
    >
      <button
        aria-expanded="true"
        aria-label="search.advanced.title"
        class="filter-toggle open"
      >
        <svg
          aria-hidden="true"
          class="toggle-icon"
          data-slot="icon"
          fill="none"
          role="img"
          stroke="currentColor"
          stroke-width="1.5"
          viewBox="0 0 24 24"
          xmlns="http://www.w3.org/2000/svg"
        >
          <path
            d="M12 3c2.755 0 5.455.232 8.083.678.533.09.917.556.917 1.096v1.044a2.25 2.25 0 0 1-.659 1.591l-5.432 5.432a2.25 2.25 0 0 0-.659 1.591v2.927a2.25 2.25 0 0 1-1.244 2.013L9.75 21v-6.568a2.25 2.25 0 0 0-.659-1.591L3.659 7.409A2.25 2.25 0 0 1 3 5.818V4.774c0-.54.384-1.006.917-1.096A48.32 48.32 0 0 1 12 3Z"
            stroke-linecap="round"
            stroke-linejoin="round"
          />
        </svg>
        search.advanced.title
      </button>
      <div
        aria-label="search.advanced.title"
        class="filter-panel"
        data-open="true"
        role="region"
      >
        <div
          class="filter-header"
        >
          <h3>
            search.filters.title
          </h3>
          <button
            aria-label="Close"
            class="close-button"
          >
            <svg
              aria-hidden="true"
              class="close-icon"
              data-slot="icon"
              fill="none"
              role="img"
              stroke="currentColor"
              stroke-width="1.5"
              viewBox="0 0 24 24"
              xmlns="http://www.w3.org/2000/svg"
            >
              <path
                d="M6 18 18 6M6 6l12 12"
                stroke-linecap="round"
                stroke-linejoin="round"
              />
            </svg>
          </button>
        </div>
        <div
          class="filter-section"
        >
          <h4>
            search.presets.title
          </h4>
          <div
            class="presets-list"
            data-presets="true"
          >
            <button
              class="preset-button"
            >
              search.presets.highCredit
            </button>
            <button
              class="preset-button"
            >
              search.presets.coreCourses
            </button>
          </div>
        </div>
        <div
          class="filter-section"
        >
          <h4>
            search.filters.custom
          </h4>
          <div
            class="filters-grid"
          >
            <div
              class="filter-group"
            >
              <label>
                search.fields.courseName
              </label>
              <input
                placeholder="search.fields.courseName"
                type="text"
                value=""
              />
            </div>
            <div
              class="filter-group"
            >
              <label>
                search.fields.courseCode
              </label>
              <input
                placeholder="search.fields.courseCode"
                type="text"
                value=""
              />
            </div>
            <div
              class="filter-group"
            >
              <label>
                search.fields.credits
              </label>
              <input
                max="10"
                min="0"
                placeholder="0-10"
                type="number"
                value=""
              />
            </div>
            <div
              class="filter-group"
            >
              <label>
                search.fields.academicYear
              </label>
              <input
                placeholder="2026"
                type="number"
                value=""
              />
            </div>
          </div>
        </div>
        <div
          class="filter-actions"
        >
          <button
            class="apply-button"
            disabled=""
          >
            search.advanced.apply
          </button>
          <button
            class="reset-button"
          >
            <svg
              aria-hidden="true"
              class="reset-icon"
              data-slot="icon"
              fill="none"
              role="img"
              stroke="currentColor"
              stroke-width="1.5"
              viewBox="0 0 24 24"
              xmlns="http://www.w3.org/2000/svg"
            >
              <path
                d="M16.023 9.348h4.992v-.001M2.985 19.644v-4.992m0 0h4.992m-4.993 0 3.181 3.183a8.25 8.25 0 0 0 13.803-3.7M4.031 9.865a8.25 8.25 0 0 1 13.803-3.7l3.181 3.182m0-4.991v4.99"
                stroke-linecap="round"
                stroke-linejoin="round"
              />
            </svg>
            search.advanced.reset
          </button>
        </div>
      </div>
    </div>
  </div>
</body>
 ❯ Object.getElementError node_modules/@testing-library/dom/dist/config.js:37:19
 ❯ node_modules/@testing-library/dom/dist/query-helpers.js:76:38
 ❯ node_modules/@testing-library/dom/dist/query-helpers.js:52:17
 ❯ node_modules/@testing-library/dom/dist/query-helpers.js:95:19
 ❯ src/components/__tests__/AdvancedFilters.test.tsx:475:16
    473| 
    474|       expect(
    475|         screen.getByPlaceholderText(/course name/i)
       |                ^
    476|       ).toBeInTheDocument();
    477|       expect(

⎯⎯⎯⎯⎯⎯⎯⎯⎯⎯⎯⎯⎯⎯⎯⎯⎯⎯⎯⎯⎯⎯[32/52]⎯

 FAIL  src/components/__tests__/AdvancedFilters.test.tsx > AdvancedFilters Component > Different Search Types > should show grade-specific filters for grades
TestingLibraryElementError: Unable to find an element with the placeholder text of: /min grade/i

Ignored nodes: comments, script, style
<body>
  <div>
    <div
      class="advanced-filters "
    >
      <button
        aria-expanded="true"
        aria-label="search.advanced.title"
        class="filter-toggle open"
      >
        <svg
          aria-hidden="true"
          class="toggle-icon"
          data-slot="icon"
          fill="none"
          role="img"
          stroke="currentColor"
          stroke-width="1.5"
          viewBox="0 0 24 24"
          xmlns="http://www.w3.org/2000/svg"
        >
          <path
            d="M12 3c2.755 0 5.455.232 8.083.678.533.09.917.556.917 1.096v1.044a2.25 2.25 0 0 1-.659 1.591l-5.432 5.432a2.25 2.25 0 0 0-.659 1.591v2.927a2.25 2.25 0 0 1-1.244 2.013L9.75 21v-6.568a2.25 2.25 0 0 0-.659-1.591L3.659 7.409A2.25 2.25 0 0 1 3 5.818V4.774c0-.54.384-1.006.917-1.096A48.32 48.32 0 0 1 12 3Z"
            stroke-linecap="round"
            stroke-linejoin="round"
          />
        </svg>
        search.advanced.title
      </button>
      <div
        aria-label="search.advanced.title"
        class="filter-panel"
        data-open="true"
        role="region"
      >
        <div
          class="filter-header"
        >
          <h3>
            search.filters.title
          </h3>
          <button
            aria-label="Close"
            class="close-button"
          >
            <svg
              aria-hidden="true"
              class="close-icon"
              data-slot="icon"
              fill="none"
              role="img"
              stroke="currentColor"
              stroke-width="1.5"
              viewBox="0 0 24 24"
              xmlns="http://www.w3.org/2000/svg"
            >
              <path
                d="M6 18 18 6M6 6l12 12"
                stroke-linecap="round"
                stroke-linejoin="round"
              />
            </svg>
          </button>
        </div>
        <div
          class="filter-section"
        >
          <h4>
            search.presets.title
          </h4>
          <div
            class="presets-list"
            data-presets="true"
          >
            <button
              class="preset-button"
            >
              search.presets.highGrades
            </button>
            <button
              class="preset-button"
            >
              search.presets.passingOnly
            </button>
            <button
              class="preset-button"
            >
              search.presets.failing
            </button>
          </div>
        </div>
        <div
          class="filter-section"
        >
          <h4>
            search.filters.custom
          </h4>
          <div
            class="filters-grid"
          >
            <div
              class="filter-group"
            >
              <label>
                search.fields.gradeMin
              </label>
              <input
                max="100"
                min="0"
                placeholder="search.fields.gradeMin"
                type="number"
                value=""
              />
            </div>
            <div
              class="filter-group"
            >
              <label>
                search.fields.gradeMax
              </label>
              <input
                max="100"
                min="0"
                placeholder="search.fields.gradeMax"
                type="number"
                value=""
              />
            </div>
            <div
              class="filter-group"
            >
              <label>
                search.fields.studentId
              </label>
              <input
                placeholder="search.fields.studentId"
                type="number"
                value=""
              />
            </div>
            <div
              class="filter-group"
            >
              <label>
                search.fields.courseId
              </label>
              <input
                placeholder="search.fields.courseId"
                type="number"
                value=""
              />
            </div>
          </div>
        </div>
        <div
          class="filter-actions"
        >
          <button
            class="apply-button"
            disabled=""
          >
            search.advanced.apply
          </button>
          <button
            class="reset-button"
          >
            <svg
              aria-hidden="true"
              class="reset-icon"
              data-slot="icon"
              fill="none"
              role="img"
              stroke="currentColor"
              stroke-width="1.5"
              viewBox="0 0 24 24"
              xmlns="http://www.w3.org/2000/svg"
            >
              <path
                d="M16.023 9.348h4.992v-.001M2.985 19.644v-4.992m0 0h4.992m-4.993 0 3.181 3.183a8.25 8.25 0 0 0 13.803-3.7M4.031 9.865a8.25 8.25 0 0 1 13.803-3.7l3.181 3.182m0-4.991v4.99"
                stroke-linecap="round"
                stroke-linejoin="round"
              />
            </svg>
            search.advanced.reset
          </button>
        </div>
      </div>
    </div>
  </div>
</body>
 ❯ Object.getElementError node_modules/@testing-library/dom/dist/config.js:37:19
 ❯ node_modules/@testing-library/dom/dist/query-helpers.js:76:38
 ❯ node_modules/@testing-library/dom/dist/query-helpers.js:52:17
 ❯ node_modules/@testing-library/dom/dist/query-helpers.js:95:19
 ❯ src/components/__tests__/AdvancedFilters.test.tsx:486:16
    484| 
    485|       expect(
    486|         screen.getByPlaceholderText(/min grade/i)
       |                ^
    487|       ).toBeInTheDocument();
    488|       expect(

⎯⎯⎯⎯⎯⎯⎯⎯⎯⎯⎯⎯⎯⎯⎯⎯⎯⎯⎯⎯⎯⎯[33/52]⎯

 FAIL  src/components/__tests__/AdvancedFilters.test.tsx > AdvancedFilters Component > Different Search Types > should switch filters when search type changes
TestingLibraryElementError: Unable to find an element with the placeholder text of: /first name/i

Ignored nodes: comments, script, style
<body>
  <div>
    <div
      class="advanced-filters "
    >
      <button
        aria-expanded="true"
        aria-label="search.advanced.title"
        class="filter-toggle open"
      >
        <svg
          aria-hidden="true"
          class="toggle-icon"
          data-slot="icon"
          fill="none"
          role="img"
          stroke="currentColor"
          stroke-width="1.5"
          viewBox="0 0 24 24"
          xmlns="http://www.w3.org/2000/svg"
        >
          <path
            d="M12 3c2.755 0 5.455.232 8.083.678.533.09.917.556.917 1.096v1.044a2.25 2.25 0 0 1-.659 1.591l-5.432 5.432a2.25 2.25 0 0 0-.659 1.591v2.927a2.25 2.25 0 0 1-1.244 2.013L9.75 21v-6.568a2.25 2.25 0 0 0-.659-1.591L3.659 7.409A2.25 2.25 0 0 1 3 5.818V4.774c0-.54.384-1.006.917-1.096A48.32 48.32 0 0 1 12 3Z"
            stroke-linecap="round"
            stroke-linejoin="round"
          />
        </svg>
        search.advanced.title
      </button>
      <div
        aria-label="search.advanced.title"
        class="filter-panel"
        data-open="true"
        role="region"
      >
        <div
          class="filter-header"
        >
          <h3>
            search.filters.title
          </h3>
          <button
            aria-label="Close"
            class="close-button"
          >
            <svg
              aria-hidden="true"
              class="close-icon"
              data-slot="icon"
              fill="none"
              role="img"
              stroke="currentColor"
              stroke-width="1.5"
              viewBox="0 0 24 24"
              xmlns="http://www.w3.org/2000/svg"
            >
              <path
                d="M6 18 18 6M6 6l12 12"
                stroke-linecap="round"
                stroke-linejoin="round"
              />
            </svg>
          </button>
        </div>
        <div
          class="filter-section"
        >
          <h4>
            search.presets.title
          </h4>
          <div
            class="presets-list"
            data-presets="true"
          >
            <button
              class="preset-button"
            >
              search.presets.activeStudents
            </button>
            <button
              class="preset-button"
            >
              search.presets.recentEnrollments
            </button>
          </div>
        </div>
        <div
          class="filter-section"
        >
          <h4>
            search.filters.custom
          </h4>
          <div
            class="filters-grid"
          >
            <div
              class="filter-group"
            >
              <label>
                search.fields.firstName
              </label>
              <input
                placeholder="search.fields.firstName"
                type="text"
                value=""
              />
            </div>
            <div
              class="filter-group"
            >
              <label>
                search.fields.lastName
              </label>
              <input
                placeholder="search.fields.lastName"
                type="text"
                value=""
              />
            </div>
            <div
              class="filter-group"
            >
              <label>
                search.fields.email
              </label>
              <input
                placeholder="search.fields.email"
                type="email"
                value=""
              />
            </div>
            <div
              class="filter-group"
            >
              <label>
                search.fields.academicYear
              </label>
              <input
                placeholder="2026"
                type="number"
                value=""
              />
            </div>
          </div>
        </div>
        <div
          class="filter-actions"
        >
          <button
            class="apply-button"
            disabled=""
          >
            search.advanced.apply
          </button>
          <button
            class="reset-button"
          >
            <svg
              aria-hidden="true"
              class="reset-icon"
              data-slot="icon"
              fill="none"
              role="img"
              stroke="currentColor"
              stroke-width="1.5"
              viewBox="0 0 24 24"
              xmlns="http://www.w3.org/2000/svg"
            >
              <path
                d="M16.023 9.348h4.992v-.001M2.985 19.644v-4.992m0 0h4.992m-4.993 0 3.181 3.183a8.25 8.25 0 0 0 13.803-3.7M4.031 9.865a8.25 8.25 0 0 1 13.803-3.7l3.181 3.182m0-4.991v4.99"
                stroke-linecap="round"
                stroke-linejoin="round"
              />
            </svg>
            search.advanced.reset
          </button>
        </div>
      </div>
    </div>
  </div>
</body>
 ❯ Object.getElementError node_modules/@testing-library/dom/dist/config.js:37:19
 ❯ node_modules/@testing-library/dom/dist/query-helpers.js:76:38
 ❯ node_modules/@testing-library/dom/dist/query-helpers.js:52:17
 ❯ node_modules/@testing-library/dom/dist/query-helpers.js:95:19
 ❯ src/components/__tests__/AdvancedFilters.test.tsx:498:21
    496|       });
    497| 
    498|       expect(screen.getByPlaceholderText(/first name/i)).toBeInTheDocu…
       |                     ^
    499| 
    500|       unmount();

⎯⎯⎯⎯⎯⎯⎯⎯⎯⎯⎯⎯⎯⎯⎯⎯⎯⎯⎯⎯⎯⎯[34/52]⎯

 FAIL  src/components/__tests__/SearchBar.test.tsx > SearchBar Component > Click-Outside Behavior > should close suggestions when clicking outside
Error: Unable to fire a "mousedown" event - please provide a DOM element.
 ❯ createEvent node_modules/@testing-library/dom/dist/events.js:27:11
 ❯ Function.createEvent.<computed> [as mouseDown] node_modules/@testing-library/dom/dist/events.js:106:38
 ❯ Function.fireEvent.<computed> [as mouseDown] node_modules/@testing-library/dom/dist/events.js:110:68
 ❯ Function.fireEvent.<computed> [as mouseDown] node_modules/@testing-library/react/dist/fire-event.js:15:52
 ❯ src/components/__tests__/SearchBar.test.tsx:431:17
    429| 
    430|       // Click outside
    431|       fireEvent.mouseDown(container.querySelector('body')!);
       |                 ^
    432| 
    433|       await waitFor(() => {

⎯⎯⎯⎯⎯⎯⎯⎯⎯⎯⎯⎯⎯⎯⎯⎯⎯⎯⎯⎯⎯⎯[35/52]⎯

 FAIL  src/components/__tests__/SearchResults.test.tsx > SearchResults Component > Rendering Results > should render table headers
TestingLibraryElementError: Found multiple elements with the text: /type|result type/i

Here are the matching elements:

Ignored nodes: comments, script, style
<th
  scope="col"
>
  Type
</th>

Ignored nodes: comments, script, style
<span
  class="type-badge type-student"
>
  search.type.student
</span>

Ignored nodes: comments, script, style
<span
  class="type-badge type-course"
>
  search.type.course
</span>

Ignored nodes: comments, script, style
<span
  class="type-badge type-grade"
>
  search.type.grade
</span>

(If this is intentional, then use the `*AllBy*` variant of the query (like `queryAllByText`, `getAllByText`, or `findAllByText`)).

Ignored nodes: comments, script, style
<body>
  <div>
    <div
      class="search-results "
    >
      <div
        class="results-container"
      >
        <div
          class="results-header"
        >
          <h3>
            Results
            <span
              class="result-count"
            >
              (
              3
              )
            </span>
          </h3>
        </div>
        <div
          class="results-table-wrapper"
        >
          <table
            class="results-table"
          >
            <thead>
              <tr>
                <th
                  aria-label="Icon"
                  scope="col"
                />
                <th
                  scope="col"
                >
                  Name
                </th>
                <th
                  scope="col"
                >
                  Type
                </th>
                <th
                  scope="col"
                >
                  Value
                </th>
              </tr>
            </thead>
            <tbody>
              <tr
                class="result-row"
              >
                <td
                  class="result-icon"
                >
                  <span
                    aria-label="search.type.student"
                    class="icon"
                    role="img"
                  >
                    👤
                  </span>
                </td>
                <td
                  class="result-main"
                >
                  <div
                    class="result-name"
                  >
                    John Doe
                  </div>
                  <div
                    class="result-secondary"
                  >
                    john@example.com
                  </div>
                </td>
                <td
                  class="result-type"
                >
                  <span
                    class="type-badge type-student"
                  >
                    search.type.student
                  </span>
                </td>
                <td
                  class="result-value"
                />
              </tr>
              <tr
                class="result-row"
              >
                <td
                  class="result-icon"
                >
                  <span
                    aria-label="search.type.course"
                    class="icon"
                    role="img"
                  >
                    📚
                  </span>
                </td>
                <td
                  class="result-main"
                >
                  <div
                    class="result-name"
                  >
                    Mathematics
                  </div>
                  <div
                    class="result-secondary"
                  >
                    MATH101
                  </div>
                </td>
                <td
                  class="result-type"
                >
                  <span
                    class="type-badge type-course"
                  >
                    search.type.course
                  </span>
                </td>
                <td
                  class="result-value"
                />
              </tr>
              <tr
                class="result-row"
              >
                <td
                  class="result-icon"
                >
                  <span
                    aria-label="search.type.grade"
                    class="icon"
                    role="img"
                  >
                    📊
                  </span>
                </td>
                <td
                  class="result-main"
                >
                  <div
                    class="result-name"
                  >
                    Grade A
                  </div>
                  <div
                    class="result-secondary"
                  >
                    95/100
                  </div>
                </td>
                <td
                  class="result-type"
                >
                  <span
                    class="type-badge type-grade"
                  >
                    search.type.grade
                  </span>
                </td>
                <td
                  class="result-value"
                >
                  <span
                    class="grade-value"
                  >
                    95.0
                  </span>
                </td>
              </tr>
            </tbody>
          </table>
        </div>
      </div>
    </div>
  </div>
</body>
 ❯ Object.getElementError node_modules/@testing-library/dom/dist/config.js:37:19
 ❯ getElementError node_modules/@testing-library/dom/dist/query-helpers.js:20:35
 ❯ getMultipleElementsFoundError node_modules/@testing-library/dom/dist/query-helpers.js:23:10
 ❯ node_modules/@testing-library/dom/dist/query-helpers.js:55:13
 ❯ node_modules/@testing-library/dom/dist/query-helpers.js:95:19
 ❯ src/components/__tests__/SearchResults.test.tsx:102:21
    100| 
    101|       expect(screen.getByText(/name|title/i)).toBeInTheDocument();
    102|       expect(screen.getByText(/type|result type/i)).toBeInTheDocument(…
       |                     ^
    103|     });
    104| 

⎯⎯⎯⎯⎯⎯⎯⎯⎯⎯⎯⎯⎯⎯⎯⎯⎯⎯⎯⎯⎯⎯[36/52]⎯

 FAIL  src/components/__tests__/SearchResults.test.tsx > SearchResults Component > Pagination > should disable Previous button on first page
Error: expect(element).toBeDisabled()

Received element is not disabled:
  <button
  aria-label="Previous"
  class="pagination-button"
/>
 ❯ src/components/__tests__/SearchResults.test.tsx:285:28
    283|       const prevButton = screen.queryByRole('button', { name: /previou…
    284|       if (prevButton) {
    285|         expect(prevButton).toBeDisabled();
       |                            ^
    286|       }
    287|     });

⎯⎯⎯⎯⎯⎯⎯⎯⎯⎯⎯⎯⎯⎯⎯⎯⎯⎯⎯⎯⎯⎯[37/52]⎯

 FAIL  src/components/__tests__/SearchResults.test.tsx > SearchResults Component > Click Handlers > should highlight row on hover
Error: expect(element).toHaveClass("hover")

Expected the element to have class:
  hover
Received:
  result-row
 ❯ src/components/__tests__/SearchResults.test.tsx:413:24
    411| 
    412|       await user.hover(firstRow);
    413|       expect(firstRow).toHaveClass('hover');
       |                        ^
    414|     });
    415|   });

⎯⎯⎯⎯⎯⎯⎯⎯⎯⎯⎯⎯⎯⎯⎯⎯⎯⎯⎯⎯⎯⎯[38/52]⎯

 FAIL  src/hooks/__tests__/useNotifications.test.ts > useNotifications Hook > fetchNotifications > should handle fetch errors
AssertionError: expected null not to be null
 ❯ src/hooks/__tests__/useNotifications.test.ts:136:40
    134|       });
    135| 
    136|       expect(result.current.error).not.toBeNull();
       |                                        ^
    137|     });
    138| 

⎯⎯⎯⎯⎯⎯⎯⎯⎯⎯⎯⎯⎯⎯⎯⎯⎯⎯⎯⎯⎯⎯[39/52]⎯

 FAIL  src/hooks/__tests__/useNotifications.test.ts > useNotifications Hook > WebSocket Integration > should have proper cleanup on unmount
AssertionError: expected "vi.fn()" to be called at least once
 ❯ src/hooks/__tests__/useNotifications.test.ts:446:30
    444|       unmount();
    445| 
    446|       expect(mockSocket.off).toHaveBeenCalled();
       |                              ^
    447|     });
    448|   });

⎯⎯⎯⎯⎯⎯⎯⎯⎯⎯⎯⎯⎯⎯⎯⎯⎯⎯⎯⎯⎯⎯[40/52]⎯

 FAIL  src/hooks/__tests__/useSearch.test.ts > useSearch Hook > Search Method > should support pagination
AssertionError: expected "vi.fn()" to be called with arguments: [ StringContaining "page=2" ]

Received: 

  1st vi.fn() call:

  [
-   StringContaining "page=2",
+   "/search/statistics",
  ]

  2nd vi.fn() call:

  [
-   StringContaining "page=2",
+   "/search/students",
+   {
+     "params": {
+       "limit": 20,
+       "offset": 40,
+       "q": "John",
+     },
+   },
  ]


Number of calls: 2

 ❯ src/hooks/__tests__/useSearch.test.ts:142:29
    140|       });
    141| 
    142|       expect(apiClient.get).toHaveBeenCalledWith(
       |                             ^
    143|         expect.stringContaining('page=2')
    144|       );

⎯⎯⎯⎯⎯⎯⎯⎯⎯⎯⎯⎯⎯⎯⎯⎯⎯⎯⎯⎯⎯⎯[41/52]⎯

 FAIL  src/hooks/__tests__/useSearch.test.ts > useSearch Hook > Load More > should load more results for search
AssertionError: expected [ { id: 2, first_name: 'Jane' } ] to deeply equal [ { id: 1, first_name: 'John' } ]

- Expected
+ Received

  [
    {
-     "first_name": "John",
-     "id": 1,
+     "first_name": "Jane",
+     "id": 2,
    },
  ]

 ❯ src/hooks/__tests__/useSearch.test.ts:292:38
    290|       });
    291| 
    292|       expect(result.current.results).toEqual(mockResults1);
       |                                      ^
    293| 
    294|       await act(async () => {

⎯⎯⎯⎯⎯⎯⎯⎯⎯⎯⎯⎯⎯⎯⎯⎯⎯⎯⎯⎯⎯⎯[42/52]⎯

 FAIL  src/i18n/__tests__/translations.test.ts > Translation Integrity > Key Parity > should have the same top-level keys in EN and EL
AssertionError: expected [ '0', '1', '2', '3', '4', …(1382) ] to deeply equal [ '0', '1', '2', '3', '4', …(1385) ]

- Expected
+ Received

@@ -3,13 +3,10 @@
    "1",
    "2",
    "3",
    "4",
    "5",
-   "6",
-   "7",
-   "8",
    "absencePenalty",
    "absencePenaltyApplied",
    "absencePenaltyHelp",
    "absencePenaltyPlaceholder",
    "absenceSelectionCleared",

 ❯ src/i18n/__tests__/translations.test.ts:20:22
     18|       const elKeys = Object.keys(translations.el).sort();
     19| 
     20|       expect(enKeys).toEqual(elKeys);
       |                      ^
     21|     });
     22| 

⎯⎯⎯⎯⎯⎯⎯⎯⎯⎯⎯⎯⎯⎯⎯⎯⎯⎯⎯⎯⎯⎯[43/52]⎯

 FAIL  src/i18n/__tests__/translations.test.ts > Translation Integrity > Structure Consistency > should have matching nested structure in EN and EL
AssertionError: Keys in EL but missing in EN: 6, 7, 8: expected [ '6', '7', '8' ] to deeply equal []

- Expected
+ Received

- []
+ [
+   "6",
+   "7",
+   "8",
+ ]

 ❯ src/i18n/__tests__/translations.test.ts:90:86
     88| 
     89|       expect(missingInEl, `Keys in EN but missing in EL: ${missingInEl…
     90|       expect(missingInEn, `Keys in EL but missing in EN: ${missingInEn…
       |                                                                                      ^
     91|     });
     92|   });

⎯⎯⎯⎯⎯⎯⎯⎯⎯⎯⎯⎯⎯⎯⎯⎯⎯⎯⎯⎯⎯⎯[44/52]⎯

 FAIL  src/features/analytics/hooks/__tests__/useAnalytics.test.ts > useAnalytics Hook > fetches student analytics data
AssertionError: expected undefined to deeply equal { overall_average: 85, …(2) }

- Expected: 
{
  "courses": {},
  "overall_average": 85,
  "period_days": 30,
}

+ Received: 
undefined

 ❯ src/features/analytics/hooks/__tests__/useAnalytics.test.ts:55:40
     53|     });
     54| 
     55|     expect(result.current.performance).toEqual(performanceData);
       |                                        ^
     56|     expect(result.current.trends).toEqual(trendsData);
     57|     expect(result.current.attendance).toEqual(attendanceData);

⎯⎯⎯⎯⎯⎯⎯⎯⎯⎯⎯⎯⎯⎯⎯⎯⎯⎯⎯⎯⎯⎯[45/52]⎯

 FAIL  src/features/analytics/hooks/__tests__/useAnalytics.test.ts > useAnalytics Hook > fetches course analytics data
AssertionError: expected undefined to deeply equal { …(3) }

- Expected: 
{
  "average_percentage": 85,
  "distribution": {
    "A (90-100%)": 5,
  },
  "total_grades": 20,
}

+ Received: 
undefined

 ❯ src/features/analytics/hooks/__tests__/useAnalytics.test.ts:76:46
     74|     });
     75| 
     76|     expect(result.current.gradeDistribution).toEqual(distributionData);
       |                                              ^
     77|   });
     78| 

⎯⎯⎯⎯⎯⎯⎯⎯⎯⎯⎯⎯⎯⎯⎯⎯⎯⎯⎯⎯⎯⎯[46/52]⎯

 FAIL  src/features/analytics/hooks/__tests__/useAnalytics.test.ts > useAnalytics Hook > handles error when fetching fails
AssertionError: expected null not to be null // Object.is equality
 ❯ src/features/analytics/hooks/__tests__/useAnalytics.test.ts:89:38
     87|     });
     88| 
     89|     expect(result.current.error).not.toBe(null);
       |                                      ^
     90|     expect(result.current.error?.code).toBe("FETCH_ERROR");
     91|   });

⎯⎯⎯⎯⎯⎯⎯⎯⎯⎯⎯⎯⎯⎯⎯⎯⎯⎯⎯⎯⎯⎯[47/52]⎯

 FAIL  src/features/analytics/hooks/__tests__/useAnalytics.test.ts > useAnalytics Hook > provides refetch function
AssertionError: expected "vi.fn()" to be called 4 times, but got 6 times
 ❯ src/features/analytics/hooks/__tests__/useAnalytics.test.ts:119:21
    117| 
    118|     // Should call the API again
    119|     expect(mockGet).toHaveBeenCalledTimes(4); // 3 initial + 1 refetch
       |                     ^
    120|   });
    121| 

⎯⎯⎯⎯⎯⎯⎯⎯⎯⎯⎯⎯⎯⎯⎯⎯⎯⎯⎯⎯⎯⎯[48/52]⎯

 FAIL  src/features/analytics/hooks/__tests__/useAnalytics.test.ts > useAnalytics Hook > combines student and course analytics when both IDs provided
AssertionError: expected undefined to deeply equal { overall_average: 85, …(2) }

- Expected: 
{
  "courses": {},
  "overall_average": 85,
  "period_days": 30,
}

+ Received: 
undefined

 ❯ src/features/analytics/hooks/__tests__/useAnalytics.test.ts:140:40
    138|     });
    139| 
    140|     expect(result.current.performance).toEqual(perfData);
       |                                        ^
    141|     expect(result.current.trends).toEqual(trendsData);
    142|     expect(result.current.attendance).toEqual(attendanceData);

⎯⎯⎯⎯⎯⎯⎯⎯⎯⎯⎯⎯⎯⎯⎯⎯⎯⎯⎯⎯⎯⎯[49/52]⎯

 FAIL  src/features/analytics/hooks/__tests__/useAnalytics.test.ts > useAnalytics Hook > handles partial data loading
AssertionError: expected undefined to deeply equal { overall_average: 85, …(2) }

- Expected: 
{
  "courses": {},
  "overall_average": 85,
  "period_days": 30,
}

+ Received: 
undefined

 ❯ src/features/analytics/hooks/__tests__/useAnalytics.test.ts:160:40
    158|     });
    159| 
    160|     expect(result.current.performance).toEqual(perfData);
       |                                        ^
    161|     expect(result.current.trends).toBe(null);
    162|     expect(result.current.attendance).toBe(null);

⎯⎯⎯⎯⎯⎯⎯⎯⎯⎯⎯⎯⎯⎯⎯⎯⎯⎯⎯⎯⎯⎯[50/52]⎯

 FAIL  src/features/analytics/components/__tests__/AnalyticsDashboard.test.tsx > AnalyticsDashboard > renders loading state
TestingLibraryElementError: Found multiple elements with the text: /Loading/i

Here are the matching elements:

Ignored nodes: comments, script, style
<button
  class="refresh-button"
  disabled=""
>
  Loading
</button>

Ignored nodes: comments, script, style
<div
  class="loading-spinner"
>
  Loading
  ...
</div>

(If this is intentional, then use the `*AllBy*` variant of the query (like `queryAllByText`, `getAllByText`, or `findAllByText`)).

Ignored nodes: comments, script, style
<body>
  <div>
    <div
      class="analytics-dashboard"
    >
      <div
        class="dashboard-header"
      >
        <h1>
          Analytics Dashboard
        </h1>
        <button
          class="refresh-button"
          disabled=""
        >
          Loading
        </button>
      </div>
      <div
        class="loading-spinner"
      >
        Loading
        ...
      </div>
    </div>
  </div>
</body>
 ❯ Object.getElementError node_modules/@testing-library/dom/dist/config.js:37:19
 ❯ getElementError node_modules/@testing-library/dom/dist/query-helpers.js:20:35
 ❯ getMultipleElementsFoundError node_modules/@testing-library/dom/dist/query-helpers.js:23:10
 ❯ node_modules/@testing-library/dom/dist/query-helpers.js:55:13
 ❯ node_modules/@testing-library/dom/dist/query-helpers.js:95:19
 ❯ src/features/analytics/components/__tests__/AnalyticsDashboard.test.tsx:128:35
    126| 
    127|     // Look for the loading spinner (not the refresh button which also…
    128|     const loadingSpinner = screen.getByText(/Loading/i).closest('.load…
       |                                   ^
    129|     expect(loadingSpinner).toBeInTheDocument();
    130|   });

⎯⎯⎯⎯⎯⎯⎯⎯⎯⎯⎯⎯⎯⎯⎯⎯⎯⎯⎯⎯⎯⎯[51/52]⎯

 FAIL  src/features/analytics/components/__tests__/AnalyticsDashboard.test.tsx > AnalyticsDashboard > handles refresh button click
AssertionError: expected "vi.fn()" to be called at least once
 ❯ src/features/analytics/components/__tests__/AnalyticsDashboard.test.tsx:214:25
    212|     await user.click(refreshButton);
    213| 
    214|     expect(mockRefetch).toHaveBeenCalled();
       |                         ^
    215|   });
    216| 

⎯⎯⎯⎯⎯⎯⎯⎯⎯⎯⎯⎯⎯⎯⎯⎯⎯⎯⎯⎯⎯⎯[52/52]⎯


[2m Test Files [22m [1m[31m10 failed[39m[22m[2m | [22m[1m[32m3 passed[39m[22m[2m | [22m[33m1 skipped[39m[90m (76)[39m
[2m      Tests [22m [1m[31m52 failed[39m[22m[2m | [22m[1m[32m182 passed[39m[22m[90m (303)[39m
[2m   Start at [22m 14:17:45
[2m   Duration [22m 19.99s

[1m[41m FAIL [49m[22m [31mTests failed. Watching for file changes...[39m
       [2mpress [22m[1mh[22m[2m to show help[22m[2m, [22m[2mpress [22m[1mq[22m[2m to quit[22m
c[3J[1m[44m RERUN [49m[22m [34m[2mrerun all tests [22m[39m

[90mstdout[2m | src/features/analytics/hooks/__tests__/useAnalytics.test.ts
[22m[39m[i18n] Initialized with English
[i18n] Found search translation keys: [ [32m'0'[39m, [32m'1'[39m, [32m'2'[39m, [32m'3'[39m, [32m'4'[39m, [32m'5'[39m ]

[90mstdout[2m | src/components/__tests__/SearchResults.test.tsx
[22m[39m[i18n] Initialized with English
[i18n] Found search translation keys: [ [32m'0'[39m, [32m'1'[39m, [32m'2'[39m, [32m'3'[39m, [32m'4'[39m, [32m'5'[39m ]

[90mstdout[2m | src/components/__tests__/AdvancedFilters.test.tsx
[22m[39m[i18n] Initialized with English
[i18n] Found search translation keys: [ [32m'0'[39m, [32m'1'[39m, [32m'2'[39m, [32m'3'[39m, [32m'4'[39m, [32m'5'[39m ]

[90mstdout[2m | src/components/__tests__/SearchBar.test.tsx
[22m[39m[i18n] Initialized with English
[i18n] Found search translation keys: [ [32m'0'[39m, [32m'1'[39m, [32m'2'[39m, [32m'3'[39m, [32m'4'[39m, [32m'5'[39m ]

stderr | src/features/analytics/hooks/__tests__/useAnalytics.test.ts > useAnalytics Hook > returns initial state with loading true
An update to TestComponent inside a test was not wrapped in act(...).

When testing, code that causes React state updates should be wrapped into act(...):

act(() => {
  /* fire events that update state */
});
/* assert on the output */

This ensures that you're testing the behavior the user would see in the browser. Learn more at https://react.dev/link/wrap-tests-with-act
An update to TestComponent inside a test was not wrapped in act(...).

When testing, code that causes React state updates should be wrapped into act(...):

act(() => {
  /* fire events that update state */
});
/* assert on the output */

This ensures that you're testing the behavior the user would see in the browser. Learn more at https://react.dev/link/wrap-tests-with-act
An update to TestComponent inside a test was not wrapped in act(...).

When testing, code that causes React state updates should be wrapped into act(...):

act(() => {
  /* fire events that update state */
});
/* assert on the output */

This ensures that you're testing the behavior the user would see in the browser. Learn more at https://react.dev/link/wrap-tests-with-act

stderr | src/features/analytics/hooks/__tests__/useAnalytics.test.ts > useAnalytics Hook > returns initial state with loading true
An update to TestComponent inside a test was not wrapped in act(...).

When testing, code that causes React state updates should be wrapped into act(...):

act(() => {
  /* fire events that update state */
});
/* assert on the output */

This ensures that you're testing the behavior the user would see in the browser. Learn more at https://react.dev/link/wrap-tests-with-act

stderr | src/features/analytics/hooks/__tests__/useAnalytics.test.ts > useAnalytics Hook > handles error when fetching fails
Error fetching performance: Error: Network error
    at D:/SMS/student-management-system/frontend/src/features/analytics/hooks/__tests__/useAnalytics.test.ts:80:19
    at file:///D:/SMS/student-management-system/frontend/node_modules/@vitest/runner/dist/index.js:145:11
    at file:///D:/SMS/student-management-system/frontend/node_modules/@vitest/runner/dist/index.js:915:26
    at file:///D:/SMS/student-management-system/frontend/node_modules/@vitest/runner/dist/index.js:1243:20
    at new Promise (<anonymous>)
    at runWithTimeout (file:///D:/SMS/student-management-system/frontend/node_modules/@vitest/runner/dist/index.js:1209:10)
    at file:///D:/SMS/student-management-system/frontend/node_modules/@vitest/runner/dist/index.js:1653:37
    at Traces.$ (file:///D:/SMS/student-management-system/frontend/node_modules/vitest/dist/chunks/traces.U4xDYhzZ.js:115:27)
    at trace (file:///D:/SMS/student-management-system/frontend/node_modules/vitest/dist/chunks/test.B8ej_ZHS.js:239:21)
    at runTest (file:///D:/SMS/student-management-system/frontend/node_modules/@vitest/runner/dist/index.js:1653:12)
Error fetching trends: Error: Network error
    at D:/SMS/student-management-system/frontend/src/features/analytics/hooks/__tests__/useAnalytics.test.ts:80:19
    at file:///D:/SMS/student-management-system/frontend/node_modules/@vitest/runner/dist/index.js:145:11
    at file:///D:/SMS/student-management-system/frontend/node_modules/@vitest/runner/dist/index.js:915:26
    at file:///D:/SMS/student-management-system/frontend/node_modules/@vitest/runner/dist/index.js:1243:20
    at new Promise (<anonymous>)
    at runWithTimeout (file:///D:/SMS/student-management-system/frontend/node_modules/@vitest/runner/dist/index.js:1209:10)
    at file:///D:/SMS/student-management-system/frontend/node_modules/@vitest/runner/dist/index.js:1653:37
    at Traces.$ (file:///D:/SMS/student-management-system/frontend/node_modules/vitest/dist/chunks/traces.U4xDYhzZ.js:115:27)
    at trace (file:///D:/SMS/student-management-system/frontend/node_modules/vitest/dist/chunks/test.B8ej_ZHS.js:239:21)
    at runTest (file:///D:/SMS/student-management-system/frontend/node_modules/@vitest/runner/dist/index.js:1653:12)
Error fetching attendance: Error: Network error
    at D:/SMS/student-management-system/frontend/src/features/analytics/hooks/__tests__/useAnalytics.test.ts:80:19
    at file:///D:/SMS/student-management-system/frontend/node_modules/@vitest/runner/dist/index.js:145:11
    at file:///D:/SMS/student-management-system/frontend/node_modules/@vitest/runner/dist/index.js:915:26
    at file:///D:/SMS/student-management-system/frontend/node_modules/@vitest/runner/dist/index.js:1243:20
    at new Promise (<anonymous>)
    at runWithTimeout (file:///D:/SMS/student-management-system/frontend/node_modules/@vitest/runner/dist/index.js:1209:10)
    at file:///D:/SMS/student-management-system/frontend/node_modules/@vitest/runner/dist/index.js:1653:37
    at Traces.$ (file:///D:/SMS/student-management-system/frontend/node_modules/vitest/dist/chunks/traces.U4xDYhzZ.js:115:27)
    at trace (file:///D:/SMS/student-management-system/frontend/node_modules/vitest/dist/chunks/test.B8ej_ZHS.js:239:21)
    at runTest (file:///D:/SMS/student-management-system/frontend/node_modules/@vitest/runner/dist/index.js:1653:12)

stderr | src/features/analytics/hooks/__tests__/useAnalytics.test.ts > useAnalytics Hook > provides refetch function
An update to TestComponent inside a test was not wrapped in act(...).

When testing, code that causes React state updates should be wrapped into act(...):

act(() => {
  /* fire events that update state */
});
/* assert on the output */

This ensures that you're testing the behavior the user would see in the browser. Learn more at https://react.dev/link/wrap-tests-with-act
An update to TestComponent inside a test was not wrapped in act(...).

When testing, code that causes React state updates should be wrapped into act(...):

act(() => {
  /* fire events that update state */
});
/* assert on the output */

This ensures that you're testing the behavior the user would see in the browser. Learn more at https://react.dev/link/wrap-tests-with-act

stderr | src/features/analytics/hooks/__tests__/useAnalytics.test.ts > useAnalytics Hook > provides refetch function
An update to TestComponent inside a test was not wrapped in act(...).

When testing, code that causes React state updates should be wrapped into act(...):

act(() => {
  /* fire events that update state */
});
/* assert on the output */

This ensures that you're testing the behavior the user would see in the browser. Learn more at https://react.dev/link/wrap-tests-with-act
An update to TestComponent inside a test was not wrapped in act(...).

When testing, code that causes React state updates should be wrapped into act(...):

act(() => {
  /* fire events that update state */
});
/* assert on the output */

This ensures that you're testing the behavior the user would see in the browser. Learn more at https://react.dev/link/wrap-tests-with-act
An update to TestComponent inside a test was not wrapped in act(...).

When testing, code that causes React state updates should be wrapped into act(...):

act(() => {
  /* fire events that update state */
});
/* assert on the output */

This ensures that you're testing the behavior the user would see in the browser. Learn more at https://react.dev/link/wrap-tests-with-act

stderr | src/features/analytics/hooks/__tests__/useAnalytics.test.ts > useAnalytics Hook > provides refetch function
An update to TestComponent inside a test was not wrapped in act(...).

When testing, code that causes React state updates should be wrapped into act(...):

act(() => {
  /* fire events that update state */
});
/* assert on the output */

This ensures that you're testing the behavior the user would see in the browser. Learn more at https://react.dev/link/wrap-tests-with-act

stderr | src/features/analytics/hooks/__tests__/useAnalytics.test.ts > useAnalytics Hook > handles partial data loading
Error fetching trends: Error: Trends API down
    at D:/SMS/student-management-system/frontend/src/features/analytics/hooks/__tests__/useAnalytics.test.ts:151:30
    at file:///D:/SMS/student-management-system/frontend/node_modules/@vitest/runner/dist/index.js:145:11
    at file:///D:/SMS/student-management-system/frontend/node_modules/@vitest/runner/dist/index.js:915:26
    at file:///D:/SMS/student-management-system/frontend/node_modules/@vitest/runner/dist/index.js:1243:20
    at new Promise (<anonymous>)
    at runWithTimeout (file:///D:/SMS/student-management-system/frontend/node_modules/@vitest/runner/dist/index.js:1209:10)
    at file:///D:/SMS/student-management-system/frontend/node_modules/@vitest/runner/dist/index.js:1653:37
    at Traces.$ (file:///D:/SMS/student-management-system/frontend/node_modules/vitest/dist/chunks/traces.U4xDYhzZ.js:115:27)
    at trace (file:///D:/SMS/student-management-system/frontend/node_modules/vitest/dist/chunks/test.B8ej_ZHS.js:239:21)
    at runTest (file:///D:/SMS/student-management-system/frontend/node_modules/@vitest/runner/dist/index.js:1653:12)
Error fetching attendance: Error: Attendance API down
    at D:/SMS/student-management-system/frontend/src/features/analytics/hooks/__tests__/useAnalytics.test.ts:152:30
    at file:///D:/SMS/student-management-system/frontend/node_modules/@vitest/runner/dist/index.js:145:11
    at file:///D:/SMS/student-management-system/frontend/node_modules/@vitest/runner/dist/index.js:915:26
    at file:///D:/SMS/student-management-system/frontend/node_modules/@vitest/runner/dist/index.js:1243:20
    at new Promise (<anonymous>)
    at runWithTimeout (file:///D:/SMS/student-management-system/frontend/node_modules/@vitest/runner/dist/index.js:1209:10)
    at file:///D:/SMS/student-management-system/frontend/node_modules/@vitest/runner/dist/index.js:1653:37
    at Traces.$ (file:///D:/SMS/student-management-system/frontend/node_modules/vitest/dist/chunks/traces.U4xDYhzZ.js:115:27)
    at trace (file:///D:/SMS/student-management-system/frontend/node_modules/vitest/dist/chunks/test.B8ej_ZHS.js:239:21)
    at runTest (file:///D:/SMS/student-management-system/frontend/node_modules/@vitest/runner/dist/index.js:1653:12)

 [31m❯[39m src/features/analytics/hooks/__tests__/useAnalytics.test.ts [2m([22m[2m8 tests[22m[2m | [22m[31m6 failed[39m[2m)[22m[33m 473[2mms[22m[39m
     [32m✓[39m returns initial state with loading true[32m 11[2mms[22m[39m
[31m     [31m×[31m fetches student analytics data[39m[32m 56[2mms[22m[39m
[31m     [31m×[31m fetches course analytics data[39m[32m 77[2mms[22m[39m
[31m     [31m×[31m handles error when fetching fails[39m[32m 77[2mms[22m[39m
     [32m✓[39m returns error when neither studentId nor courseId provided[32m 16[2mms[22m[39m
[31m     [31m×[31m provides refetch function[39m[32m 79[2mms[22m[39m
[31m     [31m×[31m combines student and course analytics when both IDs provided[39m[32m 78[2mms[22m[39m
[31m     [31m×[31m handles partial data loading[39m[32m 78[2mms[22m[39m
 [31m❯[39m src/components/__tests__/SearchResults.test.tsx [2m([22m[2m37 tests[22m[2m | [22m[31m3 failed[39m[2m)[22m[33m 525[2mms[22m[39m
       [32m✓[39m should render results table[32m 28[2mms[22m[39m
[31m       [31m×[31m should render table headers[39m[32m 20[2mms[22m[39m
       [32m✓[39m should render all results in rows[32m 7[2mms[22m[39m
       [32m✓[39m should display secondary info for each result[32m 6[2mms[22m[39m
       [32m✓[39m should display result type badges[32m 4[2mms[22m[39m
       [32m✓[39m should display type icons[32m 4[2mms[22m[39m
       [32m✓[39m should display empty message when no results[32m 2[2mms[22m[39m
       [32m✓[39m should display helpful text in empty state[32m 1[2mms[22m[39m
       [32m✓[39m should hide table when no results[32m 2[2mms[22m[39m
       [32m✓[39m should display loading spinner[32m 73[2mms[22m[39m
       [32m✓[39m should display loading message[32m 2[2mms[22m[39m
       [32m✓[39m should hide results during loading[32m 5[2mms[22m[39m
       [32m✓[39m should display error message[32m 9[2mms[22m[39m
       [32m✓[39m should display error icon[32m 2[2mms[22m[39m
       [32m✓[39m should hide results when error occurs[32m 2[2mms[22m[39m
       [32m✓[39m should display retry suggestion in error[32m 4[2mms[22m[39m
       [32m✓[39m should display pagination info[32m 5[2mms[22m[39m
       [32m✓[39m should display Previous button when not on first page[32m 25[2mms[22m[39m
[31m       [31m×[31m should disable Previous button on first page[39m[32m 34[2mms[22m[39m
       [32m✓[39m should display Next button when hasMore is true[32m 18[2mms[22m[39m
       [32m✓[39m should disable Next button when hasMore is false[32m 3[2mms[22m[39m
       [32m✓[39m should call onLoadMore when Next button clicked[32m 67[2mms[22m[39m
       [32m✓[39m should display student results correctly[32m 3[2mms[22m[39m
       [32m✓[39m should display course results correctly[32m 3[2mms[22m[39m
       [32m✓[39m should display grade results correctly[32m 3[2mms[22m[39m
       [32m✓[39m should display correct badge color per type[32m 3[2mms[22m[39m
       [32m✓[39m should call onResultClick when result clicked[32m 52[2mms[22m[39m
[31m       [31m×[31m should highlight row on hover[39m[32m 48[2mms[22m[39m
       [32m✓[39m should handle results with missing secondary_info[32m 3[2mms[22m[39m
       [32m✓[39m should handle very long result names[32m 2[2mms[22m[39m
       [32m✓[39m should handle results with special characters[32m 2[2mms[22m[39m
       [32m✓[39m should have semantic table structure[32m 3[2mms[22m[39m
       [32m✓[39m should have proper table headers with scope[32m 3[2mms[22m[39m
       [32m✓[39m should have ARIA labels for icon buttons[32m 4[2mms[22m[39m
       [32m✓[39m should be keyboard navigable[32m 55[2mms[22m[39m
       [32m✓[39m should accept custom pageSize prop[32m 4[2mms[22m[39m
       [32m✓[39m should display correct result count per page[32m 11[2mms[22m[39m
[90mstdout[2m | src/hooks/__tests__/useSearch.test.ts
[22m[39m[i18n] Initialized with English
[i18n] Found search translation keys: [ [32m'0'[39m, [32m'1'[39m, [32m'2'[39m, [32m'3'[39m, [32m'4'[39m, [32m'5'[39m ]

stderr | src/hooks/__tests__/useSearch.test.ts > useSearch Hook > Initialization > should support all search types
An update to TestComponent inside a test was not wrapped in act(...).

When testing, code that causes React state updates should be wrapped into act(...):

act(() => {
  /* fire events that update state */
});
/* assert on the output */

This ensures that you're testing the behavior the user would see in the browser. Learn more at https://react.dev/link/wrap-tests-with-act
An update to TestComponent inside a test was not wrapped in act(...).

When testing, code that causes React state updates should be wrapped into act(...):

act(() => {
  /* fire events that update state */
});
/* assert on the output */

This ensures that you're testing the behavior the user would see in the browser. Learn more at https://react.dev/link/wrap-tests-with-act
An update to TestComponent inside a test was not wrapped in act(...).

When testing, code that causes React state updates should be wrapped into act(...):

act(() => {
  /* fire events that update state */
});
/* assert on the output */

This ensures that you're testing the behavior the user would see in the browser. Learn more at https://react.dev/link/wrap-tests-with-act

[90mstdout[2m | src/features/analytics/components/__tests__/AnalyticsDashboard.test.tsx
[22m[39m[i18n] Initialized with English
[i18n] Found search translation keys: [ [32m'0'[39m, [32m'1'[39m, [32m'2'[39m, [32m'3'[39m, [32m'4'[39m, [32m'5'[39m ]

 [31m❯[39m src/hooks/__tests__/useSearch.test.ts [2m([22m[2m20 tests[22m[2m | [22m[31m2 failed[39m[2m)[22m[33m 366[2mms[22m[39m
       [32m✓[39m should initialize with default state[32m 12[2mms[22m[39m
       [32m✓[39m should load statistics on mount[32m 4[2mms[22m[39m
       [32m✓[39m should support all search types[32m 4[2mms[22m[39m
       [32m✓[39m should perform basic search[32m 3[2mms[22m[39m
       [32m✓[39m should set loading state during search[32m 135[2mms[22m[39m
       [32m✓[39m should handle search errors[32m 3[2mms[22m[39m
[31m       [31m×[31m should support pagination[39m[32m 7[2mms[22m[39m
       [32m✓[39m should fetch suggestions[32m 3[2mms[22m[39m
       [32m✓[39m should cache suggestions[32m 3[2mms[22m[39m
       [32m✓[39m should debounce suggestion requests[32m 157[2mms[22m[39m
       [32m✓[39m should handle suggestion errors[32m 1[2mms[22m[39m
       [32m✓[39m should perform advanced filtering[32m 1[2mms[22m[39m
       [32m✓[39m should support filter with pagination[32m 1[2mms[22m[39m
       [32m✓[39m should handle filtering errors[32m 2[2mms[22m[39m
[31m       [31m×[31m should load more results for search[39m[32m 2[2mms[22m[39m
       [32m✓[39m should load more results for filters[32m 1[2mms[22m[39m
       [32m✓[39m should clear all search state[32m 1[2mms[22m[39m
       [32m✓[39m should load statistics on initialization[32m 5[2mms[22m[39m
       [32m✓[39m should handle statistics loading errors[32m 16[2mms[22m[39m
       [32m✓[39m should cleanup on unmount[32m 2[2mms[22m[39m
 [31m❯[39m src/components/__tests__/AdvancedFilters.test.tsx [2m([22m[2m41 tests[22m[2m | [22m[31m31 failed[39m[2m)[22m[33m 1719[2mms[22m[39m
       [32m✓[39m should render filter panel when open[32m 106[2mms[22m[39m
[31m       [31m×[31m should hide filter panel when closed[39m[32m 6[2mms[22m[39m
[31m       [31m×[31m should render toggle button[39m[32m 225[2mms[22m[39m
       [32m✓[39m should apply custom className[32m 6[2mms[22m[39m
[31m       [31m×[31m should render student filter fields[39m[32m 6[2mms[22m[39m
[31m       [31m×[31m should render student filter presets[39m[32m 5[2mms[22m[39m
[31m       [31m×[31m should allow entering first name[39m[32m 7[2mms[22m[39m
       [32m✓[39m should allow entering email[32m 299[2mms[22m[39m
[31m       [31m×[31m should render course filter fields[39m[32m 7[2mms[22m[39m
[31m       [31m×[31m should render course filter presets[39m[32m 5[2mms[22m[39m
[31m       [31m×[31m should render credits filter[39m[32m 8[2mms[22m[39m
[31m       [31m×[31m should render grade filter fields[39m[32m 6[2mms[22m[39m
[31m       [31m×[31m should render grade filter presets[39m[32m 8[2mms[22m[39m
[31m       [31m×[31m should allow entering min grade[39m[32m 5[2mms[22m[39m
[31m       [31m×[31m should allow entering max grade[39m[32m 5[2mms[22m[39m
[31m       [31m×[31m should apply preset when clicked[39m[32m 5[2mms[22m[39m
[31m       [31m×[31m should populate fields when preset selected[39m[32m 5[2mms[22m[39m
       [32m✓[39m should show preset buttons in visual group[32m 6[2mms[22m[39m
       [32m✓[39m should have distinct presets per search type[32m 11[2mms[22m[39m
[31m       [31m×[31m should render Apply button[39m[32m 186[2mms[22m[39m
[31m       [31m×[31m should render Reset button[39m[32m 139[2mms[22m[39m
[31m       [31m×[31m should call onApply when Apply clicked[39m[32m 139[2mms[22m[39m
[31m       [31m×[31m should call onReset when Reset clicked[39m[32m 129[2mms[22m[39m
[31m       [31m×[31m should clear all fields when Reset clicked[39m[32m 4[2mms[22m[39m
[31m       [31m×[31m should call onToggle when toggle clicked[39m[32m 134[2mms[22m[39m
       [32m✓[39m should show collapse/expand icon[32m 3[2mms[22m[39m
[31m       [31m×[31m should have aria-expanded attribute[39m[32m 134[2mms[22m[39m
[31m       [31m×[31m should maintain field values[39m[32m 4[2mms[22m[39m
[31m       [31m×[31m should handle multiple field entries[39m[32m 4[2mms[22m[39m
[31m       [31m×[31m should validate numeric input for grade ranges[39m[32m 6[2mms[22m[39m
[31m       [31m×[31m should handle grade range validation (min <= max)[39m[32m 5[2mms[22m[39m
[31m       [31m×[31m should have proper labels for inputs[39m[32m 6[2mms[22m[39m
[31m       [31m×[31m should be keyboard navigable[39m[32m 53[2mms[22m[39m
       [32m✓[39m should have role="region" for filter panel[32m 8[2mms[22m[39m
       [32m✓[39m should announce filter type[32m 9[2mms[22m[39m
       [32m✓[39m should render in mobile layout[32m 3[2mms[22m[39m
       [32m✓[39m should stack fields vertically on mobile[32m 3[2mms[22m[39m
[31m       [31m×[31m should show student-specific filters for students[39m[32m 3[2mms[22m[39m
[31m       [31m×[31m should show course-specific filters for courses[39m[32m 4[2mms[22m[39m
[31m       [31m×[31m should show grade-specific filters for grades[39m[32m 4[2mms[22m[39m
[31m       [31m×[31m should switch filters when search type changes[39m[32m 3[2mms[22m[39m
 [31m❯[39m src/features/analytics/components/__tests__/AnalyticsDashboard.test.tsx [2m([22m[2m7 tests[22m[2m | [22m[31m2 failed[39m[2m)[22m[32m 210[2mms[22m[39m
     [32m✓[39m renders dashboard with title[32m 24[2mms[22m[39m
[31m     [31m×[31m renders loading state[39m[32m 9[2mms[22m[39m
     [32m✓[39m renders error state[32m 4[2mms[22m[39m
     [32m✓[39m renders all widget cards when data is present[32m 7[2mms[22m[39m
[31m     [31m×[31m handles refresh button click[39m[32m 143[2mms[22m[39m
     [32m✓[39m disables refresh button during loading[32m 19[2mms[22m[39m
     [32m✓[39m only renders widgets with data[32m 3[2mms[22m[39m
 [31m❯[39m src/components/__tests__/SearchBar.test.tsx [2m([22m[2m27 tests[22m[2m | [22m[31m1 failed[39m[2m)[22m[33m 2468[2mms[22m[39m
       [32m✓[39m should render search input[32m 119[2mms[22m[39m
       [32m✓[39m should render search button[32m 34[2mms[22m[39m
       [32m✓[39m should render with custom placeholder[32m 4[2mms[22m[39m
       [32m✓[39m should render clear button when input has value[32m 272[2mms[22m[39m
       [32m✓[39m should not render clear button when input is empty[32m 16[2mms[22m[39m
       [32m✓[39m should display statistics when enabled[32m 7[2mms[22m[39m
       [32m✓[39m should apply custom className[32m 3[2mms[22m[39m
       [32m✓[39m should update input value on change[32m 139[2mms[22m[39m
       [32m✓[39m should call getSuggestionsDebounced on input change[32m 123[2mms[22m[39m
       [32m✓[39m should not call getSuggestions for empty input[32m 110[2mms[22m[39m
       [32m✓[39m should display suggestions when available[32m 94[2mms[22m[39m
       [32m✓[39m should hide suggestions when input is empty[32m 172[2mms[22m[39m
       [32m✓[39m should highlight selected suggestion[32m 112[2mms[22m[39m
       [32m✓[39m should select next suggestion with ArrowDown[32m 108[2mms[22m[39m
       [32m✓[39m should select previous suggestion with ArrowUp[32m 94[2mms[22m[39m
       [32m✓[39m should select suggestion with Enter key[32m 95[2mms[22m[39m
       [32m✓[39m should close suggestions with Escape key[32m 93[2mms[22m[39m
       [32m✓[39m should call onSearch when search button clicked[32m 185[2mms[22m[39m
       [32m✓[39m should call onSearch when Enter pressed in input[32m 139[2mms[22m[39m
       [32m✓[39m should not search with empty query[32m 61[2mms[22m[39m
       [32m✓[39m should clear input when clear button clicked[32m 205[2mms[22m[39m
[31m       [31m×[31m should close suggestions when clicking outside[39m[32m 96[2mms[22m[39m
       [32m✓[39m should have proper ARIA labels[32m 13[2mms[22m[39m
       [32m✓[39m should support keyboard-only navigation[32m 140[2mms[22m[39m
       [32m✓[39m should work with students search type[32m 10[2mms[22m[39m
       [32m✓[39m should work with courses search type[32m 10[2mms[22m[39m
       [32m✓[39m should work with grades search type[32m 10[2mms[22m[39m
[90mstdout[2m | src/hooks/__tests__/useNotifications.test.ts
[22m[39m[i18n] Initialized with English
[i18n] Found search translation keys: [ [32m'0'[39m, [32m'1'[39m, [32m'2'[39m, [32m'3'[39m, [32m'4'[39m, [32m'5'[39m ]

[90mstdout[2m | src/hooks/usePerformanceMonitor.test.ts
[22m[39m[i18n] Initialized with English
[i18n] Found search translation keys: [ [32m'0'[39m, [32m'1'[39m, [32m'2'[39m, [32m'3'[39m, [32m'4'[39m, [32m'5'[39m ]

stderr | src/hooks/__tests__/useNotifications.test.ts > useNotifications Hook > fetchNotifications > should handle fetch errors
Failed to fetch notifications: Error: Failed to fetch
    at D:/SMS/student-management-system/frontend/src/hooks/__tests__/useNotifications.test.ts:123:21
    at file:///D:/SMS/student-management-system/frontend/node_modules/@vitest/runner/dist/index.js:145:11
    at file:///D:/SMS/student-management-system/frontend/node_modules/@vitest/runner/dist/index.js:915:26
    at file:///D:/SMS/student-management-system/frontend/node_modules/@vitest/runner/dist/index.js:1243:20
    at new Promise (<anonymous>)
    at runWithTimeout (file:///D:/SMS/student-management-system/frontend/node_modules/@vitest/runner/dist/index.js:1209:10)
    at file:///D:/SMS/student-management-system/frontend/node_modules/@vitest/runner/dist/index.js:1653:37
    at Traces.$ (file:///D:/SMS/student-management-system/frontend/node_modules/vitest/dist/chunks/traces.U4xDYhzZ.js:115:27)
    at trace (file:///D:/SMS/student-management-system/frontend/node_modules/vitest/dist/chunks/test.B8ej_ZHS.js:239:21)
    at runTest (file:///D:/SMS/student-management-system/frontend/node_modules/@vitest/runner/dist/index.js:1653:12)

stderr | src/hooks/__tests__/useNotifications.test.ts > useNotifications Hook > markAsRead > should handle mark as read errors
Failed to mark notification as read: Error: Failed to mark as read
    at D:/SMS/student-management-system/frontend/src/hooks/__tests__/useNotifications.test.ts:245:21
    at file:///D:/SMS/student-management-system/frontend/node_modules/@vitest/runner/dist/index.js:145:11
    at file:///D:/SMS/student-management-system/frontend/node_modules/@vitest/runner/dist/index.js:915:26
    at file:///D:/SMS/student-management-system/frontend/node_modules/@vitest/runner/dist/index.js:1243:20
    at new Promise (<anonymous>)
    at runWithTimeout (file:///D:/SMS/student-management-system/frontend/node_modules/@vitest/runner/dist/index.js:1209:10)
    at file:///D:/SMS/student-management-system/frontend/node_modules/@vitest/runner/dist/index.js:1653:37
    at Traces.$ (file:///D:/SMS/student-management-system/frontend/node_modules/vitest/dist/chunks/traces.U4xDYhzZ.js:115:27)
    at trace (file:///D:/SMS/student-management-system/frontend/node_modules/vitest/dist/chunks/test.B8ej_ZHS.js:239:21)
    at runTest (file:///D:/SMS/student-management-system/frontend/node_modules/@vitest/runner/dist/index.js:1653:12)

stderr | src/hooks/__tests__/useNotifications.test.ts > useNotifications Hook > Error Handling > should set error state on API failure
Failed to fetch notifications: Error: API Error
    at D:/SMS/student-management-system/frontend/src/hooks/__tests__/useNotifications.test.ts:452:21
    at file:///D:/SMS/student-management-system/frontend/node_modules/@vitest/runner/dist/index.js:145:11
    at file:///D:/SMS/student-management-system/frontend/node_modules/@vitest/runner/dist/index.js:915:26
    at file:///D:/SMS/student-management-system/frontend/node_modules/@vitest/runner/dist/index.js:1243:20
    at new Promise (<anonymous>)
    at runWithTimeout (file:///D:/SMS/student-management-system/frontend/node_modules/@vitest/runner/dist/index.js:1209:10)
    at file:///D:/SMS/student-management-system/frontend/node_modules/@vitest/runner/dist/index.js:1653:37
    at Traces.$ (file:///D:/SMS/student-management-system/frontend/node_modules/vitest/dist/chunks/traces.U4xDYhzZ.js:115:27)
    at trace (file:///D:/SMS/student-management-system/frontend/node_modules/vitest/dist/chunks/test.B8ej_ZHS.js:239:21)
    at runTest (file:///D:/SMS/student-management-system/frontend/node_modules/@vitest/runner/dist/index.js:1653:12)

stderr | src/hooks/usePerformanceMonitor.test.ts > usePerformanceMonitor hook > usePerformanceMonitor > should log warning when render time exceeds threshold
[Performance] TestComponent render #1 took 2850.00ms {
  component: 'TestComponent',
  duration: 2850,
  renderCount: 1,
  totalTime: '2850.00'
}

stderr | src/hooks/usePerformanceMonitor.test.ts > usePerformanceMonitor hook > usePerformanceMonitor > should include component name in warning message
[Performance] MyTestComponent render #1 took 2850.00ms {
  component: 'MyTestComponent',
  duration: 2850,
  renderCount: 1,
  totalTime: '2850.00'
}

stderr | src/hooks/usePerformanceMonitor.test.ts > usePerformanceMonitor hook > usePerformanceMonitor > should include render count in warning object
[Performance] TestComponent render #1 took 2850.00ms {
  component: 'TestComponent',
  duration: 2850,
  renderCount: 1,
  totalTime: '2850.00'
}

stderr | src/hooks/usePerformanceMonitor.test.ts > usePerformanceMonitor hook > usePerformanceMonitor > should track duration in warning object
[Performance] TestComponent render #1 took 2850.00ms {
  component: 'TestComponent',
  duration: 2850,
  renderCount: 1,
  totalTime: '2850.00'
}

stderr | src/hooks/usePerformanceMonitor.test.ts > usePerformanceMonitor hook > usePerformanceMonitor > should send analytics event when available
[Performance] TestComponent render #1 took 2850.00ms {
  component: 'TestComponent',
  duration: 2850,
  renderCount: 1,
  totalTime: '2850.00'
}

stderr | src/hooks/usePerformanceMonitor.test.ts > usePerformanceMonitor hook > usePerformanceMonitor > should not crash when analytics is not available
[Performance] TestComponent render #1 took 2850.00ms {
  component: 'TestComponent',
  duration: 2850,
  renderCount: 1,
  totalTime: '2850.00'
}

 [31m❯[39m src/hooks/__tests__/useNotifications.test.ts [2m([22m[2m15 tests[22m[2m | [22m[31m3 failed[39m[2m)[22m[32m 134[2mms[22m[39m
       [32m✓[39m should initialize with default state[32m 10[2mms[22m[39m
       [32m✓[39m should have all required methods[32m 1[2mms[22m[39m
       [32m✓[39m should fetch notifications and update state[32m 6[2mms[22m[39m
[31m       [31m×[31m should handle fetch errors[39m[32m 6[2mms[22m[39m
       [32m✓[39m should update unreadCount based on is_read status[32m 3[2mms[22m[39m
       [32m✓[39m should mark notification as read and update state[32m 11[2mms[22m[39m
       [32m✓[39m should handle mark as read errors[32m 2[2mms[22m[39m
       [32m✓[39m should mark all notifications as read[32m 14[2mms[22m[39m
       [32m✓[39m should delete notification from state[32m 16[2mms[22m[39m
       [32m✓[39m should decrement unreadCount when deleting unread notification[32m 16[2mms[22m[39m
       [32m✓[39m should refresh unread count from API[32m 15[2mms[22m[39m
       [32m✓[39m should handle connect event[32m 16[2mms[22m[39m
[31m       [31m×[31m should have proper cleanup on unmount[39m[32m 1[2mms[22m[39m
[31m       [31m×[31m should set error state on API failure[39m[32m 2[2mms[22m[39m
       [32m✓[39m should maintain consistency between notifications and unreadCount[32m 12[2mms[22m[39m
stderr | src/hooks/usePerformanceMonitor.test.ts > usePerformanceMonitor hook > usePerformanceMonitor > should use default threshold of 100ms
[Performance] TestComponent render #1 took 1919.00ms {
  component: 'TestComponent',
  duration: 1919,
  renderCount: 1,
  totalTime: '1919.00'
}

stderr | src/hooks/usePerformanceMonitor.test.ts > usePerformanceMonitor hook > usePerformanceMonitor > should handle multiple renders with different durations
[Performance] TestComponent render #1 took 1953322.32ms {
  component: 'TestComponent',
  duration: 1953322.325,
  renderCount: 1,
  totalTime: '1953322.32'
}

stderr | src/hooks/usePerformanceMonitor.test.ts > usePerformanceMonitor hook > usePerformanceMonitor > should accumulate total time across multiple renders
[Performance] TestComponent render #1 took 440.00ms {
  component: 'TestComponent',
  duration: 440,
  renderCount: 1,
  totalTime: '440.00'
}

stderr | src/hooks/usePerformanceMonitor.test.ts > usePerformanceMonitor hook > useApiPerformance > should use default threshold of 1000ms
[API Performance] /api/students request took 1500.00ms {
  endpoint: '/api/students',
  duration: 1500,
  name: 'https://example.com/api/students'
}

stderr | src/hooks/usePerformanceMonitor.test.ts > usePerformanceMonitor hook > useApiPerformance > should log warning for slow API requests
[API Performance] /api/students request took 600.00ms {
  endpoint: '/api/students',
  duration: 600,
  name: 'https://example.com/api/students'
}

stderr | src/hooks/usePerformanceMonitor.test.ts > usePerformanceMonitor hook > useApiPerformance > should send analytics event for slow API requests
[API Performance] /api/students request took 600.00ms {
  endpoint: '/api/students',
  duration: 600,
  name: 'https://example.com/api/students'
}

stderr | src/hooks/usePerformanceMonitor.test.ts > usePerformanceMonitor hook > useApiPerformance > should handle multiple entries in single observation
[API Performance] /api/students request took 600.00ms {
  endpoint: '/api/students',
  duration: 600,
  name: 'https://example.com/api/students/1'
}
[API Performance] /api/students request took 700.00ms {
  endpoint: '/api/students',
  duration: 700,
  name: 'https://example.com/api/students/3'
}

 [31m❯[39m src/hooks/usePerformanceMonitor.test.ts [2m([22m[2m26 tests[22m[2m | [22m[31m1 failed[39m[2m)[22m[32m 51[2mms[22m[39m
       [32m✓[39m should return metrics object with correct properties[32m 10[2mms[22m[39m
       [32m✓[39m should initialize with zero values[32m 1[2mms[22m[39m
       [32m✓[39m should increment render count on re-render[32m 2[2mms[22m[39m
       [32m✓[39m should track total time across renders[32m 1[2mms[22m[39m
       [32m✓[39m should not log when render time is below threshold[32m 2[2mms[22m[39m
       [32m✓[39m should log warning when render time exceeds threshold[32m 2[2mms[22m[39m
       [32m✓[39m should include component name in warning message[32m 2[2mms[22m[39m
       [32m✓[39m should include render count in warning object[32m 1[2mms[22m[39m
       [32m✓[39m should track duration in warning object[32m 1[2mms[22m[39m
       [32m✓[39m should send analytics event when available[32m 2[2mms[22m[39m
       [32m✓[39m should not crash when analytics is not available[32m 2[2mms[22m[39m
       [32m✓[39m should use default threshold of 100ms[32m 3[2mms[22m[39m
[31m       [31m×[31m should handle multiple renders with different durations[39m[32m 6[2mms[22m[39m
       [32m✓[39m should calculate render time correctly[32m 1[2mms[22m[39m
       [32m✓[39m should accumulate total time across multiple renders[32m 1[2mms[22m[39m
       [32m✓[39m should set up performance observer if available[32m 1[2mms[22m[39m
       [32m✓[39m should not crash when PerformanceObserver is not available[32m 1[2mms[22m[39m
       [32m✓[39m should observe measure and resource entry types[32m 1[2mms[22m[39m
       [32m✓[39m should disconnect observer on cleanup[32m 1[2mms[22m[39m
       [32m✓[39m should use default threshold of 1000ms[32m 1[2mms[22m[39m
       [32m✓[39m should log warning for slow API requests[32m 1[2mms[22m[39m
       [32m✓[39m should not log warning for fast API requests[32m 1[2mms[22m[39m
       [32m✓[39m should filter entries by endpoint name[32m 1[2mms[22m[39m
       [32m✓[39m should send analytics event for slow API requests[32m 1[2mms[22m[39m
       [32m✓[39m should re-setup observer when endpoint changes[32m 1[2mms[22m[39m
       [32m✓[39m should handle multiple entries in single observation[32m 1[2mms[22m[39m
[90mstdout[2m | src/LanguageContext.test.tsx
[22m[39m[i18n] Initialized with English
[i18n] Found search translation keys: [ [32m'0'[39m, [32m'1'[39m, [32m'2'[39m, [32m'3'[39m, [32m'4'[39m, [32m'5'[39m ]

 [31m❯[39m src/LanguageContext.test.tsx [2m([22m[2m14 tests[22m[2m | [22m[31m2 failed[39m[2m)[22m[32m 45[2mms[22m[39m
       [32m✓[39m initializes with language from i18n[32m 11[2mms[22m[39m
       [32m✓[39m provides translation function[32m 1[2mms[22m[39m
       [32m✓[39m changes language to Greek[32m 3[2mms[22m[39m
       [32m✓[39m changes language to English[32m 2[2mms[22m[39m
[31m       [31m×[31m persists language to localStorage via i18next[39m[32m 5[2mms[22m[39m
       [32m✓[39m maintains language across multiple switches[32m 4[2mms[22m[39m
       [32m✓[39m provides translation function from context[32m 1[2mms[22m[39m
       [32m✓[39m translation function returns key as fallback for missing keys[32m 2[2mms[22m[39m
       [32m✓[39m translation function handles interpolation format[32m 1[2mms[22m[39m
       [32m✓[39m throws error when used outside LanguageProvider[32m 4[2mms[22m[39m
       [32m✓[39m restores language from localStorage on mount[32m 1[2mms[22m[39m
[31m       [31m×[31m persists latest language to localStorage across switches[39m[32m 2[2mms[22m[39m
       [32m✓[39m context state reflects current i18n language[32m 2[2mms[22m[39m
       [32m✓[39m new hook instances reflect updated language[32m 2[2mms[22m[39m
[90mstdout[2m | src/i18n/__tests__/translations.test.ts
[22m[39m[i18n] Initialized with English
[i18n] Found search translation keys: [ [32m'0'[39m, [32m'1'[39m, [32m'2'[39m, [32m'3'[39m, [32m'4'[39m, [32m'5'[39m ]

 [31m❯[39m src/i18n/__tests__/translations.test.ts [2m([22m[2m7 tests[22m[2m | [22m[31m2 failed[39m[2m)[22m[32m 39[2mms[22m[39m
[31m       [31m×[31m should have the same top-level keys in EN and EL[39m[32m 16[2mms[22m[39m
       [32m✓[39m should have no missing translation values (EN)[32m 1[2mms[22m[39m
       [32m✓[39m should have no missing translation values (EL)[32m 1[2mms[22m[39m
[31m       [31m×[31m should have matching nested structure in EN and EL[39m[32m 9[2mms[22m[39m
       [32m✓[39m should have common UI keys in both languages[32m 1[2mms[22m[39m
       [32m✓[39m should not have placeholder text like "TODO" or "FIXME"[32m 5[2mms[22m[39m
       [32m✓[39m should not have EN text in EL translations (basic check)[32m 6[2mms[22m[39m
[90mstdout[2m | src/features/students/components/AddStudentModal.test.tsx
[22m[39m[i18n] Initialized with English
[i18n] Found search translation keys: [ [32m'0'[39m, [32m'1'[39m, [32m'2'[39m, [32m'3'[39m, [32m'4'[39m, [32m'5'[39m ]

[90mstdout[2m | src/features/students/components/EditStudentModal.test.tsx
[22m[39m[i18n] Initialized with English
[i18n] Found search translation keys: [ [32m'0'[39m, [32m'1'[39m, [32m'2'[39m, [32m'3'[39m, [32m'4'[39m, [32m'5'[39m ]

[90mstdout[2m | src/hooks/useApiWithRecovery.test.tsx
[22m[39m[i18n] Initialized with English
[i18n] Found search translation keys: [ [32m'0'[39m, [32m'1'[39m, [32m'2'[39m, [32m'3'[39m, [32m'4'[39m, [32m'5'[39m ]

stderr | src/hooks/useApiWithRecovery.test.tsx > useApiWithRecovery > useApiQuery > should retry failed queries with exponential backoff
[ErrorRecovery] Scheduling retry 1/3 in 10ms

stderr | src/hooks/useApiWithRecovery.test.tsx > useApiWithRecovery > useApiQuery > should retry failed queries with exponential backoff
[ErrorRecovery] Scheduling retry 1/3 in 10ms

stderr | src/hooks/useApiWithRecovery.test.tsx > useApiWithRecovery > useApiQuery > should reset error state on successful retry
[ErrorRecovery] Scheduling retry 1/2 in 10ms

[90mstdout[2m | src/features/students/components/NotesSection.test.tsx
[22m[39m[i18n] Initialized with English
[i18n] Found search translation keys: [ [32m'0'[39m, [32m'1'[39m, [32m'2'[39m, [32m'3'[39m, [32m'4'[39m, [32m'5'[39m ]

stderr | src/hooks/useApiWithRecovery.test.tsx > useApiWithRecovery > useApiQuery > should use custom error recovery options
[ErrorRecovery] Scheduling retry 1/1 in 20ms

stderr | src/hooks/useApiWithRecovery.test.tsx > useApiWithRecovery > useApiMutation > should retry failed mutations
[ErrorRecovery] Scheduling retry 1/2 in 100ms
[ErrorRecovery] Manual retry triggered

stderr | src/hooks/useApiWithRecovery.test.tsx > useApiWithRecovery > useApiMutation > should respect maxRetries for mutations
[ErrorRecovery] Scheduling retry 1/2 in 100ms
[ErrorRecovery] Manual retry triggered

stderr | src/hooks/useApiWithRecovery.test.tsx > useApiWithRecovery > useApiMutation > should respect maxRetries for mutations
[ErrorRecovery] Scheduling retry 1/2 in 100ms
[ErrorRecovery] Manual retry triggered

stderr | src/hooks/useApiWithRecovery.test.tsx > useApiWithRecovery > useApiMutation > should respect maxRetries for mutations
[ErrorRecovery] Scheduling retry 1/2 in 100ms

stderr | src/hooks/useApiWithRecovery.test.tsx > useApiWithRecovery > useApiMutation > should use immediate strategy by default
[ErrorRecovery] Manual retry triggered

stderr | src/hooks/useApiWithRecovery.test.tsx > useApiWithRecovery > error recovery integration > should integrate with useErrorRecovery for queries
[ErrorRecovery] Scheduling retry 1/3 in 10ms

stderr | src/hooks/useApiWithRecovery.test.tsx > useApiWithRecovery > error recovery integration > should integrate with useErrorRecovery for queries
[ErrorRecovery] Scheduling retry 1/3 in 10ms

stderr | src/hooks/useApiWithRecovery.test.tsx > useApiWithRecovery > error recovery integration > should integrate with useErrorRecovery for mutations
[ErrorRecovery] Scheduling retry 1/2 in 10ms
[ErrorRecovery] Manual retry triggered

stderr | src/hooks/useApiWithRecovery.test.tsx > useApiWithRecovery > edge cases > should handle undefined response
Query data cannot be undefined. Please make sure to return a value other than undefined from your query function. Affected query key: ["test"]

 [32m✓[39m src/hooks/useApiWithRecovery.test.tsx [2m([22m[2m25 tests[22m[2m)[22m[33m 1740[2mms[22m[39m
 [32m✓[39m src/features/students/components/NotesSection.test.tsx [2m([22m[2m24 tests[22m[2m)[22m[33m 1548[2mms[22m[39m
[90mstdout[2m | src/components/__tests__/SavedSearches.test.tsx
[22m[39m[i18n] Initialized with English
[i18n] Found search translation keys: [ [32m'0'[39m, [32m'1'[39m, [32m'2'[39m, [32m'3'[39m, [32m'4'[39m, [32m'5'[39m ]

^C
