
> student-management-frontend@1.17.7 pretest
> node ../tools/enforce-vitest-policy.cjs


> student-management-frontend@1.17.7 test
> vitest


[1m[44m DEV [49m[22m [34mv4.0.16 [39m[90mD:/SMS/student-management-system/frontend[39m

stderr | src/features/advanced-search/__tests__/SearchResults.test.tsx
[i18n] Search translation keys loaded: 6 keys

stderr | src/features/export-admin/__tests__/SupportingComponents.test.tsx
[i18n] Search translation keys loaded: 6 keys

stderr | src/api/__tests__/api.request.interceptor.test.ts
[i18n] Search translation keys loaded: 6 keys

stderr | src/features/export-admin/__tests__/ExportAdmin.integration.test.tsx
[i18n] Search translation keys loaded: 6 keys

stderr | src/api/__tests__/api.request.interceptor.test.ts
[API Client] VITE_API_URL env var: http://localhost:8000/api/v1
[API Client] Using API_BASE_URL: /api/v1
Using Vite dev proxy for localhost API (CORS-safe): /api/v1

stderr | src/api/__tests__/api.request.interceptor.test.ts > apiClient request interceptor > attaches Authorization header when access token exists
[API] Attaching auth header for: 

stderr | src/api/__tests__/api.request.interceptor.test.ts > apiClient request interceptor > does nothing when no token present
[API] No token available for: 

stderr | src/api/__tests__/api.request.interceptor.test.ts > apiClient request interceptor > is resilient if headers missing or getter throws
[API] No token available for: 
[API] No token available for: 

 [31mέζψ[39m src/api/__tests__/api.request.interceptor.test.ts [2m([22m[2m3 tests[22m[2m | [22m[31m1 failed[39m[2m)[22m[32m 8[2mms[22m[39m
[31m     [31m├Ω[31m attaches Authorization header when access token exists[39m[32m 5[2mms[22m[39m
     [32mέεΥ[39m does nothing when no token present[32m 1[2mms[22m[39m
     [32mέεΥ[39m is resilient if headers missing or getter throws[32m 1[2mms[22m[39m
 [31mέζψ[39m src/features/export-admin/__tests__/SupportingComponents.test.tsx [2m([22m[2m19 tests[22m[2m | [22m[31m9 failed[39m[2m)[22m[33m 623[2mms[22m[39m
[31m     [31m├Ω[31m renders email configuration title[39m[32m 32[2mms[22m[39m
[31m     [31m├Ω[31m renders all SMTP form fields[39m[32m 3[2mms[22m[39m
[31m     [31m├Ω[31m renders save and test buttons[39m[32m 7[2mms[22m[39m
[31m     [31m├Ω[31m allows input in form fields[39m[32m 5[2mms[22m[39m
[31m     [31m├Ω[31m renders settings title[39m[32m 5[2mms[22m[39m
[31m     [31m├Ω[31m renders all settings fields with hints[39m[32m 2[2mms[22m[39m
[31m     [31m├Ω[31m renders save settings button[39m[32m 2[2mms[22m[39m
[31m     [31m├Ω[31m accepts numeric input in settings fields[39m[32m 6[2mms[22m[39m
     [32mέεΥ[39m renders modal when open with job data[32m 51[2mms[22m[39m
     [32mέεΥ[39m displays job details correctly[32m 19[2mms[22m[39m
     [32mέεΥ[39m displays progress bar with correct percentage[32m 5[2mms[22m[39m
     [33m[2mέεΥ[22m[39m calls onClose when close button clicked [33m 416[2mms[22m[39m
     [32mέεΥ[39m displays error section when job has error[32m 11[2mms[22m[39m
     [32mέεΥ[39m does not render when isOpen is false[32m 1[2mms[22m[39m
     [32mέεΥ[39m renders all metric cards[32m 15[2mms[22m[39m
[31m     [31m├Ω[31m displays metric values correctly[39m[32m 15[2mms[22m[39m
     [32mέεΥ[39m renders format breakdown section[32m 12[2mms[22m[39m
     [32mέεΥ[39m renders chart container[32m 6[2mms[22m[39m
     [32mέεΥ[39m displays duration trend chart[32m 3[2mms[22m[39m
stderr | src/features/students/components/AddStudentModal.test.tsx
[i18n] Search translation keys loaded: 6 keys

 [31mέζψ[39m src/features/advanced-search/__tests__/SearchResults.test.tsx [2m([22m[2m35 tests[22m[2m | [22m[31m5 failed[39m[2m)[22m[33m 2290[2mms[22m[39m
       [32mέεΥ[39m renders loading skeleton when isLoading is true[32m 203[2mms[22m[39m
       [32mέεΥ[39m displays loading aria-label[32m 10[2mms[22m[39m
       [32mέεΥ[39m renders empty state when no results[32m 208[2mms[22m[39m
       [32mέεΥ[39m displays empty state hint[32m 6[2mms[22m[39m
       [32mέεΥ[39m renders error state when error exists[32m 71[2mms[22m[39m
       [32mέεΥ[39m displays retry button when onRetry provided[32m 68[2mms[22m[39m
       [32mέεΥ[39m does not display retry button when onRetry not provided[32m 3[2mms[22m[39m
       [32mέεΥ[39m renders results count correctly (singular)[32m 13[2mms[22m[39m
       [32mέεΥ[39m renders results count correctly (plural)[32m 9[2mms[22m[39m
       [32mέεΥ[39m renders sort dropdown[32m 48[2mms[22m[39m
       [32mέεΥ[39m calls onSortChange when sort changes[32m 40[2mms[22m[39m
     [32mέεΥ[39m renders student name[32m 4[2mms[22m[39m
     [32mέεΥ[39m renders student ID[32m 4[2mms[22m[39m
     [32mέεΥ[39m renders email[32m 17[2mms[22m[39m
     [32mέεΥ[39m renders status badge[32m 15[2mms[22m[39m
     [32mέεΥ[39m renders enrollment type[32m 5[2mms[22m[39m
     [32mέεΥ[39m renders courses list[32m 14[2mms[22m[39m
     [32mέεΥ[39m truncates courses list when more than 3[32m 21[2mms[22m[39m
[31m     [31m├Ω[31m calls onClick when card clicked[39m[33m 594[2mms[22m[39m
[31m     [31m├Ω[31m calls onClick on Enter key[39m[32m 197[2mms[22m[39m
[31m     [31m├Ω[31m calls onClick on Space key[39m[33m 342[2mms[22m[39m
     [32mέεΥ[39m renders course code[32m 6[2mms[22m[39m
     [32mέεΥ[39m renders course name[32m 3[2mms[22m[39m
     [32mέεΥ[39m renders description[32m 3[2mms[22m[39m
     [32mέεΥ[39m renders instructor[32m 6[2mms[22m[39m
     [32mέεΥ[39m renders status badge[32m 2[2mms[22m[39m
     [32mέεΥ[39m truncates long description[32m 3[2mms[22m[39m
[31m     [31m├Ω[31m calls onClick when card clicked[39m[32m 193[2mms[22m[39m
     [32mέεΥ[39m renders grade letter[32m 3[2mms[22m[39m
     [32mέεΥ[39m renders points[32m 2[2mms[22m[39m
     [32mέεΥ[39m renders student name[32m 2[2mms[22m[39m
     [32mέεΥ[39m renders course code[32m 2[2mms[22m[39m
     [32mέεΥ[39m applies correct color for A grade[32m 5[2mms[22m[39m
     [32mέεΥ[39m applies correct color for B grade[32m 4[2mms[22m[39m
[31m     [31m├Ω[31m calls onClick when card clicked[39m[32m 160[2mms[22m[39m
 [31mέζψ[39m src/features/export-admin/__tests__/ExportAdmin.integration.test.tsx [2m([22m[2m5 tests[22m[2m | [22m[31m5 failed[39m[2m)[22m[33m 495[2mms[22m[39m
[31m     [31m├Ω[31m renders dashboard with jobs tab[39m[32m 139[2mms[22m[39m
[31m     [31m├Ω[31m switches to schedules tab[39m[32m 105[2mms[22m[39m
[31m     [31m├Ω[31m displays job details correctly[39m[32m 76[2mms[22m[39m
[31m     [31m├Ω[31m allows deleting a job[39m[32m 95[2mms[22m[39m
[31m     [31m├Ω[31m filters job list with search[39m[32m 80[2mms[22m[39m
stderr | src/features/students/components/EditStudentModal.test.tsx
[i18n] Search translation keys loaded: 6 keys

stderr | src/features/courses/components/AddCourseModal.test.tsx
[i18n] Search translation keys loaded: 6 keys

stderr | src/components/__tests__/SavedSearches.test.tsx
[i18n] Search translation keys loaded: 6 keys

stderr | src/components/__tests__/SavedSearches.test.tsx > SavedSearches Component > Saving Searches > should limit to 10 saved searches per type
Each child in a list should have a unique "key" prop.

Check the render method of `SavedSearches`. See https://react.dev/link/warning-keys for more information.

stderr | src/components/__tests__/SavedSearches.test.tsx > SavedSearches Component > Error Handling > should handle corrupted localStorage
Error loading saved searches: SyntaxError: Unexpected token 'i', "invalid json" is not valid JSON
    at JSON.parse (<anonymous>)
    at D:/SMS/student-management-system/frontend/src/components/SavedSearches.tsx:75:29
    at D:/SMS/student-management-system/frontend/src/components/SavedSearches.tsx:110:5
    at Object.react_stack_bottom_frame (D:\SMS\student-management-system\frontend\node_modules\react-dom\cjs\react-dom-client.development.js:25989:20)
    at runWithFiberInDEV (D:\SMS\student-management-system\frontend\node_modules\react-dom\cjs\react-dom-client.development.js:874:13)
    at commitHookEffectListMount (D:\SMS\student-management-system\frontend\node_modules\react-dom\cjs\react-dom-client.development.js:13249:29)
    at commitHookPassiveMountEffects (D:\SMS\student-management-system\frontend\node_modules\react-dom\cjs\react-dom-client.development.js:13336:11)
    at commitPassiveMountOnFiber (D:\SMS\student-management-system\frontend\node_modules\react-dom\cjs\react-dom-client.development.js:15484:13)
    at recursivelyTraversePassiveMountEffects (D:\SMS\student-management-system\frontend\node_modules\react-dom\cjs\react-dom-client.development.js:15439:11)
    at commitPassiveMountOnFiber (D:\SMS\student-management-system\frontend\node_modules\react-dom\cjs\react-dom-client.development.js:15718:11)

 [32mέεΥ[39m src/features/courses/components/AddCourseModal.test.tsx [2m([22m[2m26 tests[22m[2m)[22m[33m 4683[2mms[22m[39m
       [33m[2mέεΥ[22m[39m allows typing in course name field [33m 560[2mms[22m[39m
       [33m[2mέεΥ[22m[39m validates course code max length [33m 834[2mms[22m[39m
       [33m[2mέεΥ[22m[39m validates credits range (0-20) [33m 587[2mms[22m[39m
       [33m[2mέεΥ[22m[39m updates semester preview when custom text is entered [33m 309[2mms[22m[39m
stderr | src/components/__tests__/SavedSearches.test.tsx > SavedSearches Component > Error Handling > should show error message if save fails
Error saving search: Error: Storage full
    at Object.<anonymous> (D:/SMS/student-management-system/frontend/src/components/__tests__/SavedSearches.test.tsx:551:15)
    at Object.Mock [as setItem] (file:///D:/SMS/student-management-system/frontend/node_modules/@vitest/spy/dist/index.js:285:34)
    at handleSaveSearch (D:/SMS/student-management-system/frontend/src/components/SavedSearches.tsx:155:20)
    at executeDispatch (D:\SMS\student-management-system\frontend\node_modules\react-dom\cjs\react-dom-client.development.js:19116:9)
    at runWithFiberInDEV (D:\SMS\student-management-system\frontend\node_modules\react-dom\cjs\react-dom-client.development.js:874:13)
    at processDispatchQueue (D:\SMS\student-management-system\frontend\node_modules\react-dom\cjs\react-dom-client.development.js:19166:19)
    at D:\SMS\student-management-system\frontend\node_modules\react-dom\cjs\react-dom-client.development.js:19767:9
    at batchedUpdates$1 (D:\SMS\student-management-system\frontend\node_modules\react-dom\cjs\react-dom-client.development.js:3255:40)
    at dispatchEventForPluginEventSystem (D:\SMS\student-management-system\frontend\node_modules\react-dom\cjs\react-dom-client.development.js:19320:7)
    at dispatchEvent (D:\SMS\student-management-system\frontend\node_modules\react-dom\cjs\react-dom-client.development.js:23585:11)

 [32mέεΥ[39m src/features/students/components/EditStudentModal.test.tsx [2m([22m[2m24 tests[22m[2m)[22m[33m 5449[2mms[22m[39m
       [33m[2mέεΥ[22m[39m allows editing all text fields [33m 361[2mms[22m[39m
       [33m[2mέεΥ[22m[39m allows editing phone number [33m 305[2mms[22m[39m
       [33m[2mέεΥ[22m[39m shows validation error for invalid email format (schema validation) [33m 367[2mms[22m[39m
       [33m[2mέεΥ[22m[39m validates phone number max length [33m 482[2mms[22m[39m
       [33m[2mέεΥ[22m[39m converts email to lowercase on submission [33m 468[2mms[22m[39m
       [33m[2mέεΥ[22m[39m calls onUpdate with modified student data [33m 402[2mms[22m[39m
       [33m[2mέεΥ[22m[39m updates phone and mobile_phone together [33m 325[2mms[22m[39m
       [33m[2mέεΥ[22m[39m handles submission with all fields modified [33m 1022[2mms[22m[39m
       [33m[2mέεΥ[22m[39m handles special characters in name fields [33m 538[2mms[22m[39m
 [32mέεΥ[39m src/components/__tests__/SavedSearches.test.tsx [2m([22m[2m25 tests[22m[2m)[22m[33m 4421[2mms[22m[39m
       [33m[2mέεΥ[22m[39m should save search with custom name [33m 400[2mms[22m[39m
       [33m[2mέεΥ[22m[39m should prevent saving empty name [33m 327[2mms[22m[39m
       [33m[2mέεΥ[22m[39m should limit to 10 saved searches per type [33m 460[2mms[22m[39m
       [33m[2mέεΥ[22m[39m should display success message after save [33m 378[2mms[22m[39m
       [33m[2mέεΥ[22m[39m should save searches to localStorage [33m 373[2mms[22m[39m
       [33m[2mέεΥ[22m[39m should separate searches by search type [33m 791[2mms[22m[39m
       [33m[2mέεΥ[22m[39m should allow saving first search [33m 355[2mms[22m[39m
stderr | src/components/__tests__/AdvancedFilters.test.tsx
[i18n] Search translation keys loaded: 6 keys

stderr | src/components/__tests__/SearchBar.test.tsx
[i18n] Search translation keys loaded: 6 keys

[31mCancelling test run. Press CTRL+c again to exit forcefully.
[39m

έΟψέΟψέΟψέΟψέΟψέΟψ Failed Tests 20 έΟψέΟψέΟψέΟψέΟψέΟψέΟψ

 FAIL  src/api/__tests__/api.request.interceptor.test.ts > apiClient request interceptor > attaches Authorization header when access token exists
AssertionError: expected "getAccessToken" to be called at least once
 έζψ src/api/__tests__/api.request.interceptor.test.ts:18:15
     16| 
     17|   // Assert that the helper consulted the auth service
     18|   expect(spy).toHaveBeenCalled();
       |               ^
     19|   expect(config.headers.Authorization).toBe('Bearer TOK123');
     20|   });

έΟψέΟψέΟψέΟψέΟψέΟψέΟψέΟψέΟψέΟψέΟψέΟψέΟψέΟψέΟψέΟψέΟψέΟψέΟψέΟψέΟψέΟψέΟψ[1/20]έΟψ

 FAIL  src/features/advanced-search/__tests__/SearchResults.test.tsx > StudentResultCard > calls onClick when card clicked
TestingLibraryElementError: Unable to find an accessible element with the role "listitem"

Here are the accessible roles:

  button:

  Name "Student: John Doe":
  <div
    aria-label="Student: John Doe"
    class="border border-gray-200 rounded-lg p-4 hover:border-indigo-500 hover:shadow-md transition-all cursor-pointer "
    role="button"
    tabindex="0"
  />

  --------------------------------------------------
  heading:

  Name "John Doe":
  <h3
    class="text-base font-semibold text-gray-900 truncate"
  />

  --------------------------------------------------
  link:

  Name "john.doe@example.com":
  <a
    class="hover:text-indigo-600 hover:underline"
    href="mailto:john.doe@example.com"
  />

  --------------------------------------------------

Ignored nodes: comments, script, style
<body>
  <div>
    <div
      aria-label="Student: John Doe"
      class="border border-gray-200 rounded-lg p-4 hover:border-indigo-500 hover:shadow-md transition-all cursor-pointer "
      role="button"
      tabindex="0"
    >
      <div
        class="flex items-start gap-4"
      >
        <div
          class="flex-shrink-0"
        >
          <div
            class="w-12 h-12 rounded-full bg-indigo-100 flex items-center justify-center"
          >
            <svg
              aria-hidden="true"
              class="h-6 w-6 text-indigo-600"
              data-slot="icon"
              fill="none"
              stroke="currentColor"
              stroke-width="1.5"
              viewBox="0 0 24 24"
              xmlns="http://www.w3.org/2000/svg"
            >
              <path
                d="M15.75 6a3.75 3.75 0 1 1-7.5 0 3.75 3.75 0 0 1 7.5 0ZM4.501 20.118a7.5 7.5 0 0 1 14.998 0A17.933 17.933 0 0 1 12 21.75c-2.676 0-5.216-.584-7.499-1.632Z"
                stroke-linecap="round"
                stroke-linejoin="round"
              />
            </svg>
          </div>
        </div>
        <div
          class="flex-1 min-w-0"
        >
          <div
            class="flex items-center gap-2 mb-1"
          >
            <h3
              class="text-base font-semibold text-gray-900 truncate"
            >
              John
               
              Doe
            </h3>
            <span
              class="inline-flex items-center px-2 py-0.5 rounded text-xs font-medium bg-green-100 text-green-800"
            >
              Active
            </span>
          </div>
          <div
            class="flex items-center gap-2 text-sm text-gray-600 mb-2"
          >
            <span
              class="font-mono"
            >
              STU001
            </span>
            <span
              class="text-gray-400"
            >
              έΑλ
            </span>
            <span
              class="text-gray-500"
            >
              full_time
            </span>
          </div>
          <div
            class="flex items-center gap-2 text-sm text-gray-600 mb-2"
          >
            <svg
              aria-hidden="true"
              class="h-4 w-4 text-gray-400"
              data-slot="icon"
              fill="none"
              stroke="currentColor"
              stroke-width="1.5"
              viewBox="0 0 24 24"
              xmlns="http://www.w3.org/2000/svg"
            >
              <path
                d="M21.75 6.75v10.5a2.25 2.25 0 0 1-2.25 2.25h-15a2.25 2.25 0 0 1-2.25-2.25V6.75m19.5 0A2.25 2.25 0 0 0 19.5 4.5h-15a2.25 2.25 0 0 0-2.25 2.25m19.5 0v.243a2.25 2.25 0 0 1-1.07 1.916l-7.5 4.615a2.25 2.25 0 0 1-2.36 0L3.32 8.91a2.25 2.25 0 0 1-1.07-1.916V6.75"
                stroke-linecap="round"
                stroke-linejoin="round"
              />
            </svg>
            <a
              class="hover:text-indigo-600 hover:underline"
              href="mailto:john.doe@example.com"
            >
              john.doe@example.com
            </a>
          </div>
          <div
            class="flex items-start gap-2 text-sm text-gray-600"
          >
            <svg
              aria-hidden="true"
              class="h-4 w-4 text-gray-400 mt-0.5 flex-shrink-0"
              data-slot="icon"
              fill="none"
              stroke="currentColor"
              stroke-width="1.5"
              viewBox="0 0 24 24"
              xmlns="http://www.w3.org/2000/svg"
            >
              <path
                d="M4.26 10.147a60.438 60.438 0 0 0-.491 6.347A48.62 48.62 0 0 1 12 20.904a48.62 48.62 0 0 1 8.232-4.41 60.46 60.46 0 0 0-.491-6.347m-15.482 0a50.636 50.636 0 0 0-2.658-.813A59.906 59.906 0 0 1 12 3.493a59.903 59.903 0 0 1 10.399 5.84c-.896.248-1.783.52-2.658.814m-15.482 0A50.717 50.717 0 0 1 12 13.489a50.702 50.702 0 0 1 7.74-3.342M6.75 15a.75.75 0 1 0 0-1.5.75.75 0 0 0 0 1.5Zm0 0v-3.675A55.378 55.378 0 0 1 12 8.443m-7.007 11.55A5.981 5.981 0 0 0 6.75 15.75v-1.5"
                stroke-linecap="round"
                stroke-linejoin="round"
              />
            </svg>
            <div
              class="flex-1"
            >
              <span
                class="text-gray-500"
              >
                Courses
                :
              </span>
               
              <span
                class="text-gray-700"
              >
                CS101, CS102
              </span>
            </div>
          </div>
          <div
            class="mt-2 text-xs text-gray-400"
          >
            Relevance
            : 
            0.95
          </div>
        </div>
      </div>
    </div>
  </div>
</body>
 έζψ Object.getElementError node_modules/@testing-library/dom/dist/config.js:37:19
 έζψ node_modules/@testing-library/dom/dist/query-helpers.js:76:38
 έζψ node_modules/@testing-library/dom/dist/query-helpers.js:52:17
 έζψ node_modules/@testing-library/dom/dist/query-helpers.js:95:19
 έζψ src/features/advanced-search/__tests__/SearchResults.test.tsx:306:25
    304|     );
    305| 
    306|     const card = screen.getByRole('listitem');
       |                         ^
    307|     fireEvent.click(card);
    308| 

έΟψέΟψέΟψέΟψέΟψέΟψέΟψέΟψέΟψέΟψέΟψέΟψέΟψέΟψέΟψέΟψέΟψέΟψέΟψέΟψέΟψέΟψέΟψ[2/20]έΟψ

 FAIL  src/features/advanced-search/__tests__/SearchResults.test.tsx > StudentResultCard > calls onClick on Enter key
TestingLibraryElementError: Unable to find an accessible element with the role "listitem"

Here are the accessible roles:

  button:

  Name "Student: John Doe":
  <div
    aria-label="Student: John Doe"
    class="border border-gray-200 rounded-lg p-4 hover:border-indigo-500 hover:shadow-md transition-all cursor-pointer "
    role="button"
    tabindex="0"
  />

  --------------------------------------------------
  heading:

  Name "John Doe":
  <h3
    class="text-base font-semibold text-gray-900 truncate"
  />

  --------------------------------------------------
  link:

  Name "john.doe@example.com":
  <a
    class="hover:text-indigo-600 hover:underline"
    href="mailto:john.doe@example.com"
  />

  --------------------------------------------------

Ignored nodes: comments, script, style
<body>
  <div>
    <div
      aria-label="Student: John Doe"
      class="border border-gray-200 rounded-lg p-4 hover:border-indigo-500 hover:shadow-md transition-all cursor-pointer "
      role="button"
      tabindex="0"
    >
      <div
        class="flex items-start gap-4"
      >
        <div
          class="flex-shrink-0"
        >
          <div
            class="w-12 h-12 rounded-full bg-indigo-100 flex items-center justify-center"
          >
            <svg
              aria-hidden="true"
              class="h-6 w-6 text-indigo-600"
              data-slot="icon"
              fill="none"
              stroke="currentColor"
              stroke-width="1.5"
              viewBox="0 0 24 24"
              xmlns="http://www.w3.org/2000/svg"
            >
              <path
                d="M15.75 6a3.75 3.75 0 1 1-7.5 0 3.75 3.75 0 0 1 7.5 0ZM4.501 20.118a7.5 7.5 0 0 1 14.998 0A17.933 17.933 0 0 1 12 21.75c-2.676 0-5.216-.584-7.499-1.632Z"
                stroke-linecap="round"
                stroke-linejoin="round"
              />
            </svg>
          </div>
        </div>
        <div
          class="flex-1 min-w-0"
        >
          <div
            class="flex items-center gap-2 mb-1"
          >
            <h3
              class="text-base font-semibold text-gray-900 truncate"
            >
              John
               
              Doe
            </h3>
            <span
              class="inline-flex items-center px-2 py-0.5 rounded text-xs font-medium bg-green-100 text-green-800"
            >
              Active
            </span>
          </div>
          <div
            class="flex items-center gap-2 text-sm text-gray-600 mb-2"
          >
            <span
              class="font-mono"
            >
              STU001
            </span>
            <span
              class="text-gray-400"
            >
              έΑλ
            </span>
            <span
              class="text-gray-500"
            >
              full_time
            </span>
          </div>
          <div
            class="flex items-center gap-2 text-sm text-gray-600 mb-2"
          >
            <svg
              aria-hidden="true"
              class="h-4 w-4 text-gray-400"
              data-slot="icon"
              fill="none"
              stroke="currentColor"
              stroke-width="1.5"
              viewBox="0 0 24 24"
              xmlns="http://www.w3.org/2000/svg"
            >
              <path
                d="M21.75 6.75v10.5a2.25 2.25 0 0 1-2.25 2.25h-15a2.25 2.25 0 0 1-2.25-2.25V6.75m19.5 0A2.25 2.25 0 0 0 19.5 4.5h-15a2.25 2.25 0 0 0-2.25 2.25m19.5 0v.243a2.25 2.25 0 0 1-1.07 1.916l-7.5 4.615a2.25 2.25 0 0 1-2.36 0L3.32 8.91a2.25 2.25 0 0 1-1.07-1.916V6.75"
                stroke-linecap="round"
                stroke-linejoin="round"
              />
            </svg>
            <a
              class="hover:text-indigo-600 hover:underline"
              href="mailto:john.doe@example.com"
            >
              john.doe@example.com
            </a>
          </div>
          <div
            class="flex items-start gap-2 text-sm text-gray-600"
          >
            <svg
              aria-hidden="true"
              class="h-4 w-4 text-gray-400 mt-0.5 flex-shrink-0"
              data-slot="icon"
              fill="none"
              stroke="currentColor"
              stroke-width="1.5"
              viewBox="0 0 24 24"
              xmlns="http://www.w3.org/2000/svg"
            >
              <path
                d="M4.26 10.147a60.438 60.438 0 0 0-.491 6.347A48.62 48.62 0 0 1 12 20.904a48.62 48.62 0 0 1 8.232-4.41 60.46 60.46 0 0 0-.491-6.347m-15.482 0a50.636 50.636 0 0 0-2.658-.813A59.906 59.906 0 0 1 12 3.493a59.903 59.903 0 0 1 10.399 5.84c-.896.248-1.783.52-2.658.814m-15.482 0A50.717 50.717 0 0 1 12 13.489a50.702 50.702 0 0 1 7.74-3.342M6.75 15a.75.75 0 1 0 0-1.5.75.75 0 0 0 0 1.5Zm0 0v-3.675A55.378 55.378 0 0 1 12 8.443m-7.007 11.55A5.981 5.981 0 0 0 6.75 15.75v-1.5"
                stroke-linecap="round"
                stroke-linejoin="round"
              />
            </svg>
            <div
              class="flex-1"
            >
              <span
                class="text-gray-500"
              >
                Courses
                :
              </span>
               
              <span
                class="text-gray-700"
              >
                CS101, CS102
              </span>
            </div>
          </div>
          <div
            class="mt-2 text-xs text-gray-400"
          >
            Relevance
            : 
            0.95
          </div>
        </div>
      </div>
    </div>
  </div>
</body>
 έζψ Object.getElementError node_modules/@testing-library/dom/dist/config.js:37:19
 έζψ node_modules/@testing-library/dom/dist/query-helpers.js:76:38
 έζψ node_modules/@testing-library/dom/dist/query-helpers.js:52:17
 έζψ node_modules/@testing-library/dom/dist/query-helpers.js:95:19
 έζψ src/features/advanced-search/__tests__/SearchResults.test.tsx:317:25
    315|     );
    316| 
    317|     const card = screen.getByRole('listitem');
       |                         ^
    318|     fireEvent.keyDown(card, { key: 'Enter' });
    319| 

έΟψέΟψέΟψέΟψέΟψέΟψέΟψέΟψέΟψέΟψέΟψέΟψέΟψέΟψέΟψέΟψέΟψέΟψέΟψέΟψέΟψέΟψέΟψ[3/20]έΟψ

 FAIL  src/features/advanced-search/__tests__/SearchResults.test.tsx > StudentResultCard > calls onClick on Space key
TestingLibraryElementError: Unable to find an accessible element with the role "listitem"

Here are the accessible roles:

  button:

  Name "Student: John Doe":
  <div
    aria-label="Student: John Doe"
    class="border border-gray-200 rounded-lg p-4 hover:border-indigo-500 hover:shadow-md transition-all cursor-pointer "
    role="button"
    tabindex="0"
  />

  --------------------------------------------------
  heading:

  Name "John Doe":
  <h3
    class="text-base font-semibold text-gray-900 truncate"
  />

  --------------------------------------------------
  link:

  Name "john.doe@example.com":
  <a
    class="hover:text-indigo-600 hover:underline"
    href="mailto:john.doe@example.com"
  />

  --------------------------------------------------

Ignored nodes: comments, script, style
<body>
  <div>
    <div
      aria-label="Student: John Doe"
      class="border border-gray-200 rounded-lg p-4 hover:border-indigo-500 hover:shadow-md transition-all cursor-pointer "
      role="button"
      tabindex="0"
    >
      <div
        class="flex items-start gap-4"
      >
        <div
          class="flex-shrink-0"
        >
          <div
            class="w-12 h-12 rounded-full bg-indigo-100 flex items-center justify-center"
          >
            <svg
              aria-hidden="true"
              class="h-6 w-6 text-indigo-600"
              data-slot="icon"
              fill="none"
              stroke="currentColor"
              stroke-width="1.5"
              viewBox="0 0 24 24"
              xmlns="http://www.w3.org/2000/svg"
            >
              <path
                d="M15.75 6a3.75 3.75 0 1 1-7.5 0 3.75 3.75 0 0 1 7.5 0ZM4.501 20.118a7.5 7.5 0 0 1 14.998 0A17.933 17.933 0 0 1 12 21.75c-2.676 0-5.216-.584-7.499-1.632Z"
                stroke-linecap="round"
                stroke-linejoin="round"
              />
            </svg>
          </div>
        </div>
        <div
          class="flex-1 min-w-0"
        >
          <div
            class="flex items-center gap-2 mb-1"
          >
            <h3
              class="text-base font-semibold text-gray-900 truncate"
            >
              John
               
              Doe
            </h3>
            <span
              class="inline-flex items-center px-2 py-0.5 rounded text-xs font-medium bg-green-100 text-green-800"
            >
              Active
            </span>
          </div>
          <div
            class="flex items-center gap-2 text-sm text-gray-600 mb-2"
          >
            <span
              class="font-mono"
            >
              STU001
            </span>
            <span
              class="text-gray-400"
            >
              έΑλ
            </span>
            <span
              class="text-gray-500"
            >
              full_time
            </span>
          </div>
          <div
            class="flex items-center gap-2 text-sm text-gray-600 mb-2"
          >
            <svg
              aria-hidden="true"
              class="h-4 w-4 text-gray-400"
              data-slot="icon"
              fill="none"
              stroke="currentColor"
              stroke-width="1.5"
              viewBox="0 0 24 24"
              xmlns="http://www.w3.org/2000/svg"
            >
              <path
                d="M21.75 6.75v10.5a2.25 2.25 0 0 1-2.25 2.25h-15a2.25 2.25 0 0 1-2.25-2.25V6.75m19.5 0A2.25 2.25 0 0 0 19.5 4.5h-15a2.25 2.25 0 0 0-2.25 2.25m19.5 0v.243a2.25 2.25 0 0 1-1.07 1.916l-7.5 4.615a2.25 2.25 0 0 1-2.36 0L3.32 8.91a2.25 2.25 0 0 1-1.07-1.916V6.75"
                stroke-linecap="round"
                stroke-linejoin="round"
              />
            </svg>
            <a
              class="hover:text-indigo-600 hover:underline"
              href="mailto:john.doe@example.com"
            >
              john.doe@example.com
            </a>
          </div>
          <div
            class="flex items-start gap-2 text-sm text-gray-600"
          >
            <svg
              aria-hidden="true"
              class="h-4 w-4 text-gray-400 mt-0.5 flex-shrink-0"
              data-slot="icon"
              fill="none"
              stroke="currentColor"
              stroke-width="1.5"
              viewBox="0 0 24 24"
              xmlns="http://www.w3.org/2000/svg"
            >
              <path
                d="M4.26 10.147a60.438 60.438 0 0 0-.491 6.347A48.62 48.62 0 0 1 12 20.904a48.62 48.62 0 0 1 8.232-4.41 60.46 60.46 0 0 0-.491-6.347m-15.482 0a50.636 50.636 0 0 0-2.658-.813A59.906 59.906 0 0 1 12 3.493a59.903 59.903 0 0 1 10.399 5.84c-.896.248-1.783.52-2.658.814m-15.482 0A50.717 50.717 0 0 1 12 13.489a50.702 50.702 0 0 1 7.74-3.342M6.75 15a.75.75 0 1 0 0-1.5.75.75 0 0 0 0 1.5Zm0 0v-3.675A55.378 55.378 0 0 1 12 8.443m-7.007 11.55A5.981 5.981 0 0 0 6.75 15.75v-1.5"
                stroke-linecap="round"
                stroke-linejoin="round"
              />
            </svg>
            <div
              class="flex-1"
            >
              <span
                class="text-gray-500"
              >
                Courses
                :
              </span>
               
              <span
                class="text-gray-700"
              >
                CS101, CS102
              </span>
            </div>
          </div>
          <div
            class="mt-2 text-xs text-gray-400"
          >
            Relevance
            : 
            0.95
          </div>
        </div>
      </div>
    </div>
  </div>
</body>
 έζψ Object.getElementError node_modules/@testing-library/dom/dist/config.js:37:19
 έζψ node_modules/@testing-library/dom/dist/query-helpers.js:76:38
 έζψ node_modules/@testing-library/dom/dist/query-helpers.js:52:17
 έζψ node_modules/@testing-library/dom/dist/query-helpers.js:95:19
 έζψ src/features/advanced-search/__tests__/SearchResults.test.tsx:328:25
    326|     );
    327| 
    328|     const card = screen.getByRole('listitem');
       |                         ^
    329|     fireEvent.keyDown(card, { key: ' ' });
    330| 

έΟψέΟψέΟψέΟψέΟψέΟψέΟψέΟψέΟψέΟψέΟψέΟψέΟψέΟψέΟψέΟψέΟψέΟψέΟψέΟψέΟψέΟψέΟψ[4/20]έΟψ

 FAIL  src/features/advanced-search/__tests__/SearchResults.test.tsx > CourseResultCard > calls onClick when card clicked
TestingLibraryElementError: Unable to find an accessible element with the role "listitem"

Here are the accessible roles:

  button:

  Name "Course: CS101 - Introduction to Computer Science":
  <div
    aria-label="Course: CS101 - Introduction to Computer Science"
    class="border border-gray-200 rounded-lg p-4 hover:border-indigo-500 hover:shadow-md transition-all cursor-pointer "
    role="button"
    tabindex="0"
  />

  --------------------------------------------------
  heading:

  Name "Introduction to Computer Science":
  <h3
    class="text-base font-semibold text-gray-900 truncate flex-1"
  />

  --------------------------------------------------
  paragraph:

  Name "":
  <p
    class="text-sm text-gray-600 mb-2 line-clamp-2"
  />

  --------------------------------------------------

Ignored nodes: comments, script, style
<body>
  <div>
    <div
      aria-label="Course: CS101 - Introduction to Computer Science"
      class="border border-gray-200 rounded-lg p-4 hover:border-indigo-500 hover:shadow-md transition-all cursor-pointer "
      role="button"
      tabindex="0"
    >
      <div
        class="flex items-start gap-4"
      >
        <div
          class="flex-shrink-0"
        >
          <div
            class="w-12 h-12 rounded-full bg-blue-100 flex items-center justify-center"
          >
            <svg
              aria-hidden="true"
              class="h-6 w-6 text-blue-600"
              data-slot="icon"
              fill="none"
              stroke="currentColor"
              stroke-width="1.5"
              viewBox="0 0 24 24"
              xmlns="http://www.w3.org/2000/svg"
            >
              <path
                d="M12 6.042A8.967 8.967 0 0 0 6 3.75c-1.052 0-2.062.18-3 .512v14.25A8.987 8.987 0 0 1 6 18c2.305 0 4.408.867 6 2.292m0-14.25a8.966 8.966 0 0 1 6-2.292c1.052 0 2.062.18 3 .512v14.25A8.987 8.987 0 0 0 18 18a8.967 8.967 0 0 0-6 2.292m0-14.25v14.25"
                stroke-linecap="round"
                stroke-linejoin="round"
              />
            </svg>
          </div>
        </div>
        <div
          class="flex-1 min-w-0"
        >
          <div
            class="flex items-center gap-2 mb-1"
          >
            <span
              class="font-mono text-sm font-semibold text-indigo-600"
            >
              CS101
            </span>
            <span
              class="text-gray-400"
            >
              έΑλ
            </span>
            <h3
              class="text-base font-semibold text-gray-900 truncate flex-1"
            >
              Introduction to Computer Science
            </h3>
            <span
              class="inline-flex items-center px-2 py-0.5 rounded text-xs font-medium bg-green-100 text-green-800"
            >
              Active
            </span>
          </div>
          <p
            class="text-sm text-gray-600 mb-2 line-clamp-2"
          >
            Learn the basics of computer science
          </p>
          <div
            class="flex items-center gap-2 text-sm text-gray-600"
          >
            <svg
              aria-hidden="true"
              class="h-4 w-4 text-gray-400"
              data-slot="icon"
              fill="none"
              stroke="currentColor"
              stroke-width="1.5"
              viewBox="0 0 24 24"
              xmlns="http://www.w3.org/2000/svg"
            >
              <path
                d="M17.982 18.725A7.488 7.488 0 0 0 12 15.75a7.488 7.488 0 0 0-5.982 2.975m11.963 0a9 9 0 1 0-11.963 0m11.963 0A8.966 8.966 0 0 1 12 21a8.966 8.966 0 0 1-5.982-2.275M15 9.75a3 3 0 1 1-6 0 3 3 0 0 1 6 0Z"
                stroke-linecap="round"
                stroke-linejoin="round"
              />
            </svg>
            <span
              class="text-gray-500"
            >
              Instructor
              :
            </span>
            <span
              class="text-gray-700"
            >
              Prof. Smith
            </span>
          </div>
          <div
            class="mt-2 text-xs text-gray-400"
          >
            Relevance
            : 
            0.90
          </div>
        </div>
      </div>
    </div>
  </div>
</body>
 έζψ Object.getElementError node_modules/@testing-library/dom/dist/config.js:37:19
 έζψ node_modules/@testing-library/dom/dist/query-helpers.js:76:38
 έζψ node_modules/@testing-library/dom/dist/query-helpers.js:52:17
 έζψ node_modules/@testing-library/dom/dist/query-helpers.js:95:19
 έζψ src/features/advanced-search/__tests__/SearchResults.test.tsx:401:25
    399|     );
    400| 
    401|     const card = screen.getByRole('listitem');
       |                         ^
    402|     fireEvent.click(card);
    403| 

έΟψέΟψέΟψέΟψέΟψέΟψέΟψέΟψέΟψέΟψέΟψέΟψέΟψέΟψέΟψέΟψέΟψέΟψέΟψέΟψέΟψέΟψέΟψ[5/20]έΟψ

 FAIL  src/features/advanced-search/__tests__/SearchResults.test.tsx > GradeResultCard > calls onClick when card clicked
TestingLibraryElementError: Unable to find an accessible element with the role "listitem"

Here are the accessible roles:

  button:

  Name "Grade: John Doe - CS101 - A":
  <div
    aria-label="Grade: John Doe - CS101 - A"
    class="border border-gray-200 rounded-lg p-4 hover:border-indigo-500 hover:shadow-md transition-all cursor-pointer "
    role="button"
    tabindex="0"
  />

  --------------------------------------------------

Ignored nodes: comments, script, style
<body>
  <div>
    <div
      aria-label="Grade: John Doe - CS101 - A"
      class="border border-gray-200 rounded-lg p-4 hover:border-indigo-500 hover:shadow-md transition-all cursor-pointer "
      role="button"
      tabindex="0"
    >
      <div
        class="flex items-start gap-4"
      >
        <div
          class="flex-shrink-0"
        >
          <div
            class="w-12 h-12 rounded-full bg-purple-100 flex items-center justify-center"
          >
            <svg
              aria-hidden="true"
              class="h-6 w-6 text-purple-600"
              data-slot="icon"
              fill="none"
              stroke="currentColor"
              stroke-width="1.5"
              viewBox="0 0 24 24"
              xmlns="http://www.w3.org/2000/svg"
            >
              <path
                d="M3 13.125C3 12.504 3.504 12 4.125 12h2.25c.621 0 1.125.504 1.125 1.125v6.75C7.5 20.496 6.996 21 6.375 21h-2.25A1.125 1.125 0 0 1 3 19.875v-6.75ZM9.75 8.625c0-.621.504-1.125 1.125-1.125h2.25c.621 0 1.125.504 1.125 1.125v11.25c0 .621-.504 1.125-1.125 1.125h-2.25a1.125 1.125 0 0 1-1.125-1.125V8.625ZM16.5 4.125c0-.621.504-1.125 1.125-1.125h2.25C20.496 3 21 3.504 21 4.125v15.75c0 .621-.504 1.125-1.125 1.125h-2.25a1.125 1.125 0 0 1-1.125-1.125V4.125Z"
                stroke-linecap="round"
                stroke-linejoin="round"
              />
            </svg>
          </div>
        </div>
        <div
          class="flex-1 min-w-0"
        >
          <div
            class="flex items-center gap-3 mb-2"
          >
            <span
              class="inline-flex items-center px-3 py-1 rounded-md text-lg font-bold bg-green-100 text-green-800"
            >
              A
            </span>
            <span
              class="text-2xl font-semibold text-gray-700"
            >
              95
              <span
                class="text-sm text-gray-500 ml-1"
              >
                grades.divider
                 100 
                points
              </span>
            </span>
          </div>
          <div
            class="flex items-center gap-2 text-sm text-gray-600 mb-1"
          >
            <svg
              aria-hidden="true"
              class="h-4 w-4 text-gray-400"
              data-slot="icon"
              fill="none"
              stroke="currentColor"
              stroke-width="1.5"
              viewBox="0 0 24 24"
              xmlns="http://www.w3.org/2000/svg"
            >
              <path
                d="M15.75 6a3.75 3.75 0 1 1-7.5 0 3.75 3.75 0 0 1 7.5 0ZM4.501 20.118a7.5 7.5 0 0 1 14.998 0A17.933 17.933 0 0 1 12 21.75c-2.676 0-5.216-.584-7.499-1.632Z"
                stroke-linecap="round"
                stroke-linejoin="round"
              />
            </svg>
            <span
              class="text-gray-500"
            >
              Student
              :
            </span>
            <span
              class="text-gray-700 font-medium"
            >
              John Doe
            </span>
          </div>
          <div
            class="flex items-center gap-2 text-sm text-gray-600"
          >
            <svg
              aria-hidden="true"
              class="h-4 w-4 text-gray-400"
              data-slot="icon"
              fill="none"
              stroke="currentColor"
              stroke-width="1.5"
              viewBox="0 0 24 24"
              xmlns="http://www.w3.org/2000/svg"
            >
              <path
                d="M12 6.042A8.967 8.967 0 0 0 6 3.75c-1.052 0-2.062.18-3 .512v14.25A8.987 8.987 0 0 1 6 18c2.305 0 4.408.867 6 2.292m0-14.25a8.966 8.966 0 0 1 6-2.292c1.052 0 2.062.18 3 .512v14.25A8.987 8.987 0 0 0 18 18a8.967 8.967 0 0 0-6 2.292m0-14.25v14.25"
                stroke-linecap="round"
                stroke-linejoin="round"
              />
            </svg>
            <span
              class="text-gray-500"
            >
              Course
              :
            </span>
            <span
              class="font-mono text-indigo-600 font-medium"
            >
              CS101
            </span>
          </div>
          <div
            class="mt-2 text-xs text-gray-400"
          >
            Relevance
            : 
            0.92
          </div>
        </div>
      </div>
    </div>
  </div>
</body>
 έζψ Object.getElementError node_modules/@testing-library/dom/dist/config.js:37:19
 έζψ node_modules/@testing-library/dom/dist/query-helpers.js:76:38
 έζψ node_modules/@testing-library/dom/dist/query-helpers.js:52:17
 έζψ node_modules/@testing-library/dom/dist/query-helpers.js:95:19
 έζψ src/features/advanced-search/__tests__/SearchResults.test.tsx:470:25
    468|     );
    469| 
    470|     const card = screen.getByRole('listitem');
       |                         ^
    471|     fireEvent.click(card);
    472| 

έΟψέΟψέΟψέΟψέΟψέΟψέΟψέΟψέΟψέΟψέΟψέΟψέΟψέΟψέΟψέΟψέΟψέΟψέΟψέΟψέΟψέΟψέΟψ[6/20]έΟψ

 FAIL  src/features/export-admin/__tests__/ExportAdmin.integration.test.tsx > ExportAdmin integration > renders dashboard with jobs tab
 FAIL  src/features/export-admin/__tests__/ExportAdmin.integration.test.tsx > ExportAdmin integration > switches to schedules tab
 FAIL  src/features/export-admin/__tests__/ExportAdmin.integration.test.tsx > ExportAdmin integration > displays job details correctly
 FAIL  src/features/export-admin/__tests__/ExportAdmin.integration.test.tsx > ExportAdmin integration > allows deleting a job
 FAIL  src/features/export-admin/__tests__/ExportAdmin.integration.test.tsx > ExportAdmin integration > filters job list with search
 FAIL  src/features/export-admin/__tests__/SupportingComponents.test.tsx > EmailConfigPanel > renders email configuration title
 FAIL  src/features/export-admin/__tests__/SupportingComponents.test.tsx > EmailConfigPanel > renders all SMTP form fields
 FAIL  src/features/export-admin/__tests__/SupportingComponents.test.tsx > EmailConfigPanel > renders save and test buttons
 FAIL  src/features/export-admin/__tests__/SupportingComponents.test.tsx > EmailConfigPanel > allows input in form fields
TypeError: Cannot read properties of undefined (reading 'smtp_host')
 έζψ EmailConfigPanel src/features/export-admin/components/index.tsx:147:31

 έζψ Object.react_stack_bottom_frame node_modules/react-dom/cjs/react-dom-client.development.js:25904:20
 έζψ renderWithHooks node_modules/react-dom/cjs/react-dom-client.development.js:7662:22
 έζψ updateFunctionComponent node_modules/react-dom/cjs/react-dom-client.development.js:10166:19
 έζψ beginWork node_modules/react-dom/cjs/react-dom-client.development.js:11778:18
 έζψ runWithFiberInDEV node_modules/react-dom/cjs/react-dom-client.development.js:874:13
 έζψ performUnitOfWork node_modules/react-dom/cjs/react-dom-client.development.js:17641:22
 έζψ workLoopSync node_modules/react-dom/cjs/react-dom-client.development.js:17469:41
 έζψ renderRootSync node_modules/react-dom/cjs/react-dom-client.development.js:17450:11
 έζψ performWorkOnRoot node_modules/react-dom/cjs/react-dom-client.development.js:16583:35

έΟψέΟψέΟψέΟψέΟψέΟψέΟψέΟψέΟψέΟψέΟψέΟψέΟψέΟψέΟψέΟψέΟψέΟψέΟψέΟψέΟψέΟψέΟψ[7/20]έΟψ

 FAIL  src/features/export-admin/__tests__/SupportingComponents.test.tsx > ExportSettingsPanel > renders settings title
 FAIL  src/features/export-admin/__tests__/SupportingComponents.test.tsx > ExportSettingsPanel > renders all settings fields with hints
 FAIL  src/features/export-admin/__tests__/SupportingComponents.test.tsx > ExportSettingsPanel > renders save settings button
 FAIL  src/features/export-admin/__tests__/SupportingComponents.test.tsx > ExportSettingsPanel > accepts numeric input in settings fields
TypeError: Cannot read properties of undefined (reading 'retention_days')
 έζψ ExportSettingsPanel src/features/export-admin/components/index.tsx:284:31
    282|             <Input
    283|               type="number"
    284|               value={formData.retention_days || 30}
       |                               ^
    285|               onChange={(e) =>
    286|                 setFormData({ ...formData, retention_days: parseInt(e.έΑο
 έζψ Object.react_stack_bottom_frame node_modules/react-dom/cjs/react-dom-client.development.js:25904:20
 έζψ renderWithHooks node_modules/react-dom/cjs/react-dom-client.development.js:7662:22
 έζψ updateFunctionComponent node_modules/react-dom/cjs/react-dom-client.development.js:10166:19
 έζψ beginWork node_modules/react-dom/cjs/react-dom-client.development.js:11778:18
 έζψ runWithFiberInDEV node_modules/react-dom/cjs/react-dom-client.development.js:874:13
 έζψ performUnitOfWork node_modules/react-dom/cjs/react-dom-client.development.js:17641:22
 έζψ workLoopSync node_modules/react-dom/cjs/react-dom-client.development.js:17469:41
 έζψ renderRootSync node_modules/react-dom/cjs/react-dom-client.development.js:17450:11
 έζψ performWorkOnRoot node_modules/react-dom/cjs/react-dom-client.development.js:16583:35

έΟψέΟψέΟψέΟψέΟψέΟψέΟψέΟψέΟψέΟψέΟψέΟψέΟψέΟψέΟψέΟψέΟψέΟψέΟψέΟψέΟψέΟψέΟψ[8/20]έΟψ

 FAIL  src/features/export-admin/__tests__/SupportingComponents.test.tsx > PerformanceAnalytics > displays metric values correctly
TestingLibraryElementError: Unable to find an element with the text: 120.50s. This could be because the text is broken up by multiple elements. In this case, you can provide a function for your text matcher to make your matcher more flexible.

Ignored nodes: comments, script, style
<body>
  <div>
    <div
      class="space-y-4"
    >
      <div
        class="grid gap-4 md:grid-cols-3"
      >
        <div
          class="rounded-xl border bg-card text-card-foreground shadow"
        >
          <div
            class="flex flex-col space-y-1.5 p-6 pb-2"
          >
            <div
              class="font-semibold tracking-tight text-sm"
            >
              Avg Duration
            </div>
          </div>
          <div
            class="p-6 pt-0"
          >
            <div
              class="text-2xl font-bold"
            >
              120.50
              detail.seconds
            </div>
          </div>
        </div>
        <div
          class="rounded-xl border bg-card text-card-foreground shadow"
        >
          <div
            class="flex flex-col space-y-1.5 p-6 pb-2"
          >
            <div
              class="font-semibold tracking-tight text-sm"
            >
              Success Rate
            </div>
          </div>
          <div
            class="p-6 pt-0"
          >
            <div
              class="text-2xl font-bold"
            >
              95.7
              %
            </div>
          </div>
        </div>
        <div
          class="rounded-xl border bg-card text-card-foreground shadow"
        >
          <div
            class="flex flex-col space-y-1.5 p-6 pb-2"
          >
            <div
              class="font-semibold tracking-tight text-sm"
            >
              Total Exports
            </div>
          </div>
          <div
            class="p-6 pt-0"
          >
            <div
              class="text-2xl font-bold"
            >
              342
            </div>
          </div>
        </div>
      </div>
      <div
        class="rounded-xl border bg-card text-card-foreground shadow"
      >
        <div
          class="flex flex-col space-y-1.5 p-6"
        >
          <div
            class="font-semibold leading-none tracking-tight"
          >
            Export Format Breakdown
          </div>
        </div>
        <div
          class="p-6 pt-0"
        >
          <div
            class="grid gap-4 md:grid-cols-3"
          >
            <div
              class="rounded-lg border p-4"
            >
              <p
                class="text-sm font-medium capitalize"
              >
                excel
              </p>
              <p
                class="text-2xl font-bold"
              >
                180
              </p>
              <p
                class="text-xs text-muted-foreground"
              >
                96.2
                % 
                success
              </p>
            </div>
            <div
              class="rounded-lg border p-4"
            >
              <p
                class="text-sm font-medium capitalize"
              >
                csv
              </p>
              <p
                class="text-2xl font-bold"
              >
                120
              </p>
              <p
                class="text-xs text-muted-foreground"
              >
                94.1
                % 
                success
              </p>
            </div>
            <div
              class="rounded-lg border p-4"
            >
              <p
                class="text-sm font-medium capitalize"
              >
                pdf
              </p>
              <p
                class="text-2xl font-bold"
              >
                42
              </p>
              <p
                class="text-xs text-muted-foreground"
              >
                92.4
                % 
                success
              </p>
            </div>
          </div>
        </div>
      </div>
    </div>
  </div>
</body>
 έζψ Object.getElementError node_modules/@testing-library/dom/dist/config.js:37:19
 έζψ node_modules/@testing-library/dom/dist/query-helpers.js:76:38
 έζψ node_modules/@testing-library/dom/dist/query-helpers.js:52:17
 έζψ node_modules/@testing-library/dom/dist/query-helpers.js:95:19
 έζψ src/features/export-admin/__tests__/SupportingComponents.test.tsx:312:19
    310|     renderWithProviders(<PerformanceAnalytics metrics={mockMetrics} />έΑο
    311| 
    312|     expect(screen.getByText('120.50s')).toBeInTheDocument();
       |                   ^
    313|     expect(screen.getByText('95.7%')).toBeInTheDocument();
    314|     expect(screen.getByText('342')).toBeInTheDocument();

έΟψέΟψέΟψέΟψέΟψέΟψέΟψέΟψέΟψέΟψέΟψέΟψέΟψέΟψέΟψέΟψέΟψέΟψέΟψέΟψέΟψέΟψέΟψ[9/20]έΟψ


[2m Test Files [22m [1m[31m4 failed[39m[22m[2m | [22m[1m[32m3 passed[39m[22m[90m (99)[39m
[2m      Tests [22m [1m[31m20 failed[39m[22m[2m | [22m[1m[32m138 passed[39m[22m[90m (204)[39m
[2m   Start at [22m 09:40:41
[2m   Duration [22m 13.57s[2m (transform 3.04s, setup 4.11s, import 9.01s, tests 17.97s, environment 9.08s)[22m

[1m[41m FAIL [49m[22m [31mTests failed. Watching for file changes...[39m
       [2mpress [22m[1mh[22m[2m to show help[22m[2m, [22m[2mpress [22m[1mq[22m[2m to quit[22m
